###############################################################################
#
# IAR ELF Linker V8.32.3.193/W32 for ARM                  08/Aug/2025  16:48:06
# Copyright 2007-2019 IAR Systems AB.
#
#    Output file  =  
#        D:\SourceRespo\IAR_SRC_WS\RemoteIO\Switch_48LQFP\Exe\RemoteIO.out
#    Map file     =  
#        D:\SourceRespo\IAR_SRC_WS\RemoteIO\Switch_48LQFP\List\RemoteIO.map
#    Command line =  
#        -f C:\Users\jjyeh\AppData\Local\Temp\EW61B.tmp
#        (D:\SourceRespo\IAR_SRC_WS\RemoteIO\Switch_48LQFP\Obj\adxl355_dev.o
#        D:\SourceRespo\IAR_SRC_WS\RemoteIO\Switch_48LQFP\Obj\app_receiver_main.o
#        D:\SourceRespo\IAR_SRC_WS\RemoteIO\Switch_48LQFP\Obj\at32_flash.o
#        D:\SourceRespo\IAR_SRC_WS\RemoteIO\Switch_48LQFP\Obj\at32f4xx_flash.o
#        D:\SourceRespo\IAR_SRC_WS\RemoteIO\Switch_48LQFP\Obj\bc3601.o
#        D:\SourceRespo\IAR_SRC_WS\RemoteIO\Switch_48LQFP\Obj\bmi160.o
#        D:\SourceRespo\IAR_SRC_WS\RemoteIO\Switch_48LQFP\Obj\board.o
#        D:\SourceRespo\IAR_SRC_WS\RemoteIO\Switch_48LQFP\Obj\chcond.o
#        D:\SourceRespo\IAR_SRC_WS\RemoteIO\Switch_48LQFP\Obj\chcore.o
#        D:\SourceRespo\IAR_SRC_WS\RemoteIO\Switch_48LQFP\Obj\chcore_v7m.o
#        D:\SourceRespo\IAR_SRC_WS\RemoteIO\Switch_48LQFP\Obj\chcoreasm_v7m.o
#        D:\SourceRespo\IAR_SRC_WS\RemoteIO\Switch_48LQFP\Obj\chdebug.o
#        D:\SourceRespo\IAR_SRC_WS\RemoteIO\Switch_48LQFP\Obj\chdelegates.o
#        D:\SourceRespo\IAR_SRC_WS\RemoteIO\Switch_48LQFP\Obj\chdynamic.o
#        D:\SourceRespo\IAR_SRC_WS\RemoteIO\Switch_48LQFP\Obj\chevents.o
#        D:\SourceRespo\IAR_SRC_WS\RemoteIO\Switch_48LQFP\Obj\chfactory.o
#        D:\SourceRespo\IAR_SRC_WS\RemoteIO\Switch_48LQFP\Obj\chmboxes.o
#        D:\SourceRespo\IAR_SRC_WS\RemoteIO\Switch_48LQFP\Obj\chmemcore.o
#        D:\SourceRespo\IAR_SRC_WS\RemoteIO\Switch_48LQFP\Obj\chmemheaps.o
#        D:\SourceRespo\IAR_SRC_WS\RemoteIO\Switch_48LQFP\Obj\chmempools.o
#        D:\SourceRespo\IAR_SRC_WS\RemoteIO\Switch_48LQFP\Obj\chmsg.o
#        D:\SourceRespo\IAR_SRC_WS\RemoteIO\Switch_48LQFP\Obj\chmtx.o
#        D:\SourceRespo\IAR_SRC_WS\RemoteIO\Switch_48LQFP\Obj\chobjcaches.o
#        D:\SourceRespo\IAR_SRC_WS\RemoteIO\Switch_48LQFP\Obj\chpipes.o
#        D:\SourceRespo\IAR_SRC_WS\RemoteIO\Switch_48LQFP\Obj\chprintf.o
#        D:\SourceRespo\IAR_SRC_WS\RemoteIO\Switch_48LQFP\Obj\chregistry.o
#        D:\SourceRespo\IAR_SRC_WS\RemoteIO\Switch_48LQFP\Obj\chschd.o
#        D:\SourceRespo\IAR_SRC_WS\RemoteIO\Switch_48LQFP\Obj\chsem.o
#        D:\SourceRespo\IAR_SRC_WS\RemoteIO\Switch_48LQFP\Obj\chstats.o
#        D:\SourceRespo\IAR_SRC_WS\RemoteIO\Switch_48LQFP\Obj\chsys.o
#        D:\SourceRespo\IAR_SRC_WS\RemoteIO\Switch_48LQFP\Obj\chthreads.o
#        D:\SourceRespo\IAR_SRC_WS\RemoteIO\Switch_48LQFP\Obj\chtm.o
#        D:\SourceRespo\IAR_SRC_WS\RemoteIO\Switch_48LQFP\Obj\chtrace.o
#        D:\SourceRespo\IAR_SRC_WS\RemoteIO\Switch_48LQFP\Obj\chvt.o
#        D:\SourceRespo\IAR_SRC_WS\RemoteIO\Switch_48LQFP\Obj\cmsis_os.o
#        D:\SourceRespo\IAR_SRC_WS\RemoteIO\Switch_48LQFP\Obj\cstartup.o
#        D:\SourceRespo\IAR_SRC_WS\RemoteIO\Switch_48LQFP\Obj\dev_bc3601.o
#        D:\SourceRespo\IAR_SRC_WS\RemoteIO\Switch_48LQFP\Obj\evtimer.o
#        D:\SourceRespo\IAR_SRC_WS\RemoteIO\Switch_48LQFP\Obj\hal.o
#        D:\SourceRespo\IAR_SRC_WS\RemoteIO\Switch_48LQFP\Obj\hal_adc.o
#        D:\SourceRespo\IAR_SRC_WS\RemoteIO\Switch_48LQFP\Obj\hal_adc_lld.o
#        D:\SourceRespo\IAR_SRC_WS\RemoteIO\Switch_48LQFP\Obj\hal_buffers.o
#        D:\SourceRespo\IAR_SRC_WS\RemoteIO\Switch_48LQFP\Obj\hal_can.o
#        D:\SourceRespo\IAR_SRC_WS\RemoteIO\Switch_48LQFP\Obj\hal_can_lld.o
#        D:\SourceRespo\IAR_SRC_WS\RemoteIO\Switch_48LQFP\Obj\hal_crypto.o
#        D:\SourceRespo\IAR_SRC_WS\RemoteIO\Switch_48LQFP\Obj\hal_dac.o
#        D:\SourceRespo\IAR_SRC_WS\RemoteIO\Switch_48LQFP\Obj\hal_efl.o
#        D:\SourceRespo\IAR_SRC_WS\RemoteIO\Switch_48LQFP\Obj\hal_efl_lld.o
#        D:\SourceRespo\IAR_SRC_WS\RemoteIO\Switch_48LQFP\Obj\hal_flash.o
#        D:\SourceRespo\IAR_SRC_WS\RemoteIO\Switch_48LQFP\Obj\hal_gpt.o
#        D:\SourceRespo\IAR_SRC_WS\RemoteIO\Switch_48LQFP\Obj\hal_gpt_lld.o
#        D:\SourceRespo\IAR_SRC_WS\RemoteIO\Switch_48LQFP\Obj\hal_i2c.o
#        D:\SourceRespo\IAR_SRC_WS\RemoteIO\Switch_48LQFP\Obj\hal_i2c_lld.o
#        D:\SourceRespo\IAR_SRC_WS\RemoteIO\Switch_48LQFP\Obj\hal_i2s.o
#        D:\SourceRespo\IAR_SRC_WS\RemoteIO\Switch_48LQFP\Obj\hal_i2s_lld.o
#        D:\SourceRespo\IAR_SRC_WS\RemoteIO\Switch_48LQFP\Obj\hal_icu.o
#        D:\SourceRespo\IAR_SRC_WS\RemoteIO\Switch_48LQFP\Obj\hal_icu_lld.o
#        D:\SourceRespo\IAR_SRC_WS\RemoteIO\Switch_48LQFP\Obj\hal_lld.o
#        D:\SourceRespo\IAR_SRC_WS\RemoteIO\Switch_48LQFP\Obj\hal_mac.o
#        D:\SourceRespo\IAR_SRC_WS\RemoteIO\Switch_48LQFP\Obj\hal_mmc_spi.o
#        D:\SourceRespo\IAR_SRC_WS\RemoteIO\Switch_48LQFP\Obj\hal_mmcsd.o
#        D:\SourceRespo\IAR_SRC_WS\RemoteIO\Switch_48LQFP\Obj\hal_pal.o
#        D:\SourceRespo\IAR_SRC_WS\RemoteIO\Switch_48LQFP\Obj\hal_pal_lld.o
#        D:\SourceRespo\IAR_SRC_WS\RemoteIO\Switch_48LQFP\Obj\hal_pwm.o
#        D:\SourceRespo\IAR_SRC_WS\RemoteIO\Switch_48LQFP\Obj\hal_pwm_lld.o
#        D:\SourceRespo\IAR_SRC_WS\RemoteIO\Switch_48LQFP\Obj\hal_queues.o
#        D:\SourceRespo\IAR_SRC_WS\RemoteIO\Switch_48LQFP\Obj\hal_rtc.o
#        D:\SourceRespo\IAR_SRC_WS\RemoteIO\Switch_48LQFP\Obj\hal_rtc_lld.o
#        D:\SourceRespo\IAR_SRC_WS\RemoteIO\Switch_48LQFP\Obj\hal_sdc.o
#        D:\SourceRespo\IAR_SRC_WS\RemoteIO\Switch_48LQFP\Obj\hal_serial.o
#        D:\SourceRespo\IAR_SRC_WS\RemoteIO\Switch_48LQFP\Obj\hal_serial_lld.o
#        D:\SourceRespo\IAR_SRC_WS\RemoteIO\Switch_48LQFP\Obj\hal_serial_usb.o
#        D:\SourceRespo\IAR_SRC_WS\RemoteIO\Switch_48LQFP\Obj\hal_sio.o
#        D:\SourceRespo\IAR_SRC_WS\RemoteIO\Switch_48LQFP\Obj\hal_spi.o
#        D:\SourceRespo\IAR_SRC_WS\RemoteIO\Switch_48LQFP\Obj\hal_spi_lld.o
#        D:\SourceRespo\IAR_SRC_WS\RemoteIO\Switch_48LQFP\Obj\hal_st.o
#        D:\SourceRespo\IAR_SRC_WS\RemoteIO\Switch_48LQFP\Obj\hal_st_lld.o
#        D:\SourceRespo\IAR_SRC_WS\RemoteIO\Switch_48LQFP\Obj\hal_trng.o
#        D:\SourceRespo\IAR_SRC_WS\RemoteIO\Switch_48LQFP\Obj\hal_uart.o
#        D:\SourceRespo\IAR_SRC_WS\RemoteIO\Switch_48LQFP\Obj\hal_uart_lld.o
#        D:\SourceRespo\IAR_SRC_WS\RemoteIO\Switch_48LQFP\Obj\hal_usb.o
#        D:\SourceRespo\IAR_SRC_WS\RemoteIO\Switch_48LQFP\Obj\hal_usb_lld.o
#        D:\SourceRespo\IAR_SRC_WS\RemoteIO\Switch_48LQFP\Obj\hal_wdg.o
#        D:\SourceRespo\IAR_SRC_WS\RemoteIO\Switch_48LQFP\Obj\hal_wspi.o
#        D:\SourceRespo\IAR_SRC_WS\RemoteIO\Switch_48LQFP\Obj\memstreams.o
#        D:\SourceRespo\IAR_SRC_WS\RemoteIO\Switch_48LQFP\Obj\nullstreams.o
#        D:\SourceRespo\IAR_SRC_WS\RemoteIO\Switch_48LQFP\Obj\nvic.o
#        D:\SourceRespo\IAR_SRC_WS\RemoteIO\Switch_48LQFP\Obj\nvm.o
#        D:\SourceRespo\IAR_SRC_WS\RemoteIO\Switch_48LQFP\Obj\osal.o
#        D:\SourceRespo\IAR_SRC_WS\RemoteIO\Switch_48LQFP\Obj\rf_tasks.o
#        D:\SourceRespo\IAR_SRC_WS\RemoteIO\Switch_48LQFP\Obj\shell.o
#        D:\SourceRespo\IAR_SRC_WS\RemoteIO\Switch_48LQFP\Obj\shell_cmd.o
#        D:\SourceRespo\IAR_SRC_WS\RemoteIO\Switch_48LQFP\Obj\shell_cmd_menu.o
#        D:\SourceRespo\IAR_SRC_WS\RemoteIO\Switch_48LQFP\Obj\shell_command.o
#        D:\SourceRespo\IAR_SRC_WS\RemoteIO\Switch_48LQFP\Obj\stepper.o
#        D:\SourceRespo\IAR_SRC_WS\RemoteIO\Switch_48LQFP\Obj\stepper_task.o
#        D:\SourceRespo\IAR_SRC_WS\RemoteIO\Switch_48LQFP\Obj\stm32_dma.o
#        D:\SourceRespo\IAR_SRC_WS\RemoteIO\Switch_48LQFP\Obj\stm32_isr.o
#        D:\SourceRespo\IAR_SRC_WS\RemoteIO\Switch_48LQFP\Obj\usbcdc_task.o
#        D:\SourceRespo\IAR_SRC_WS\RemoteIO\Switch_48LQFP\Obj\usbcfg.o
#        D:\SourceRespo\IAR_SRC_WS\RemoteIO\Switch_48LQFP\Obj\vectors.o
#        --no_out_extension -o
#        D:\SourceRespo\IAR_SRC_WS\RemoteIO\Switch_48LQFP\Exe\RemoteIO.out
#        --map
#        D:\SourceRespo\IAR_SRC_WS\RemoteIO\Switch_48LQFP\List\RemoteIO.map
#        --config D:\SourceRespo\IAR_SRC_WS\RemoteIO\ch_at32.icf --semihosting
#        --entry __iar_program_start --vfe --text_out locale)
#
###############################################################################

*******************************************************************************
*** RUNTIME MODEL ATTRIBUTES
***

CppFlavor       = *
__SystemLibrary = DLib
__dlib_version  = 6


*******************************************************************************
*** HEAP SELECTION
***

The basic heap was selected because no calls to memory allocation
functions were found in the application outside of system library
functions, and there are calls to deallocation functions in the
application.


*******************************************************************************
*** PLACEMENT SUMMARY
***

"A0":  place at 0x800'0000 { section .intvec };
"P1":  place in [from 0x800'0000 to 0x803'ffff] { ro };
define block IRQSTACK with size = 1K, alignment = 8 { };
"A1":  place at start of [from 0x2000'0000 to 0x2000'7fff] { block IRQSTACK };
define block DATABSS with alignment = 8 { rw, zi };
"P2":  place in [from 0x2000'0000 to 0x2000'7fff] { block DATABSS };
define block HEAP with size = 4K, alignment = 8 { };
"P3":  place in [from 0x2000'0000 to 0x2000'7fff] { block HEAP };
define block SYSHEAP with alignment = 8 { section SYSHEAP };
"P4":  place in [from 0x2000'0000 to 0x2000'7fff] { block SYSHEAP };
define block CSTACK with size = 4K, alignment = 8 { section CSTACK };
"A2":  place at end of [from 0x2000'0000 to 0x2000'7fff] { block CSTACK };
initialize by copy { rw };
keep { section .intvec };

No sections matched the following patterns:

  section CSTACK  in block CSTACK


  Section            Kind         Address    Size  Object
  -------            ----         -------    ----  ------
"A0":                                       0x180
  .intvec            ro code   0x800'0000   0x180  vectors.o [1]
                             - 0x800'0180   0x180

"P1":                                      0x902f
  .text              ro code   0x800'0180   0xa78  rf_tasks.o [1]
  .text              ro code   0x800'0bf8    0x68  hal_st.o [1]
  .text              ro code   0x800'0c60   0x160  nvm.o [1]
  .text              ro code   0x800'0dc0   0x22a  bc3601.o [1]
  .text              ro code   0x800'0fea    0x7a  lz77_init_single.o [4]
  .text              ro code   0x800'1064   0x118  chevents.o [1]
  .text              ro code   0x800'117c   0x846  dev_bc3601.o [1]
  .text              ro code   0x800'19c2     0xc  memcpy.o [4]
  .text              ro code   0x800'19ce    0x3a  zero_init3.o [4]
  .text              ro code   0x800'1a08   0x230  I64DivMod.o [4]
  .text              ro code   0x800'1c38   0x36a  chthreads.o [1]
  .rodata            const     0x800'1fa2     0x2  hal_spi_lld.o [1]
  .text              ro code   0x800'1fa4    0x48  FltToDbl.o [3]
  .text              ro code   0x800'1fec    0x9a  chregistry.o [1]
  .rodata            const     0x800'2086     0x2  hal_usb.o [1]
  .text              ro code   0x800'2088    0xe6  hal_st_lld.o [1]
  .rodata            const     0x800'216e     0x2  hal_usb.o [1]
  .text              ro code   0x800'2170    0x90  chstats.o [1]
  .text              ro code   0x800'2200   0x186  at32_flash.o [1]
  .text              ro code   0x800'2386   0x10a  hal_spi.o [1]
  .text              ro code   0x800'2490   0x12c  hal_pal_lld.o [1]
  .text              ro code   0x800'25bc   0x29c  chschd.o [1]
  .text              ro code   0x800'2858    0xa6  ABImemcpy.o [4]
  .rodata            const     0x800'28fe     0x2  hal_usb.o [1]
  .text              ro code   0x800'2900     0x2  I64DivZer.o [4]
  .text              ro code   0x800'2902     0x2  vectors.o [1]
  .text              ro code   0x800'2904    0xbc  chtm.o [1]
  .text              ro code   0x800'29c0    0xf0  chmemheaps.o [1]
  .text              ro code   0x800'2ab0    0x4c  chmempools.o [1]
  .text              ro code   0x800'2afc    0x12  strcmp.o [4]
  .text              ro code   0x800'2b10   0x17c  chsys.o [1]
  .text              ro code   0x800'2c8c   0x108  chcore_v7m.o [1]
  .text              ro code   0x800'2d94    0x58  nvic.o [1]
  .text              ro code   0x800'2dec   0x224  at32f4xx_flash.o [1]
  .text              ro code   0x800'3010   0x174  chmtx.o [1]
  .text              ro code   0x800'3184   0x31c  hal_spi_lld.o [1]
  .text              ro code   0x800'34a0    0x3e  chcoreasm_v7m.o [1]
  .text              ro code   0x800'34e0   0x1a8  chvt.o [1]
  .text              ro code   0x800'3688    0x8c  chmemcore.o [1]
  .text              ro code   0x800'3714    0x78  chfactory.o [1]
  .text              ro code   0x800'378c   0x278  stm32_dma.o [1]
  .text              ro code   0x800'3a04   0x75a  hal_usb.o [1]
  .text              ro code   0x800'4160   0x678  hal_usb_lld.o [1]
  .text              ro code   0x800'47d8    0x66  ABImemset.o [4]
  .text              ro code   0x800'4840   0x4f8  app_receiver_main.o [1]
  .text              ro code   0x800'4d38   0x3c4  stepper.o [1]
  .text              ro code   0x800'50fc    0x38  hal.o [1]
  .text              ro code   0x800'5134   0x124  usbcdc_task.o [1]
  .text              ro code   0x800'5258    0xac  hal_adc.o [1]
  .text              ro code   0x800'5304   0x194  stepper_task.o [1]
  .text              ro code   0x800'5498    0xe4  hal_lld.o [1]
  .text              ro code   0x800'557c    0x7e  hal_gpt.o [1]
  .text              ro code   0x800'55fc   0x100  hal_serial.o [1]
  .text              ro code   0x800'56fc   0x45c  hal_serial_usb.o [1]
  .text              ro code   0x800'5b58     0xa  board.o [1]
  .text              ro code   0x800'5b64   0x2e4  shell.o [1]
  .text              ro code   0x800'5e48   0x276  hal_adc_lld.o [1]
  .text              ro code   0x800'60c0   0x22c  stm32_isr.o [1]
  .text              ro code   0x800'62ec   0x190  hal_gpt_lld.o [1]
  .text              ro code   0x800'647c   0x386  hal_queues.o [1]
  .text              ro code   0x800'6804   0x178  hal_serial_lld.o [1]
  .text              ro code   0x800'697c   0x4c4  hal_buffers.o [1]
  .text              ro code   0x800'6e40    0x22  strspn.o [2]
  .text              ro code   0x800'6e62    0x28  strpbrk.o [2]
  .text              ro code   0x800'6e8c   0x390  chprintf.o [1]
  .text              ro code   0x800'721c   0x380  strto32.o [3]
  .text              ro code   0x800'759c    0x48  frexpf.o [3]
  .text              ro code   0x800'75e4    0xc4  ldexpf.o [3]
  .text              ro code   0x800'76a8   0x120  iar_Stopfx.o [2]
  .text              ro code   0x800'77c8   0x1c4  iar_Stoflt.o [2]
  .text              ro code   0x800'798c   0x214  iar_Stoxflt.o [2]
  .text              ro code   0x800'7ba0    0x58  memchr.o [4]
  .text              ro code   0x800'7bf8   0x28c  shell_command.o [1]
  .text              ro code   0x800'7e84    0x28  strncmp.o [2]
  .text              ro code   0x800'7eac    0x82  iar_Stolx.o [2]
  .text              ro code   0x800'7f30    0x1a  U32ToDbl.o [3]
  .text              ro code   0x800'7f4c   0x246  DblDiv.o [3]
  .text              ro code   0x800'8194    0x68  DblToFlt.o [3]
  .text              ro code   0x800'81fc   0x144  iar_Stoulx.o [2]
  .text              ro code   0x800'8340   0x248  shell_cmd.o [1]
  .text              ro code   0x800'8588    0xec  usbcfg.o [1]
  .rodata            const     0x800'8674    0xb0  stm32_dma.o [1]
  .text              ro code   0x800'8724    0x90  cstartup.o [1]
  .text              ro code   0x800'87b4    0x22  fpinit_M.o [3]
  .text              ro code   0x800'87d8    0x1e  cmain.o [4]
  .text              ro code   0x800'87f6     0x4  low_level_init.o [2]
  .text              ro code   0x800'87fc    0x28  data_init.o [4]
  .text              ro code   0x800'8824     0x4  exit.o [2]
  .text              ro code   0x800'8828     0xa  cexit.o [4]
  .text              ro code   0x800'8834    0x14  exit.o [5]
  .rodata            const     0x800'8848    0x50  iar_Stoulx.o [2]
  .rodata            const     0x800'8898    0x48  app_receiver_main.o [1]
  .rodata            const     0x800'88e0    0x44  usbcfg.o [1]
  .rodata            const     0x800'8924    0x40  shell_cmd.o [1]
  .rodata            const     0x800'8964    0x3c  board.o [1]
  .rodata            const     0x800'89a0    0x38  shell_cmd.o [1]
  .rodata            const     0x800'89d8    0x38  usbcfg.o [1]
  .rodata            const     0x800'8a10    0x2c  shell_cmd.o [1]
  .rodata            const     0x800'8a3c    0x28  app_receiver_main.o [1]
  .rodata            const     0x800'8a64    0x28  hal_serial.o [1]
  .rodata            const     0x800'8a8c    0x28  hal_serial_usb.o [1]
  .rodata            const     0x800'8ab4    0x28  shell_cmd.o [1]
  .rodata            const     0x800'8adc    0x28  usbcfg.o [1]
  .rodata            const     0x800'8b04    0x24  hal_usb_lld.o [1]
  .rodata            const     0x800'8b28    0x24  usbcfg.o [1]
  .rodata            const     0x800'8b4c    0x24  usbcfg.o [1]
  .iar.init_table    const     0x800'8b70    0x20  - Linker created -
  .rodata            const     0x800'8b90    0x20  shell_cmd.o [1]
  .rodata            const     0x800'8bb0    0x20  shell_cmd.o [1]
  .rodata            const     0x800'8bd0    0x20  shell_cmd.o [1]
  .rodata            const     0x800'8bf0    0x20  shell_command.o [1]
  .rodata            const     0x800'8c10    0x20  usbcfg.o [1]
  .rodata            const     0x800'8c30    0x18  chregistry.o [1]
  .rodata            const     0x800'8c48    0x18  chsys.o [1]
  .rodata            const     0x800'8c60    0x18  shell.o [1]
  .rodata            const     0x800'8c78    0x18  shell_cmd.o [1]
  .rodata            const     0x800'8c90    0x18  shell_cmd.o [1]
  .rodata            const     0x800'8ca8    0x18  shell_cmd.o [1]
  .rodata            const     0x800'8cc0    0x14  hal_pal_lld.o [1]
  .rodata            const     0x800'8cd4    0x14  rf_tasks.o [1]
  .rodata            const     0x800'8ce8    0x14  shell_cmd.o [1]
  .rodata            const     0x800'8cfc    0x14  shell_cmd.o [1]
  .rodata            const     0x800'8d10    0x14  shell_cmd.o [1]
  .rodata            const     0x800'8d24    0x14  shell_cmd.o [1]
  .rodata            const     0x800'8d38    0x14  shell_cmd.o [1]
  .rodata            const     0x800'8d4c    0x14  shell_cmd.o [1]
  .rodata            const     0x800'8d60    0x14  shell_cmd.o [1]
  .rodata            const     0x800'8d74    0x14  usbcfg.o [1]
  .rodata            const     0x800'8d88    0x10  chschd.o [1]
  .rodata            const     0x800'8d98    0x10  shell.o [1]
  .rodata            const     0x800'8da8    0x10  shell_cmd.o [1]
  .rodata            const     0x800'8db8    0x10  usbcfg.o [1]
  .rodata            const     0x800'8dc8     0xc  hal_spi_lld.o [1]
  .rodata            const     0x800'8dd4     0xc  shell.o [1]
  .rodata            const     0x800'8de0     0xc  shell_cmd.o [1]
  .rodata            const     0x800'8dec     0xc  shell_cmd.o [1]
  .rodata            const     0x800'8df8     0xc  shell_cmd.o [1]
  .rodata            const     0x800'8e04     0xc  shell_cmd.o [1]
  .rodata            const     0x800'8e10     0xc  shell_cmd.o [1]
  .rodata            const     0x800'8e1c     0xc  shell_cmd.o [1]
  .rodata            const     0x800'8e28     0xc  shell_cmd.o [1]
  .rodata            const     0x800'8e34     0xc  shell_cmd.o [1]
  .rodata            const     0x800'8e40     0xc  shell_cmd.o [1]
  .rodata            const     0x800'8e4c     0xc  shell_command.o [1]
  .rodata            const     0x800'8e58     0xc  shell_command.o [1]
  .rodata            const     0x800'8e64     0xc  shell_command.o [1]
  .rodata            const     0x800'8e70     0xc  shell_command.o [1]
  .rodata            const     0x800'8e7c     0xc  shell_command.o [1]
  .rodata            const     0x800'8e88     0xc  shell_command.o [1]
  .rodata            const     0x800'8e94     0x8  app_receiver_main.o [1]
  .rodata            const     0x800'8e9c     0x8  app_receiver_main.o [1]
  .rodata            const     0x800'8ea4     0x8  app_receiver_main.o [1]
  .rodata            const     0x800'8eac     0x8  app_receiver_main.o [1]
  .rodata            const     0x800'8eb4     0x8  app_receiver_main.o [1]
  .rodata            const     0x800'8ebc     0x8  app_receiver_main.o [1]
  .rodata            const     0x800'8ec4     0x8  app_receiver_main.o [1]
  .rodata            const     0x800'8ecc     0x8  app_receiver_main.o [1]
  .rodata            const     0x800'8ed4     0x8  app_receiver_main.o [1]
  .rodata            const     0x800'8edc     0x8  chprintf.o [1]
  .rodata            const     0x800'8ee4     0x8  chsys.o [1]
  .rodata            const     0x800'8eec     0x8  chthreads.o [1]
  .rodata            const     0x800'8ef4     0x8  dev_bc3601.o [1]
  .rodata            const     0x800'8efc     0x8  rf_tasks.o [1]
  .rodata            const     0x800'8f04     0x8  shell.o [1]
  .rodata            const     0x800'8f0c     0x8  shell.o [1]
  .rodata            const     0x800'8f14     0x8  shell.o [1]
  .rodata            const     0x800'8f1c     0x8  shell.o [1]
  .rodata            const     0x800'8f24     0x8  shell_cmd.o [1]
  .rodata            const     0x800'8f2c     0x8  shell_cmd.o [1]
  .rodata            const     0x800'8f34     0x8  shell_cmd.o [1]
  .rodata            const     0x800'8f3c     0x8  shell_cmd.o [1]
  .rodata            const     0x800'8f44     0x8  shell_cmd.o [1]
  .rodata            const     0x800'8f4c     0x8  shell_cmd.o [1]
  .rodata            const     0x800'8f54     0x8  shell_cmd.o [1]
  .rodata            const     0x800'8f5c     0x8  shell_cmd.o [1]
  .rodata            const     0x800'8f64     0x8  shell_cmd.o [1]
  .rodata            const     0x800'8f6c     0x8  shell_cmd.o [1]
  .rodata            const     0x800'8f74     0x8  shell_cmd.o [1]
  .rodata            const     0x800'8f7c     0x8  shell_cmd.o [1]
  .rodata            const     0x800'8f84     0x8  shell_cmd.o [1]
  .rodata            const     0x800'8f8c     0x8  shell_cmd.o [1]
  .rodata            const     0x800'8f94     0x8  shell_cmd.o [1]
  .rodata            const     0x800'8f9c     0x8  shell_cmd.o [1]
  .rodata            const     0x800'8fa4     0x8  shell_cmd.o [1]
  .rodata            const     0x800'8fac     0x8  shell_cmd.o [1]
  .rodata            const     0x800'8fb4     0x8  shell_cmd.o [1]
  .rodata            const     0x800'8fbc     0x8  shell_cmd.o [1]
  .rodata            const     0x800'8fc4     0x8  shell_cmd.o [1]
  .rodata            const     0x800'8fcc     0x8  stepper_task.o [1]
  .rodata            const     0x800'8fd4     0x8  usbcfg.o [1]
  .rodata            const     0x800'8fdc     0x8  usbcfg.o [1]
  .rodata            const     0x800'8fe4     0x8  usbcfg.o [1]
  .rodata            const     0x800'8fec     0x8  usbcfg.o [1]
  .rodata            const     0x800'8ff4     0x4  app_receiver_main.o [1]
  .rodata            const     0x800'8ff8     0x4  shell_cmd.o [1]
  .rodata            const     0x800'8ffc     0x4  usbcfg.o [1]
  .rodata            const     0x800'9000     0x0  zero_init3.o [4]
  .rodata            const     0x800'9000     0x0  lz77_init_single.o [4]
  Initializer bytes  const     0x800'9000   0x1af  <for DATABSS-1>
                             - 0x800'91af  0x902f

"A1":                                       0x400
  IRQSTACK                    0x2000'0000   0x400  <Block>
    IRQSTACK         uninit   0x2000'0000   0x400  <Block tail>
                            - 0x2000'0400   0x400

"P2-P4":                                   0x4d28
  DATABSS                     0x2000'0400  0x4d24  <Block>
    HEAP             rw data  0x2000'0400     0x0  cstartup.o [1]
    DATABSS-1                 0x2000'0400   0x2e8  <Init block>
      .data          inited   0x2000'0400    0x50  app_receiver_main.o [1]
      .data          inited   0x2000'0450    0x70  app_receiver_main.o [1]
      .data          inited   0x2000'04c0    0x1c  dev_bc3601.o [1]
      .data          inited   0x2000'04dc     0x4  dev_bc3601.o [1]
      .data          inited   0x2000'04e0     0x4  dev_bc3601.o [1]
      .data          inited   0x2000'04e4    0x40  dev_bc3601.o [1]
      .data          inited   0x2000'0524     0x8  dev_bc3601.o [1]
      .data          inited   0x2000'052c    0x38  dev_bc3601.o [1]
      .data          inited   0x2000'0564    0x38  dev_bc3601.o [1]
      .data          inited   0x2000'059c    0x8c  dev_bc3601.o [1]
      .data          inited   0x2000'0628     0x8  hal_serial_usb.o [1]
      .data          inited   0x2000'0630    0x10  rf_tasks.o [1]
      .data          inited   0x2000'0640    0x40  shell_cmd.o [1]
      .data          inited   0x2000'0680    0x10  stepper_task.o [1]
      .data          inited   0x2000'0690    0x10  stepper_task.o [1]
      .data          inited   0x2000'06a0    0x48  stepper_task.o [1]
    .bss             zero     0x2000'06e8    0xd0  chschd.o [1]
    .bss             zero     0x2000'07b8   0x180  chsys.o [1]
    .bss             zero     0x2000'0938  0x1170  rf_tasks.o [1]
    .bss             zero     0x2000'1aa8   0x570  rf_tasks.o [1]
    .bss             zero     0x2000'2018   0x570  rf_tasks.o [1]
    .bss             zero     0x2000'2588   0x570  rf_tasks.o [1]
    .bss             zero     0x2000'2af8   0x570  rf_tasks.o [1]
    .bss             zero     0x2000'3068   0x370  stepper_task.o [1]
    .bss             zero     0x2000'33d8   0x4e0  usbcdc_task.o [1]
    .bss             zero     0x2000'38b8   0x570  usbcdc_task.o [1]
    .bss             zero     0x2000'3e28    0x20  app_receiver_main.o [1]
    .bss             zero     0x2000'3e48    0x14  app_receiver_main.o [1]
    .bss             zero     0x2000'3e5c    0x48  chfactory.o [1]
    .bss             zero     0x2000'3ea4     0x8  chmemcore.o [1]
    .bss             zero     0x2000'3eac   0x800  chmemcore.o [1]
    .bss             zero     0x2000'46ac    0x1c  chmemheaps.o [1]
    .bss             zero     0x2000'46c8     0xc  dev_bc3601.o [1]
    .bss             zero     0x2000'46d4    0x40  dev_bc3601.o [1]
    .bss             zero     0x2000'4714    0x40  dev_bc3601.o [1]
    .bss             zero     0x2000'4754    0x34  hal_adc_lld.o [1]
    .bss             zero     0x2000'4788    0x10  hal_gpt_lld.o [1]
    .bss             zero     0x2000'4798    0x10  hal_gpt_lld.o [1]
    .bss             zero     0x2000'47a8    0x80  hal_pal_lld.o [1]
    .bss             zero     0x2000'4828   0x15c  hal_serial_lld.o [1]
    .bss             zero     0x2000'4984    0x30  hal_spi_lld.o [1]
    .bss             zero     0x2000'49b4    0x88  hal_usb_lld.o [1]
    .bss             zero     0x2000'4a3c    0x10  hal_usb_lld.o [1]
    .bss             zero     0x2000'4a4c     0x8  hal_usb_lld.o [1]
    .bss             zero     0x2000'4a54    0x60  rf_tasks.o [1]
    .bss             zero     0x2000'4ab4    0x94  rf_tasks.o [1]
    .bss             zero     0x2000'4b48    0x24  rf_tasks.o [1]
    .bss             zero     0x2000'4b6c    0x44  rf_tasks.o [1]
    .bss             zero     0x2000'4bb0     0x4  shell.o [1]
    .bss             zero     0x2000'4bb4    0x3c  stepper.o [1]
    .bss             zero     0x2000'4bf0     0x4  stepper_task.o [1]
    .bss             zero     0x2000'4bf4    0x60  stm32_dma.o [1]
    .bss             zero     0x2000'4c54     0xc  usbcdc_task.o [1]
    .bss             zero     0x2000'4c60   0x490  usbcfg.o [1]
    .bss             zero     0x2000'50f0    0x10  usbcfg.o [1]
    .bss             zero     0x2000'5100    0x10  usbcfg.o [1]
    .bss             zero     0x2000'5110    0x10  usbcfg.o [1]
    .bss             zero     0x2000'5120     0x2  hal_spi_lld.o [1]
    .bss             zero     0x2000'5122     0x1  stepper_task.o [1]
  SYSHEAP                     0x2000'5128     0x0  <Block>
    SYSHEAP          rw data  0x2000'5128     0x0  cstartup.o [1]
                            - 0x2000'5128  0x4d28

"A2":                                      0x1000
  CSTACK                      0x2000'7000  0x1000  <Block>
    CSTACK           uninit   0x2000'7000  0x1000  <Block tail>
                            - 0x2000'8000  0x1000

Unused ranges:

         From           To      Size
         ----           --      ----
   0x800'91af   0x803'ffff  0x3'6e51
  0x2000'5128  0x2000'6fff    0x1ed8


*******************************************************************************
*** INIT TABLE
***

          Address      Size
          -------      ----
Zero (__iar_zero_init3)
    1 destination range, total size 0x4a3b:
          0x2000'06e8  0x4a3b

Copy/lz77 (__iar_lz77_init_single3)
    1 source range, total size 0x1af (57% of destination):
           0x800'9000   0x1af
    1 destination range, total size 0x2e8:
          0x2000'0400   0x2e8



*******************************************************************************
*** MODULE SUMMARY
***

    Module               ro code  ro data  rw data
    ------               -------  -------  -------
command line/config:
    ----------------------------------------------
    Total:

D:\SourceRespo\IAR_SRC_WS\RemoteIO\Switch_48LQFP\Obj: [1]
    app_receiver_main.o    1 272      299      244
    at32_flash.o             390
    at32f4xx_flash.o         548
    bc3601.o                 554
    board.o                   10       60
    chcore_v7m.o             264
    chcoreasm_v7m.o           62
    chevents.o               280
    chfactory.o              120                72
    chmemcore.o              140             2 056
    chmemheaps.o             240                28
    chmempools.o              76
    chmtx.o                  372
    chprintf.o               912        8
    chregistry.o             154       24
    chschd.o                 668       16      208
    chstats.o                144
    chsys.o                  380       32      384
    chthreads.o              874        8
    chtm.o                   188
    chvt.o                   424
    cstartup.o               144
    dev_bc3601.o           2 118      216      500
    hal.o                     56
    hal_adc.o                172
    hal_adc_lld.o            630                52
    hal_buffers.o          1 220
    hal_gpt.o                126
    hal_gpt_lld.o            400                32
    hal_lld.o                228
    hal_pal_lld.o            300       20      128
    hal_queues.o             902
    hal_serial.o             256       40
    hal_serial_lld.o         376               348
    hal_serial_usb.o       1 116       45        8
    hal_spi.o                266
    hal_spi_lld.o            796       14       50
    hal_st.o                 104
    hal_st_lld.o             230
    hal_usb.o              1 882        6
    hal_usb_lld.o          1 656       36      160
    nvic.o                    88
    nvm.o                    352
    rf_tasks.o             2 680       37   10 396
    shell.o                  740       84        4
    shell_cmd.o              584      845       64
    shell_command.o          652      104
    stepper.o                964                60
    stepper_task.o           404       69      989
    stm32_dma.o              632      176       96
    stm32_isr.o              556
    usbcdc_task.o            292             2 652
    usbcfg.o                 236      340    1 216
    vectors.o                386
    ----------------------------------------------
    Total:                29 616    2 479   19 747

dl7M_tln.a: [2]
    exit.o                     4
    iar_Stoflt.o             452
    iar_Stolx.o              130
    iar_Stopfx.o             288
    iar_Stoulx.o             324       80
    iar_Stoxflt.o            532
    low_level_init.o           4
    strncmp.o                 40
    strpbrk.o                 40
    strspn.o                  34
    ----------------------------------------------
    Total:                 1 848       80

m7M_tls.a: [3]
    DblDiv.o                 582
    DblToFlt.o               104
    FltToDbl.o                72
    U32ToDbl.o                26
    fpinit_M.o                34
    frexpf.o                  72
    ldexpf.o                 196
    strto32.o                896
    ----------------------------------------------
    Total:                 1 982

rt7M_tl.a: [4]
    ABImemcpy.o              166
    ABImemset.o              102
    I64DivMod.o              560
    I64DivZer.o                2
    cexit.o                   10
    cmain.o                   30
    data_init.o               40
    lz77_init_single.o       122
    memchr.o                  88
    memcpy.o                  12
    strcmp.o                  18
    zero_init3.o              58
    ----------------------------------------------
    Total:                 1 208

shb_l.a: [5]
    exit.o                    20
    ----------------------------------------------
    Total:                    20

    Gaps                      30
    Linker created                     32    5 120
--------------------------------------------------
    Grand Total:          34 704    2 591   24 867


*******************************************************************************
*** ENTRY LIST
***

Entry                       Address    Size  Type      Object
-----                       -------    ----  ----      ------
.iar.init_table$$Base    0x800'8b70           --   Gb  - Linker created -
.iar.init_table$$Limit   0x800'8b90           --   Gb  - Linker created -
?main                    0x800'87d9          Code  Gb  cmain.o [4]
ADCD1                   0x2000'4754    0x34  Data  Gb  hal_adc_lld.o [1]
AGC_RegisterTable        0x800'8ef4     0x8  Data  Gb  dev_bc3601.o [1]
Analog_RegisterTable    0x2000'0524     0x8  Data  Gb  dev_bc3601.o [1]
CSTACK$$Base            0x2000'7000           --   Gb  - Linker created -
CSTACK$$Limit           0x2000'8000           --   Gb  - Linker created -
DATABSS$$Base           0x2000'0400           --   Gb  - Linker created -
DATABSS$$Limit          0x2000'5124           --   Gb  - Linker created -
DM_RegisterTable16      0x2000'0564    0x38  Data  Gb  dev_bc3601.o [1]
Dtentox                  0x800'7311   0x124  Code  Lc  strto32.o [3]
FCF_RegisterTable16     0x2000'059c    0x8c  Data  Gb  dev_bc3601.o [1]
FLASH_ErasePage          0x800'2e0d    0xa4  Code  Gb  at32f4xx_flash.o [1]
FLASH_GetBank1Status     0x800'2f3f    0x2a  Code  Gb  at32f4xx_flash.o [1]
FLASH_GetBank3Status     0x800'2f69    0x2a  Code  Gb  at32f4xx_flash.o [1]
FLASH_Lock               0x800'2dff     0xe  Code  Gb  at32f4xx_flash.o [1]
FLASH_ProgramHalfWord    0x800'2eb1    0x8e  Code  Gb  at32f4xx_flash.o [1]
FLASH_ReadHalfWord       0x800'2201     0x4  Code  Lc  at32_flash.o [1]
FLASH_Unlock             0x800'2ded    0x12  Code  Gb  at32f4xx_flash.o [1]
FLASH_WaitForBank1Process
                         0x800'2f93    0x28  Code  Gb  at32f4xx_flash.o [1]
FLASH_WaitForBank3Process
                         0x800'2fbb    0x28  Code  Gb  at32f4xx_flash.o [1]
GPTD1                   0x2000'4788    0x10  Data  Gb  hal_gpt_lld.o [1]
GPTD3                   0x2000'4798    0x10  Data  Gb  hal_gpt_lld.o [1]
IRQSTACK$$Base          0x2000'0000           --   Gb  - Linker created -
IRQSTACK$$Limit         0x2000'0400           --   Gb  - Linker created -
MOD_RegisterTable16     0x2000'052c    0x38  Data  Gb  dev_bc3601.o [1]
Region$$Table$$Base      0x800'8b70           --   Gb  - Linker created -
Region$$Table$$Limit     0x800'8b90           --   Gb  - Linker created -
RxPayloadData           0x2000'4714    0x40  Data  Gb  dev_bc3601.o [1]
SD2                     0x2000'4828   0x15c  Data  Gb  hal_serial_lld.o [1]
SDU1                    0x2000'4c60   0x490  Data  Gb  usbcfg.o [1]
SPID2                   0x2000'4984    0x30  Data  Gb  hal_spi_lld.o [1]
SVC_Handler              0x800'2ccb    0x1c  Code  Gb  chcore_v7m.o [1]
SYSHEAP$$Base           0x2000'5128           --   Gb  - Linker created -
SYSHEAP$$Limit          0x2000'5128           --   Gb  - Linker created -
TxPayloadData           0x2000'46d4    0x40  Data  Gb  dev_bc3601.o [1]
USBD1                   0x2000'49b4    0x88  Data  Gb  hal_usb_lld.o [1]
Vector120                0x800'380b    0x12  Code  Gb  stm32_dma.o [1]
Vector124                0x800'381d    0x12  Code  Gb  stm32_dma.o [1]
Vector128                0x800'382f    0x12  Code  Gb  stm32_dma.o [1]
Vector12C                0x800'3841    0x12  Code  Gb  stm32_dma.o [1]
Vector58                 0x800'60c1    0x2e  Code  Gb  stm32_isr.o [1]
Vector5C                 0x800'60ef    0x2e  Code  Gb  stm32_isr.o [1]
Vector60                 0x800'611d    0x2e  Code  Gb  stm32_isr.o [1]
Vector64                 0x800'614b    0x2e  Code  Gb  stm32_isr.o [1]
Vector68                 0x800'6179    0x2e  Code  Gb  stm32_isr.o [1]
Vector6C                 0x800'378d    0x12  Code  Gb  stm32_dma.o [1]
Vector70                 0x800'379f    0x12  Code  Gb  stm32_dma.o [1]
Vector74                 0x800'37b1    0x12  Code  Gb  stm32_dma.o [1]
Vector78                 0x800'37c3    0x12  Code  Gb  stm32_dma.o [1]
Vector7C                 0x800'37d5    0x12  Code  Gb  stm32_dma.o [1]
Vector80                 0x800'37e7    0x12  Code  Gb  stm32_dma.o [1]
Vector84                 0x800'37f9    0x12  Code  Gb  stm32_dma.o [1]
Vector90                 0x800'435b    0x96  Code  Gb  hal_usb_lld.o [1]
Vector9C                 0x800'61a7    0x76  Code  Gb  stm32_isr.o [1]
VectorA4                 0x800'62ed    0x12  Code  Gb  hal_gpt_lld.o [1]
VectorB0                 0x800'20bd    0x10  Code  Gb  hal_st_lld.o [1]
VectorB4                 0x800'62ff    0x12  Code  Gb  hal_gpt_lld.o [1]
VectorD8                 0x800'6943    0x12  Code  Gb  hal_serial_lld.o [1]
VectorE0                 0x800'621d    0x88  Code  Gb  stm32_isr.o [1]
__NVIC_SetPriority       0x800'2ca7    0x24  Code  Lc  chcore_v7m.o [1]
__NVIC_SetPriorityGrouping
                         0x800'2c8d    0x1a  Code  Lc  chcore_v7m.o [1]
__NVIC_SystemReset       0x800'4841    0x1e  Code  Lc  app_receiver_main.o [1]
__aeabi_d2f              0x800'8195          Code  Gb  DblToFlt.o [3]
__aeabi_ddiv             0x800'7f4d          Code  Gb  DblDiv.o [3]
__aeabi_f2d              0x800'1fa5          Code  Gb  FltToDbl.o [3]
__aeabi_ldiv0            0x800'2901          Code  Gb  I64DivZer.o [4]
__aeabi_memcpy           0x800'2859          Code  Gb  ABImemcpy.o [4]
__aeabi_memcpy4          0x800'2879          Code  Gb  ABImemcpy.o [4]
__aeabi_memcpy8          0x800'2879          Code  Gb  ABImemcpy.o [4]
__aeabi_memset           0x800'47d9          Code  Gb  ABImemset.o [4]
__aeabi_ui2d             0x800'7f31          Code  Gb  U32ToDbl.o [3]
__aeabi_uldivmod         0x800'1a09          Code  Gb  I64DivMod.o [4]
__cmain                  0x800'87d9          Code  Gb  cmain.o [4]
__early_init             0x800'5b59     0x8  Code  Gb  board.o [1]
__exit                   0x800'8835    0x14  Code  Gb  exit.o [5]
__heap_base__           0x2000'0400          Data  Gb  cstartup.o [1]
__heap_end__            0x2000'5128          Data  Gb  cstartup.o [1]
__iar_Memchr             0x800'7ba1          Code  Gb  memchr.o [4]
__iar_Memset             0x800'47d9          Code  Gb  ABImemset.o [4]
__iar_Memset_word        0x800'47e1          Code  Gb  ABImemset.o [4]
__iar_Sto32              0x800'7435   0x12a  Code  Gb  strto32.o [3]
__iar_Stoflt             0x800'77c9   0x1c4  Code  Gb  iar_Stoflt.o [2]
__iar_Stolx              0x800'7ead    0x7e  Code  Gb  iar_Stolx.o [2]
__iar_Stopfx             0x800'76a9   0x120  Code  Gb  iar_Stopfx.o [2]
__iar_Stoulx             0x800'81fd   0x13e  Code  Gb  iar_Stoulx.o [2]
__iar_Stoxflt            0x800'798d   0x1de  Code  Gb  iar_Stoxflt.o [2]
__iar_Stoxflt::digits    0x800'7b70    0x18  Data  Lc  iar_Stoxflt.o [2]
__iar_Stoxflt::vals      0x800'7b88    0x18  Data  Lc  iar_Stoxflt.o [2]
__iar_data_init3         0x800'87fd    0x28  Code  Gb  data_init.o [4]
__iar_frexp32            0x800'759d          Code  Gb  frexpf.o [3]
__iar_frexpf             0x800'75b1          Code  Gb  frexpf.o [3]
__iar_init_vfp           0x800'87b5          Code  Gb  fpinit_M.o [3]
__iar_ldexp32            0x800'75e5          Code  Gb  ldexpf.o [3]
__iar_lz77_init_single3
                         0x800'0feb    0x7a  Code  Gb  lz77_init_single.o [4]
__iar_program_start      0x800'8725          Code  Gb  cstartup.o [1]
__iar_scalbln32          0x800'75e5          Code  Gb  ldexpf.o [3]
__iar_scalbn32           0x800'75e5          Code  Gb  ldexpf.o [3]
__iar_zero_init3         0x800'19cf    0x3a  Code  Gb  zero_init3.o [4]
__low_level_init         0x800'87f7     0x4  Code  Gb  low_level_init.o [2]
__main_stack_base__ {Abs}
                        0x2000'0000          Data  Gb  <internal module>
__main_stack_end__ {Abs}
                        0x2000'0400          Data  Gb  <internal module>
__main_thread_stack_base__ {Abs}
                        0x2000'0400          Data  Gb  <internal module>
__process_stack_base__ {Abs}
                        0x2000'0400          Data  Gb  <internal module>
__process_stack_end__ {Abs}
                        0x2000'1400          Data  Gb  <internal module>
__vector_table           0x800'0000          Data  Gb  vectors.o [1]
_call_main               0x800'87e5          Code  Gb  cmain.o [4]
_core_init               0x800'36a5     0xe  Code  Gb  chmemcore.o [1]
_core_init::static_heap
                        0x2000'3eac   0x800  Data  Lc  chmemcore.o [1]
_ctl                     0x800'5675    0x10  Code  Lc  hal_serial.o [1]
_ctl                     0x800'5835    0x10  Code  Lc  hal_serial_usb.o [1]
_exit                    0x800'8829          Code  Gb  cexit.o [4]
_factory_init            0x800'372f    0x56  Code  Gb  chfactory.o [1]
_get                     0x800'563d     0xe  Code  Lc  hal_serial.o [1]
_get                     0x800'57fd     0xe  Code  Lc  hal_serial_usb.o [1]
_gett                    0x800'5657     0xa  Code  Lc  hal_serial.o [1]
_gett                    0x800'5817     0xa  Code  Lc  hal_serial_usb.o [1]
_heap_init               0x800'29c1    0x18  Code  Gb  chmemheaps.o [1]
_idle_thread             0x800'2c1f     0x2  Code  Lc  chsys.o [1]
_main                    0x800'87f3          Code  Gb  cmain.o [4]
_oslib_init              0x800'2c0f    0x10  Code  Lc  chsys.o [1]
_pal_events             0x2000'47a8    0x80  Data  Gb  hal_pal_lld.o [1]
_pal_lld_init            0x800'2491    0x82  Code  Gb  hal_pal_lld.o [1]
_pal_lld_setgroupmode    0x800'2513    0x60  Code  Gb  hal_pal_lld.o [1]
_pal_lld_setgroupmode::cfgtab
                         0x800'8cc0    0x14  Data  Lc  hal_pal_lld.o [1]
_port_exit_from_isr      0x800'34db          Code  Gb  chcoreasm_v7m.o [1]
_port_irq_epilogue       0x800'2d21    0x48  Code  Gb  chcore_v7m.o [1]
_port_switch             0x800'34a1          Code  Gb  chcoreasm_v7m.o [1]
_port_switch_from_isr    0x800'34cf          Code  Gb  chcoreasm_v7m.o [1]
_port_thread_start       0x800'34b9          Code  Gb  chcoreasm_v7m.o [1]
_put                     0x800'562d    0x10  Code  Lc  hal_serial.o [1]
_put                     0x800'57ed    0x10  Code  Lc  hal_serial_usb.o [1]
_putt                    0x800'564b     0xc  Code  Lc  hal_serial.o [1]
_putt                    0x800'580b     0xc  Code  Lc  hal_serial_usb.o [1]
_read                    0x800'561f     0xe  Code  Lc  hal_serial.o [1]
_read                    0x800'57df     0xe  Code  Lc  hal_serial_usb.o [1]
_readt                   0x800'566b     0xa  Code  Lc  hal_serial.o [1]
_readt                   0x800'582b     0xa  Code  Lc  hal_serial_usb.o [1]
_scheduler_init          0x800'262b    0x14  Code  Gb  chschd.o [1]
_stats_ctxswc            0x800'21ad    0x1e  Code  Gb  chstats.o [1]
_stats_increase_irq      0x800'2193    0x1a  Code  Gb  chstats.o [1]
_stats_init              0x800'2171    0x22  Code  Gb  chstats.o [1]
_stats_start_measure_crit_isr
                         0x800'21df     0xa  Code  Gb  chstats.o [1]
_stats_start_measure_crit_thd
                         0x800'21cb     0xa  Code  Gb  chstats.o [1]
_stats_stop_measure_crit_isr
                         0x800'21e9     0xa  Code  Gb  chstats.o [1]
_stats_stop_measure_crit_thd
                         0x800'21d5     0xa  Code  Gb  chstats.o [1]
_stm32_dma_streams       0x800'8674    0xb0  Data  Gb  stm32_dma.o [1]
_thread_init             0x800'1cd5    0x50  Code  Gb  chthreads.o [1]
_thread_memfill          0x800'1d25     0xc  Code  Gb  chthreads.o [1]
_tm_init                 0x800'2941    0x30  Code  Gb  chtm.o [1]
_unhandled_exception     0x800'2903          Code  Gb  vectors.o [1]
_usb_ep0in               0x800'401d    0xbe  Code  Gb  hal_usb.o [1]
_usb_ep0out              0x800'40db    0x84  Code  Gb  hal_usb.o [1]
_usb_ep0setup            0x800'3f19   0x104  Code  Gb  hal_usb.o [1]
_usb_reset               0x800'3e81    0x54  Code  Gb  hal_usb.o [1]
_usb_suspend             0x800'3ed5    0x2a  Code  Gb  hal_usb.o [1]
_usb_wakeup              0x800'3eff    0x1a  Code  Gb  hal_usb.o [1]
_vt_init                 0x800'3519    0x16  Code  Gb  chvt.o [1]
_write                   0x800'5611     0xe  Code  Lc  hal_serial.o [1]
_write                   0x800'57d1     0xe  Code  Lc  hal_serial_usb.o [1]
_writet                  0x800'5661     0xa  Code  Lc  hal_serial.o [1]
_writet                  0x800'5821     0xa  Code  Lc  hal_serial_usb.o [1]
active_status            0x800'216e     0x2  Data  Lc  hal_usb.o [1]
adcInit                  0x800'528d     0x8  Code  Gb  hal_adc.o [1]
adcObjectInit            0x800'5295    0x22  Code  Gb  hal_adc.o [1]
adcStart                 0x800'52b7    0x1c  Code  Gb  hal_adc.o [1]
adcStartConversion       0x800'52d3    0x20  Code  Gb  hal_adc.o [1]
adcStartConversionI      0x800'52f3    0x12  Code  Gb  hal_adc.o [1]
adc_lld_init             0x800'5f57    0x54  Code  Gb  hal_adc_lld.o [1]
adc_lld_serve_rx_interrupt
                         0x800'5e7d    0xda  Code  Lc  hal_adc_lld.o [1]
adc_lld_start            0x800'5fab    0x40  Code  Gb  hal_adc_lld.o [1]
adc_lld_start_conversion
                         0x800'6009    0x8e  Code  Gb  hal_adc_lld.o [1]
adc_lld_stop_conversion
                         0x800'6097    0x28  Code  Gb  hal_adc_lld.o [1]
adccallback              0x800'4923     0x2  Code  Lc  app_receiver_main.o [1]
adcerror                 0x800'4925     0x2  Code  Lc  app_receiver_main.o [1]
adcgrpcfg                0x800'8a3c    0x28  Data  Lc  app_receiver_main.o [1]
agc_configuration        0x800'11cd    0xaa  Code  Lc  dev_bc3601.o [1]
bc3601                  0x2000'4a54    0x60  Data  Lc  rf_tasks.o [1]
bc3601_analogRegisterconfig
                         0x800'1727    0x48  Code  Lc  dev_bc3601.o [1]
bc3601_crcConfig         0x800'1497    0x46  Code  Lc  dev_bc3601.o [1]
bc3601_datarateConfig    0x800'167d    0xaa  Code  Gb  dev_bc3601.o [1]
bc3601_fecConfig         0x800'1457    0x40  Code  Lc  dev_bc3601.o [1]
bc3601_freqConfig        0x800'1515   0x13e  Code  Gb  dev_bc3601.o [1]
bc3601_gotoDefaultMode   0x800'18b3     0x8  Code  Gb  dev_bc3601.o [1]
bc3601_irqState          0x800'18bb    0x34  Code  Gb  dev_bc3601.o [1]
bc3601_lightSleepMode    0x800'117d     0xa  Code  Gb  dev_bc3601.o [1]
bc3601_lircCalibration   0x800'1875    0x3e  Code  Gb  dev_bc3601.o [1]
bc3601_menchesterConfig
                         0x800'1417    0x40  Code  Lc  dev_bc3601.o [1]
bc3601_powerConfig       0x800'1653    0x2a  Code  Gb  dev_bc3601.o [1]
bc3601_readRSSI          0x800'1789    0x12  Code  Gb  dev_bc3601.o [1]
bc3601_refresh_registers
                         0x800'0f23    0xc8  Code  Gb  bc3601.o [1]
bc3601_vcoCalibration    0x800'1837    0x3e  Code  Gb  dev_bc3601.o [1]
bc3601_whiteningConfig   0x800'14dd    0x38  Code  Lc  dev_bc3601.o [1]
blink_cb                 0x800'4a1b    0x24  Code  Lc  app_receiver_main.o [1]
boardInit                0x800'5b61     0x2  Code  Gb  board.o [1]
ch                      0x2000'06e8    0xd0  Data  Gb  chschd.o [1]
chCoreAllocAlignedI      0x800'3715     0xa  Code  Lc  chfactory.o [1]
chCoreAllocFromTop       0x800'36e1    0x20  Code  Gb  chmemcore.o [1]
chCoreAllocFromTopI      0x800'36b3    0x2e  Code  Gb  chmemcore.o [1]
chCoreGetStatusX         0x800'3701     0xa  Code  Gb  chmemcore.o [1]
chEvtBroadcastFlagsI     0x800'1081    0x2a  Code  Gb  chevents.o [1]
chEvtBroadcastI          0x800'5b99     0xa  Code  Lc  shell.o [1]
chEvtObjectInit          0x800'55fd     0x4  Code  Lc  hal_serial.o [1]
chEvtObjectInit          0x800'5735     0x4  Code  Lc  hal_serial_usb.o [1]
chEvtObjectInit          0x800'5b95     0x4  Code  Lc  shell.o [1]
chEvtSignal              0x800'10ab    0x1c  Code  Gb  chevents.o [1]
chEvtSignalI             0x800'10c7    0x36  Code  Gb  chevents.o [1]
chEvtWaitAny             0x800'10fd    0x30  Code  Gb  chevents.o [1]
chEvtWaitAnyTimeout      0x800'112d    0x4c  Code  Gb  chevents.o [1]
chHeapFree               0x800'29d9    0x7e  Code  Gb  chmemheaps.o [1]
chHeapStatus             0x800'2a57    0x52  Code  Gb  chmemheaps.o [1]
chMtxLock                0x800'3099    0x14  Code  Gb  chmtx.o [1]
chMtxLockS               0x800'30ad    0x74  Code  Gb  chmtx.o [1]
chMtxObjectInit          0x800'3089    0x10  Code  Gb  chmtx.o [1]
chMtxQueueNotEmptyS      0x800'3081     0x8  Code  Lc  chmtx.o [1]
chMtxUnlock              0x800'3121    0x60  Code  Gb  chmtx.o [1]
chPoolFree               0x800'2ae5    0x18  Code  Gb  chmempools.o [1]
chPoolFreeI              0x800'2add     0x8  Code  Gb  chmempools.o [1]
chPoolObjectInit         0x800'371f     0xc  Code  Lc  chfactory.o [1]
chPoolObjectInitAligned
                         0x800'2acd    0x10  Code  Gb  chmempools.o [1]
chRegFindThreadByName    0x800'2059    0x2e  Code  Gb  chregistry.o [1]
chRegFirstThread         0x800'200d    0x1c  Code  Gb  chregistry.o [1]
chRegGetThreadNameX      0x800'2009     0x4  Code  Lc  chregistry.o [1]
chRegNextThread          0x800'2029    0x2c  Code  Gb  chregistry.o [1]
chRegSetThreadName       0x800'4919     0xa  Code  Lc  app_receiver_main.o [1]
chRegSetThreadName       0x800'5b8d     0x8  Code  Lc  shell.o [1]
chRegSetThreadName       0x800'533b     0x8  Code  Lc  stepper_task.o [1]
chSchDoReschedule        0x800'2807    0x42  Code  Gb  chschd.o [1]
chSchDoRescheduleAhead   0x800'27c5    0x42  Code  Gb  chschd.o [1]
chSchGoSleepS            0x800'267f    0x3e  Code  Gb  chschd.o [1]
chSchGoSleepTimeoutS     0x800'270d    0x44  Code  Gb  chschd.o [1]
chSchIsPreemptionRequired
                         0x800'27ad    0x18  Code  Gb  chschd.o [1]
chSchIsRescRequiredI     0x800'25df    0x18  Code  Lc  chschd.o [1]
chSchReadyAheadI         0x800'265f    0x20  Code  Gb  chschd.o [1]
chSchReadyI              0x800'263f    0x20  Code  Gb  chschd.o [1]
chSchRescheduleS         0x800'279d    0x10  Code  Gb  chschd.o [1]
chSchWakeupS             0x800'2751    0x4c  Code  Gb  chschd.o [1]
chSemFastSignalI         0x800'2623     0x8  Code  Lc  chschd.o [1]
chSysDisable             0x800'485f     0x4  Code  Lc  app_receiver_main.o [1]
chSysEnable              0x800'2b37     0xa  Code  Lc  chsys.o [1]
chSysHalt                0x800'2c6d     0x8  Code  Gb  chsys.o [1]
chSysInit                0x800'2c21    0x4c  Code  Gb  chsys.o [1]
chSysInit{3}::idle_descriptor
                         0x800'8c48    0x18  Data  Lc  chsys.o [1]
chSysLock                0x800'4863     0xe  Code  Lc  app_receiver_main.o [1]
chSysLock                0x800'1065     0xe  Code  Lc  chevents.o [1]
chSysLock                0x800'3689     0xe  Code  Lc  chmemcore.o [1]
chSysLock                0x800'2ab1     0xe  Code  Lc  chmempools.o [1]
chSysLock                0x800'3065     0xe  Code  Lc  chmtx.o [1]
chSysLock                0x800'1fed     0xe  Code  Lc  chregistry.o [1]
chSysLock                0x800'1c91     0xe  Code  Lc  chthreads.o [1]
chSysLock                0x800'5259     0xe  Code  Lc  hal_adc.o [1]
chSysLock                0x800'6983     0xe  Code  Lc  hal_buffers.o [1]
chSysLock                0x800'557d     0xe  Code  Lc  hal_gpt.o [1]
chSysLock                0x800'6483     0xe  Code  Lc  hal_queues.o [1]
chSysLock                0x800'56fd     0xe  Code  Lc  hal_serial_usb.o [1]
chSysLock                0x800'2387     0xe  Code  Lc  hal_spi.o [1]
chSysLock                0x800'3a05     0xe  Code  Lc  hal_usb.o [1]
chSysLock                0x800'0c61     0xe  Code  Lc  nvm.o [1]
chSysLock                0x800'5b65     0xe  Code  Lc  shell.o [1]
chSysLock                0x800'8349     0xe  Code  Lc  shell_cmd.o [1]
chSysLockFromISR         0x800'487f     0xe  Code  Lc  app_receiver_main.o [1]
chSysLockFromISR         0x800'25f7     0xe  Code  Lc  chschd.o [1]
chSysLockFromISR         0x800'2b41     0xe  Code  Lc  chsys.o [1]
chSysLockFromISR         0x800'5e49     0xe  Code  Lc  hal_adc_lld.o [1]
chSysLockFromISR         0x800'6805     0xe  Code  Lc  hal_serial_lld.o [1]
chSysLockFromISR         0x800'5719     0xe  Code  Lc  hal_serial_usb.o [1]
chSysLockFromISR         0x800'3185     0xe  Code  Lc  hal_spi_lld.o [1]
chSysLockFromISR         0x800'2089     0xe  Code  Lc  hal_st_lld.o [1]
chSysLockFromISR         0x800'3a21     0xe  Code  Lc  hal_usb.o [1]
chSysLockFromISR         0x800'5305     0xe  Code  Lc  stepper_task.o [1]
chSysLockFromISR         0x800'8589     0xe  Code  Lc  usbcfg.o [1]
chSysTimerHandlerI       0x800'2c75     0x8  Code  Gb  chsys.o [1]
chSysUnlock              0x800'4871     0xe  Code  Lc  app_receiver_main.o [1]
chSysUnlock              0x800'1073     0xe  Code  Lc  chevents.o [1]
chSysUnlock              0x800'3697     0xe  Code  Lc  chmemcore.o [1]
chSysUnlock              0x800'2abf     0xe  Code  Lc  chmempools.o [1]
chSysUnlock              0x800'3073     0xe  Code  Lc  chmtx.o [1]
chSysUnlock              0x800'1ffb     0xe  Code  Lc  chregistry.o [1]
chSysUnlock              0x800'1c9f     0xe  Code  Lc  chthreads.o [1]
chSysUnlock              0x800'5267     0xe  Code  Lc  hal_adc.o [1]
chSysUnlock              0x800'6991     0xe  Code  Lc  hal_buffers.o [1]
chSysUnlock              0x800'558b     0xe  Code  Lc  hal_gpt.o [1]
chSysUnlock              0x800'6491     0xe  Code  Lc  hal_queues.o [1]
chSysUnlock              0x800'570b     0xe  Code  Lc  hal_serial_usb.o [1]
chSysUnlock              0x800'2395     0xe  Code  Lc  hal_spi.o [1]
chSysUnlock              0x800'3a13     0xe  Code  Lc  hal_usb.o [1]
chSysUnlock              0x800'0c6f     0xe  Code  Lc  nvm.o [1]
chSysUnlock              0x800'8357     0xe  Code  Lc  shell_cmd.o [1]
chSysUnlockFromISR       0x800'488d     0xe  Code  Lc  app_receiver_main.o [1]
chSysUnlockFromISR       0x800'2605     0xe  Code  Lc  chschd.o [1]
chSysUnlockFromISR       0x800'2b4f     0xe  Code  Lc  chsys.o [1]
chSysUnlockFromISR       0x800'5e57     0xe  Code  Lc  hal_adc_lld.o [1]
chSysUnlockFromISR       0x800'6813     0xe  Code  Lc  hal_serial_lld.o [1]
chSysUnlockFromISR       0x800'5727     0xe  Code  Lc  hal_serial_usb.o [1]
chSysUnlockFromISR       0x800'3193     0xe  Code  Lc  hal_spi_lld.o [1]
chSysUnlockFromISR       0x800'2097     0xe  Code  Lc  hal_st_lld.o [1]
chSysUnlockFromISR       0x800'3a2f     0xe  Code  Lc  hal_usb.o [1]
chSysUnlockFromISR       0x800'5313     0xe  Code  Lc  stepper_task.o [1]
chSysUnlockFromISR       0x800'8597     0xe  Code  Lc  usbcfg.o [1]
chTMChainMeasurementToX
                         0x800'29a7    0x12  Code  Gb  chtm.o [1]
chTMObjectInit           0x800'2971    0x1c  Code  Gb  chtm.o [1]
chTMStartMeasurementX    0x800'298d     0x8  Code  Gb  chtm.o [1]
chTMStopMeasurementX     0x800'2995    0x12  Code  Gb  chtm.o [1]
chThdCreate              0x800'1d61    0x2a  Code  Gb  chthreads.o [1]
chThdCreateStatic        0x800'1d8b    0x56  Code  Gb  chthreads.o [1]
chThdCreateSuspendedI    0x800'1d31    0x30  Code  Gb  chthreads.o [1]
chThdDequeueAllI         0x800'1f87    0x1c  Code  Gb  chthreads.o [1]
chThdDequeueNextI        0x800'1f6d    0x1a  Code  Gb  chthreads.o [1]
chThdDoDequeueNextI      0x800'1cc5    0x10  Code  Lc  chthreads.o [1]
chThdEnqueueTimeoutS     0x800'1f3d    0x22  Code  Gb  chthreads.o [1]
chThdExit                0x800'1e4b    0x10  Code  Gb  chthreads.o [1]
chThdExitS               0x800'1e5b    0x48  Code  Gb  chthreads.o [1]
chThdGetSelfX            0x800'1cad     0x8  Code  Lc  chthreads.o [1]
chThdGetSelfX            0x800'01ad     0x8  Code  Lc  rf_tasks.o [1]
chThdGetSelfX            0x800'5b73     0x6  Code  Lc  shell.o [1]
chThdGetSelfX            0x800'5321     0x6  Code  Lc  stepper_task.o [1]
chThdGetSelfX            0x800'5135     0x6  Code  Lc  usbcdc_task.o [1]
chThdGetWorkingAreaX     0x800'1cb5     0x4  Code  Lc  chthreads.o [1]
chThdQueueObjectInit     0x800'699f     0x8  Code  Lc  hal_buffers.o [1]
chThdQueueObjectInit     0x800'649f     0x8  Code  Lc  hal_queues.o [1]
chThdRelease             0x800'1de1    0x6a  Code  Gb  chthreads.o [1]
chThdResumeI             0x800'1f25    0x18  Code  Gb  chthreads.o [1]
chThdShouldTerminateX    0x800'01b5    0x14  Code  Lc  rf_tasks.o [1]
chThdShouldTerminateX    0x800'5b79    0x14  Code  Lc  shell.o [1]
chThdShouldTerminateX    0x800'5327    0x14  Code  Lc  stepper_task.o [1]
chThdShouldTerminateX    0x800'514d    0x14  Code  Lc  usbcdc_task.o [1]
chThdSleep               0x800'1eef    0x14  Code  Gb  chthreads.o [1]
chThdSleepS              0x800'1cb9     0xc  Code  Lc  chthreads.o [1]
chThdSuspendTimeoutS     0x800'1f03    0x22  Code  Gb  chthreads.o [1]
chThdTerminate           0x800'1ed5    0x1a  Code  Gb  chthreads.o [1]
chThdTerminatedX         0x800'513b    0x12  Code  Lc  usbcdc_task.o [1]
chThdWait                0x800'1ea3    0x32  Code  Gb  chthreads.o [1]
chTimeAddX               0x800'2b11     0x6  Code  Lc  chsys.o [1]
chTimeAddX               0x800'34e1     0x6  Code  Lc  chvt.o [1]
chTimeDiffX              0x800'2b17     0x6  Code  Lc  chsys.o [1]
chTimeDiffX              0x800'34e7     0x6  Code  Lc  chvt.o [1]
chTimeDiffX              0x800'0181     0x6  Code  Lc  rf_tasks.o [1]
chVTDoResetI             0x800'35eb    0x9a  Code  Gb  chvt.o [1]
chVTDoSetI               0x800'352f    0xbc  Code  Gb  chvt.o [1]
chVTDoTickI              0x800'2b65    0xaa  Code  Lc  chsys.o [1]
chVTGetSystemTime        0x800'836d    0x16  Code  Lc  shell_cmd.o [1]
chVTGetSystemTimeX       0x800'2b5d     0x8  Code  Lc  chsys.o [1]
chVTGetSystemTimeX       0x800'3511     0x8  Code  Lc  chvt.o [1]
chVTGetSystemTimeX       0x800'018f     0x8  Code  Lc  rf_tasks.o [1]
chVTGetSystemTimeX       0x800'8365     0x8  Code  Lc  shell_cmd.o [1]
chVTIsArmedI             0x800'48a1    0x10  Code  Lc  app_receiver_main.o [1]
chVTIsArmedI             0x800'2613    0x10  Code  Lc  chschd.o [1]
chVTObjectInit           0x800'489b     0x6  Code  Lc  app_receiver_main.o [1]
chVTReset                0x800'48c7    0x14  Code  Lc  app_receiver_main.o [1]
chVTResetI               0x800'48b1    0x16  Code  Lc  app_receiver_main.o [1]
chVTSet                  0x800'48f9    0x20  Code  Lc  app_receiver_main.o [1]
chVTSetI                 0x800'48db    0x1e  Code  Lc  app_receiver_main.o [1]
chVTTimeElapsedSinceX    0x800'0197    0x16  Code  Lc  rf_tasks.o [1]
ch_debug                 0x800'8c30    0x18  Data  Gb  chregistry.o [1]
ch_factory              0x2000'3e5c    0x48  Data  Gb  chfactory.o [1]
ch_idle_thread_wa       0x2000'07b8   0x180  Data  Gb  chsys.o [1]
ch_ltoa                  0x800'6ed5     0xa  Code  Lc  chprintf.o [1]
ch_memcore              0x2000'3ea4     0x8  Data  Gb  chmemcore.o [1]
checksum                 0x800'026d    0x24  Code  Gb  rf_tasks.o [1]
chprintf                 0x800'720d    0x10  Code  Gb  chprintf.o [1]
chvprintf                0x800'6edf   0x328  Code  Gb  chprintf.o [1]
cmdStrobe                0x800'0ecf    0x54  Code  Gb  bc3601.o [1]
cmd_addr                 0x800'7bf9    0x4e  Code  Gb  shell_command.o [1]
cmd_echo                 0x800'8407    0x1a  Code  Lc  shell_cmd.o [1]
cmd_exit                 0x800'8383    0x18  Code  Lc  shell_cmd.o [1]
cmd_freq                 0x800'7ce3    0x3e  Code  Gb  shell_command.o [1]
cmd_info                 0x800'839b    0x6c  Code  Lc  shell_cmd.o [1]
cmd_mem                  0x800'8447    0x4e  Code  Lc  shell_cmd.o [1]
cmd_mode                 0x800'7d6f    0x4e  Code  Gb  shell_command.o [1]
cmd_power                0x800'7c95    0x4e  Code  Gb  shell_command.o [1]
cmd_ppr                  0x800'7dc9    0x98  Code  Gb  shell_command.o [1]
cmd_rate                 0x800'7d21    0x4e  Code  Gb  shell_command.o [1]
cmd_save                 0x800'7dc1     0x8  Code  Gb  shell_command.o [1]
cmd_selfaddr             0x800'7c47    0x4e  Code  Gb  shell_command.o [1]
cmd_systime              0x800'8421    0x26  Code  Lc  shell_cmd.o [1]
cmd_threads              0x800'8495    0x68  Code  Lc  shell_cmd.o [1]
cmd_threads::states     0x2000'0640    0x40  Data  Lc  shell_cmd.o [1]
cmdexec                  0x800'5c19    0x32  Code  Lc  shell.o [1]
commands                 0x800'8898    0x48  Data  Lc  app_receiver_main.o [1]
config                  0x2000'0630    0x10  Data  Lc  rf_tasks.o [1]
control_struct           0x800'0ba1     0x4  Code  Gb  rf_tasks.o [1]
crysstal_config          0x800'1277    0x32  Code  Lc  dev_bc3601.o [1]
crystal_ready            0x800'11a5    0x28  Code  Lc  dev_bc3601.o [1]
ddiv                     0x800'7279    0x5a  Code  Lc  strto32.o [3]
default_handler          0x800'3a97   0x2bc  Code  Lc  hal_usb.o [1]
default_heap            0x2000'46ac    0x1c  Data  Lc  chmemheaps.o [1]
dev_bc3601Init           0x800'1921    0xa2  Code  Gb  dev_bc3601.o [1]
digital_in_tx           0x2000'0400    0x50  Data  Gb  app_receiver_main.o [1]
digital_out_rx          0x2000'0450    0x70  Data  Gb  app_receiver_main.o [1]
digits                   0x800'8870    0x28  Data  Lc  iar_Stoulx.o [2]
dir_high                 0x800'537f     0xa  Code  Lc  stepper_task.o [1]
dir_low                  0x800'5375     0xa  Code  Lc  stepper_task.o [1]
dma                     0x2000'4bf4    0x60  Data  Lc  stm32_dma.o [1]
dmaInit                  0x800'3853    0x3a  Code  Gb  stm32_dma.o [1]
dmaServeInterrupt        0x800'398b    0x3e  Code  Gb  stm32_dma.o [1]
dmaStreamAllocI          0x800'388d    0x9a  Code  Gb  stm32_dma.o [1]
dmaStreamFreeI           0x800'3927    0x64  Code  Gb  stm32_dma.o [1]
dmul                     0x800'721d    0x5c  Code  Lc  strto32.o [3]
dummyrx                 0x2000'5120     0x2  Data  Lc  hal_spi_lld.o [1]
dummytx                  0x800'1fa2     0x2  Data  Lc  hal_spi_lld.o [1]
dyn_list_init            0x800'372b     0x4  Code  Lc  chfactory.o [1]
ep0_state               0x2000'4a3c    0x10  Data  Lc  hal_usb_lld.o [1]
ep0config                0x800'8b04    0x24  Data  Lc  hal_usb_lld.o [1]
ep0setup_buffer         0x2000'4a4c     0x8  Data  Lc  hal_usb_lld.o [1]
ep1config                0x800'8b28    0x24  Data  Lc  usbcfg.o [1]
ep1instate              0x2000'50f0    0x10  Data  Lc  usbcfg.o [1]
ep1outstate             0x2000'5100    0x10  Data  Lc  usbcfg.o [1]
ep2config                0x800'8b4c    0x24  Data  Lc  usbcfg.o [1]
ep2instate              0x2000'5110    0x10  Data  Lc  usbcfg.o [1]
exit                     0x800'8825     0x4  Code  Gb  exit.o [2]
flashWrite_NoCheck       0x800'2205    0x2c  Code  Lc  at32_flash.o [1]
flash_Read               0x800'2231    0x2c  Code  Gb  at32_flash.o [1]
flash_Write              0x800'225d   0x12a  Code  Gb  at32_flash.o [1]
frexpf                   0x800'759d          Code  Gb  frexpf.o [3]
get_descriptor           0x800'85b5    0x2e  Code  Lc  usbcfg.o [1]
get_hword                0x800'3a5d    0x10  Code  Lc  hal_usb.o [1]
gptInit                  0x800'55a9     0x8  Code  Gb  hal_gpt.o [1]
gptObjectInit            0x800'55b1     0xa  Code  Gb  hal_gpt.o [1]
gptStart                 0x800'55bb    0x1c  Code  Gb  hal_gpt.o [1]
gptStartOneShot          0x800'55d7    0x18  Code  Gb  hal_gpt.o [1]
gptStartOneShotI         0x800'55ef     0xc  Code  Gb  hal_gpt.o [1]
gpt_callback             0x800'543b    0x10  Code  Lc  stepper_task.o [1]
gpt_callback_poll        0x800'544b    0x16  Code  Lc  stepper_task.o [1]
gpt_lld_init             0x800'6311    0x18  Code  Gb  hal_gpt_lld.o [1]
gpt_lld_serve_interrupt
                         0x800'643f    0x3e  Code  Gb  hal_gpt_lld.o [1]
gpt_lld_start            0x800'6329    0xa2  Code  Gb  hal_gpt_lld.o [1]
gpt_lld_start_timer      0x800'63f1    0x34  Code  Gb  hal_gpt_lld.o [1]
gpt_lld_stop_timer       0x800'6425    0x1a  Code  Gb  hal_gpt_lld.o [1]
gptcfg                  0x2000'0680    0x10  Data  Lc  stepper_task.o [1]
gptcfg_poll             0x2000'0690    0x10  Data  Lc  stepper_task.o [1]
halInit                  0x800'50ff    0x32  Code  Gb  hal.o [1]
hal_lld_backup_domain_init
                         0x800'5499     0xc  Code  Lc  hal_lld.o [1]
hal_lld_init             0x800'54a5    0x46  Code  Gb  hal_lld.o [1]
halted_status            0x800'28fe     0x2  Data  Lc  hal_usb.o [1]
header_config            0x800'1373    0xa4  Code  Lc  dev_bc3601.o [1]
hfc_en                   0x800'5389     0xa  Code  Lc  stepper_task.o [1]
ibnotify                 0x800'5845     0xa  Code  Lc  hal_serial_usb.o [1]
ibqGetEmptyBufferI       0x800'6a43    0x24  Code  Gb  hal_buffers.o [1]
ibqGetFullBufferTimeoutS
                         0x800'6a8f    0x3a  Code  Gb  hal_buffers.o [1]
ibqGetTimeout            0x800'6af5    0x46  Code  Gb  hal_buffers.o [1]
ibqObjectInit            0x800'69d7    0x4c  Code  Gb  hal_buffers.o [1]
ibqPostFullBufferI       0x800'6a67    0x28  Code  Gb  hal_buffers.o [1]
ibqReadTimeout           0x800'6b3b    0x9e  Code  Gb  hal_buffers.o [1]
ibqReleaseEmptyBufferS   0x800'6ac9    0x2c  Code  Gb  hal_buffers.o [1]
ibqResetI                0x800'6a23    0x20  Code  Gb  hal_buffers.o [1]
iqGetTimeout             0x800'6629    0x56  Code  Gb  hal_queues.o [1]
iqObjectInit             0x800'65b3    0x30  Code  Gb  hal_queues.o [1]
iqPutI                   0x800'65e3    0x46  Code  Gb  hal_queues.o [1]
iqReadTimeout            0x800'667f    0x5c  Code  Gb  hal_queues.o [1]
iq_read                  0x800'64cf    0x6e  Code  Lc  hal_queues.o [1]
irqInit                  0x800'62b1    0x3c  Code  Gb  stm32_isr.o [1]
irq_config               0x800'1187    0x1e  Code  Gb  dev_bc3601.o [1]
ldexpf                   0x800'75e5          Code  Gb  ldexpf.o [3]
linecoding              0x2000'0628     0x8  Data  Lc  hal_serial_usb.o [1]
list_commands            0x800'5bfd    0x1c  Code  Lc  shell.o [1]
list_init                0x800'1c39     0x4  Code  Lc  chthreads.o [1]
list_insert              0x800'1c63     0x8  Code  Lc  chthreads.o [1]
list_notempty            0x800'1c3d    0x10  Code  Lc  chthreads.o [1]
list_remove              0x800'1c6b     0xa  Code  Lc  chthreads.o [1]
load_settings            0x800'01c9    0x94  Code  Lc  rf_tasks.o [1]
long_to_string_with_divisor
                         0x800'6e8d    0x48  Code  Lc  chprintf.o [1]
main                     0x800'4afb   0x1ca  Code  Gb  app_receiver_main.o [1]
memchr                   0x800'7ba1          Code  Gb  memchr.o [4]
memcpy                   0x800'19c3     0xc  Code  Gb  memcpy.o [4]
ndigs                    0x800'8848    0x28  Data  Lc  iar_Stoulx.o [2]
notify2                  0x800'6937     0xc  Code  Lc  hal_serial_lld.o [1]
nvicDisableVector        0x800'2dc3    0x1a  Code  Gb  nvic.o [1]
nvicEnableVector         0x800'2d95    0x2e  Code  Gb  nvic.o [1]
nvmFlashReadPage         0x800'0c7d    0x18  Code  Gb  nvm.o [1]
nvmFlashWritePage        0x800'0c95    0x28  Code  Gb  nvm.o [1]
nvmParam                0x2000'4ab4    0x94  Data  Gb  rf_tasks.o [1]
nvm_flash_read           0x800'0cbd    0x1c  Code  Gb  nvm.o [1]
nvm_flash_write          0x800'0cd9    0xe4  Code  Gb  nvm.o [1]
obnotify                 0x800'584f    0x50  Code  Lc  hal_serial_usb.o [1]
obqGetEmptyBufferTimeoutS
                         0x800'6c91    0x38  Code  Gb  hal_buffers.o [1]
obqGetFullBufferI        0x800'6c43    0x2a  Code  Gb  hal_buffers.o [1]
obqObjectInit            0x800'6bd9    0x4a  Code  Gb  hal_buffers.o [1]
obqPostFullBufferS       0x800'6cc9    0x30  Code  Gb  hal_buffers.o [1]
obqPutTimeout            0x800'6cf9    0x4c  Code  Gb  hal_buffers.o [1]
obqReleaseEmptyBufferI   0x800'6c6d    0x24  Code  Gb  hal_buffers.o [1]
obqResetI                0x800'6c23    0x20  Code  Gb  hal_buffers.o [1]
obqTryFlushI             0x800'6deb    0x56  Code  Gb  hal_buffers.o [1]
obqWriteTimeout          0x800'6d45    0xa6  Code  Gb  hal_buffers.o [1]
oqGetI                   0x800'675f    0x48  Code  Gb  hal_queues.o [1]
oqObjectInit             0x800'66db    0x2e  Code  Gb  hal_queues.o [1]
oqPutTimeout             0x800'6709    0x56  Code  Gb  hal_queues.o [1]
oqWriteTimeout           0x800'67a7    0x5c  Code  Gb  hal_queues.o [1]
oq_write                 0x800'653d    0x76  Code  Lc  hal_queues.o [1]
osalEventBroadcastFlagsI
                         0x800'5609     0x8  Code  Lc  hal_serial.o [1]
osalEventBroadcastFlagsI
                         0x800'6831     0x8  Code  Lc  hal_serial_lld.o [1]
osalEventBroadcastFlagsI
                         0x800'5769     0x8  Code  Lc  hal_serial_usb.o [1]
osalEventObjectInit      0x800'5601     0x8  Code  Lc  hal_serial.o [1]
osalEventObjectInit      0x800'5761     0x8  Code  Lc  hal_serial_usb.o [1]
osalInit                 0x800'50fd     0x2  Code  Lc  hal.o [1]
osalMutexLock            0x800'23c7     0x8  Code  Lc  hal_spi.o [1]
osalMutexObjectInit      0x800'5285     0x8  Code  Lc  hal_adc.o [1]
osalMutexObjectInit      0x800'23bf     0x8  Code  Lc  hal_spi.o [1]
osalMutexUnlock          0x800'23cf     0x8  Code  Lc  hal_spi.o [1]
osalOsTimerHandlerI      0x800'20b5     0x8  Code  Lc  hal_st_lld.o [1]
osalSysHalt              0x800'31a1     0x8  Code  Lc  hal_spi_lld.o [1]
osalSysLock              0x800'5275     0x8  Code  Lc  hal_adc.o [1]
osalSysLock              0x800'69a7     0x8  Code  Lc  hal_buffers.o [1]
osalSysLock              0x800'5599     0x8  Code  Lc  hal_gpt.o [1]
osalSysLock              0x800'64a7     0x8  Code  Lc  hal_queues.o [1]
osalSysLock              0x800'5739     0x8  Code  Lc  hal_serial_usb.o [1]
osalSysLock              0x800'23a3     0x8  Code  Lc  hal_spi.o [1]
osalSysLock              0x800'3a3d     0x8  Code  Lc  hal_usb.o [1]
osalSysLockFromISR       0x800'5e65     0x8  Code  Lc  hal_adc_lld.o [1]
osalSysLockFromISR       0x800'6821     0x8  Code  Lc  hal_serial_lld.o [1]
osalSysLockFromISR       0x800'5749     0x8  Code  Lc  hal_serial_usb.o [1]
osalSysLockFromISR       0x800'31a9     0x8  Code  Lc  hal_spi_lld.o [1]
osalSysLockFromISR       0x800'20a5     0x8  Code  Lc  hal_st_lld.o [1]
osalSysLockFromISR       0x800'3a4d     0x8  Code  Lc  hal_usb.o [1]
osalSysLockFromISR       0x800'85a5     0x8  Code  Lc  usbcfg.o [1]
osalSysUnlock            0x800'527d     0x8  Code  Lc  hal_adc.o [1]
osalSysUnlock            0x800'69af     0x8  Code  Lc  hal_buffers.o [1]
osalSysUnlock            0x800'55a1     0x8  Code  Lc  hal_gpt.o [1]
osalSysUnlock            0x800'64af     0x8  Code  Lc  hal_queues.o [1]
osalSysUnlock            0x800'5741     0x8  Code  Lc  hal_serial_usb.o [1]
osalSysUnlock            0x800'23ab     0x8  Code  Lc  hal_spi.o [1]
osalSysUnlock            0x800'3a45     0x8  Code  Lc  hal_usb.o [1]
osalSysUnlockFromISR     0x800'5e6d     0x8  Code  Lc  hal_adc_lld.o [1]
osalSysUnlockFromISR     0x800'6829     0x8  Code  Lc  hal_serial_lld.o [1]
osalSysUnlockFromISR     0x800'5751     0x8  Code  Lc  hal_serial_usb.o [1]
osalSysUnlockFromISR     0x800'31b1     0x8  Code  Lc  hal_spi_lld.o [1]
osalSysUnlockFromISR     0x800'20ad     0x8  Code  Lc  hal_st_lld.o [1]
osalSysUnlockFromISR     0x800'3a55     0x8  Code  Lc  hal_usb.o [1]
osalSysUnlockFromISR     0x800'85ad     0x8  Code  Lc  usbcfg.o [1]
osalThreadDequeueAllI    0x800'69cf     0x8  Code  Lc  hal_buffers.o [1]
osalThreadDequeueAllI    0x800'5759     0x8  Code  Lc  hal_serial_usb.o [1]
osalThreadDequeueNextI   0x800'69c7     0x8  Code  Lc  hal_buffers.o [1]
osalThreadDequeueNextI   0x800'64c7     0x8  Code  Lc  hal_queues.o [1]
osalThreadEnqueueTimeoutS
                         0x800'69bf     0x8  Code  Lc  hal_buffers.o [1]
osalThreadEnqueueTimeoutS
                         0x800'64bf     0x8  Code  Lc  hal_queues.o [1]
osalThreadQueueObjectInit
                         0x800'69b7     0x8  Code  Lc  hal_buffers.o [1]
osalThreadQueueObjectInit
                         0x800'64b7     0x8  Code  Lc  hal_queues.o [1]
osalThreadResumeI        0x800'5e75     0x8  Code  Lc  hal_adc_lld.o [1]
osalThreadResumeI        0x800'31b9     0x8  Code  Lc  hal_spi_lld.o [1]
osalThreadSuspendS       0x800'23b3     0xc  Code  Lc  hal_spi.o [1]
pal_default_config       0x800'8964    0x3c  Data  Gb  board.o [1]
parameter_initialization
                         0x800'179b    0x9c  Code  Gb  dev_bc3601.o [1]
parse_arguments          0x800'5ba3    0x5a  Code  Lc  shell.o [1]
pn9_data                0x2000'04e4    0x40  Data  Gb  dev_bc3601.o [1]
port_init                0x800'2ce7    0x3a  Code  Gb  chcore_v7m.o [1]
port_timer_get_time      0x800'2b2f     0x8  Code  Lc  chsys.o [1]
port_timer_get_time      0x800'3509     0x8  Code  Lc  chvt.o [1]
port_timer_get_time      0x800'0187     0x8  Code  Lc  rf_tasks.o [1]
port_timer_get_time      0x800'8341     0x8  Code  Lc  shell_cmd.o [1]
port_timer_set_alarm     0x800'2b25     0xa  Code  Lc  chsys.o [1]
port_timer_set_alarm     0x800'34ff     0xa  Code  Lc  chvt.o [1]
port_timer_start_alarm   0x800'34ed     0xa  Code  Lc  chvt.o [1]
port_timer_stop_alarm    0x800'2b1d     0x8  Code  Lc  chsys.o [1]
port_timer_stop_alarm    0x800'34f7     0x8  Code  Lc  chvt.o [1]
pows                     0x800'7584    0x18  Data  Lc  strto32.o [3]
premble_config           0x800'12a9    0x58  Code  Lc  dev_bc3601.o [1]
procRX2                  0x800'0839   0x1a8  Code  Lc  rf_tasks.o [1]
procRemoteIO             0x800'02e7   0x152  Code  Lc  rf_tasks.o [1]
procStepperTask          0x800'5393    0x6a  Code  Lc  stepper_task.o [1]
procSwitchRX             0x800'054d   0x194  Code  Lc  rf_tasks.o [1]
procSwitchTX             0x800'0439   0x114  Code  Lc  rf_tasks.o [1]
procTX2                  0x800'06e1   0x158  Code  Lc  rf_tasks.o [1]
procUSBTask              0x800'5161    0x94  Code  Lc  usbcdc_task.o [1]
processDI                0x800'49a3    0x3c  Code  Lc  app_receiver_main.o [1]
processRX1               0x800'49df    0x3c  Code  Lc  app_receiver_main.o [1]
processRX2               0x800'4ad1    0x2a  Code  Lc  app_receiver_main.o [1]
processRX_DO             0x800'4927    0x7c  Code  Lc  app_receiver_main.o [1]
processTX2               0x800'4a3f    0x92  Code  Lc  app_receiver_main.o [1]
pulse_active             0x800'5343     0xc  Code  Lc  stepper_task.o [1]
queue_dequeue            0x800'3057     0xe  Code  Lc  chmtx.o [1]
queue_dequeue            0x800'25d1     0xe  Code  Lc  chschd.o [1]
queue_fifo_remove        0x800'3049     0xe  Code  Lc  chmtx.o [1]
queue_fifo_remove        0x800'25c3     0xe  Code  Lc  chschd.o [1]
queue_fifo_remove        0x800'1c83     0xe  Code  Lc  chthreads.o [1]
queue_init               0x800'3011     0x6  Code  Lc  chmtx.o [1]
queue_init               0x800'25bd     0x6  Code  Lc  chschd.o [1]
queue_init               0x800'1c4d     0x6  Code  Lc  chthreads.o [1]
queue_init               0x800'697d     0x6  Code  Lc  hal_buffers.o [1]
queue_init               0x800'647d     0x6  Code  Lc  hal_queues.o [1]
queue_insert             0x800'1c75     0xe  Code  Lc  chthreads.o [1]
queue_notempty           0x800'3017    0x10  Code  Lc  chmtx.o [1]
queue_notempty           0x800'1c53    0x10  Code  Lc  chthreads.o [1]
queue_prio_insert        0x800'3027    0x22  Code  Lc  chmtx.o [1]
read_analog_state        0x800'0b95     0x6  Code  Gb  rf_tasks.o [1]
read_ctrl_state          0x800'0b83     0x6  Code  Gb  rf_tasks.o [1]
registerRead             0x800'0dc1    0x92  Code  Gb  bc3601.o [1]
registerWrite            0x800'0e59    0x76  Code  Gb  bc3601.o [1]
rf_getDataRate           0x800'0a69     0x8  Code  Gb  rf_tasks.o [1]
rf_getDestAddr           0x800'09e7     0x6  Code  Gb  rf_tasks.o [1]
rf_getFreq               0x800'0a4b     0x8  Code  Gb  rf_tasks.o [1]
rf_getMode               0x800'0a77     0x6  Code  Gb  rf_tasks.o [1]
rf_getPower              0x800'0a17     0x8  Code  Gb  rf_tasks.o [1]
rf_getSelfAddr           0x800'09ed     0x6  Code  Gb  rf_tasks.o [1]
rf_get_ppd               0x800'0aa1    0x14  Code  Gb  rf_tasks.o [1]
rf_op_mode               0x800'0b9b     0x6  Code  Gb  rf_tasks.o [1]
rf_power_value          0x2000'04c0    0x1c  Data  Gb  dev_bc3601.o [1]
rf_saveParam             0x800'0a7d     0xe  Code  Gb  rf_tasks.o [1]
rf_save_nvm              0x800'025d    0x10  Code  Gb  rf_tasks.o [1]
rf_setDataRate           0x800'0a53    0x16  Code  Gb  rf_tasks.o [1]
rf_setDestAddr           0x800'09e1     0x6  Code  Gb  rf_tasks.o [1]
rf_setFreq               0x800'0a1f    0x2c  Code  Gb  rf_tasks.o [1]
rf_setMode               0x800'0a71     0x6  Code  Gb  rf_tasks.o [1]
rf_setPower              0x800'09ff    0x18  Code  Gb  rf_tasks.o [1]
rf_setSelfAddr           0x800'09f3     0xc  Code  Gb  rf_tasks.o [1]
rf_set_ppd               0x800'0a95     0xc  Code  Gb  rf_tasks.o [1]
rf_task_init             0x800'0ab5    0xce  Code  Gb  rf_tasks.o [1]
rf_task_stop_manual_mode
                         0x800'0a8b     0xa  Code  Gb  rf_tasks.o [1]
rf_write_analog_state    0x800'0b8f     0x6  Code  Gb  rf_tasks.o [1]
rf_write_ctrl_state      0x800'0b89     0x6  Code  Gb  rf_tasks.o [1]
runTime                 0x2000'4b48    0x24  Data  Lc  rf_tasks.o [1]
rx_preamble_value       0x2000'04dc     0x4  Data  Gb  dev_bc3601.o [1]
samples                 0x2000'3e28    0x20  Data  Lc  app_receiver_main.o [1]
scalblnf                 0x800'75e5          Code  Gb  ldexpf.o [3]
scalbnf                  0x800'75e5          Code  Gb  ldexpf.o [3]
sdIncomingDataI          0x800'56cd    0x30  Code  Gb  hal_serial.o [1]
sdInit                   0x800'5685     0x8  Code  Gb  hal_serial.o [1]
sdObjectInit             0x800'568d    0x3c  Code  Gb  hal_serial.o [1]
sd_lld_init              0x800'6955    0x16  Code  Gb  hal_serial_lld.o [1]
sduConfigureHookI        0x800'597b    0x2e  Code  Gb  hal_serial_usb.o [1]
sduDataReceived          0x800'5b0d    0x4a  Code  Gb  hal_serial_usb.o [1]
sduDataTransmitted       0x800'5a6d    0xa0  Code  Gb  hal_serial_usb.o [1]
sduInit                  0x800'589f     0x2  Code  Gb  hal_serial_usb.o [1]
sduInterruptTransmitted
                         0x800'5b57     0x2  Code  Gb  hal_serial_usb.o [1]
sduObjectInit            0x800'58a1    0x4c  Code  Gb  hal_serial_usb.o [1]
sduRequestsHook          0x800'59a9    0x54  Code  Gb  hal_serial_usb.o [1]
sduSOFHookI              0x800'5a11    0x5c  Code  Gb  hal_serial_usb.o [1]
sduStart                 0x800'58ed    0x38  Code  Gb  hal_serial_usb.o [1]
sduSuspendHookI          0x800'5925    0x3e  Code  Gb  hal_serial_usb.o [1]
sduWakeupHookI           0x800'5963    0x18  Code  Gb  hal_serial_usb.o [1]
sdu_start_receive        0x800'5771    0x60  Code  Lc  hal_serial_usb.o [1]
serusbcfg                0x800'8fec     0x8  Data  Gb  usbcfg.o [1]
serve_interrupt          0x800'6867    0xd0  Code  Lc  hal_serial_lld.o [1]
set_address              0x800'3a6d    0x2a  Code  Lc  hal_usb.o [1]
set_error                0x800'6839    0x2e  Code  Lc  hal_serial_lld.o [1]
set_rf_addr              0x800'0291    0x56  Code  Lc  rf_tasks.o [1]
shellExit                0x800'5d5f    0x16  Code  Gb  shell.o [1]
shellGetLine             0x800'5d75    0x96  Code  Gb  shell.o [1]
shellInit                0x800'5d55     0xa  Code  Gb  shell.o [1]
shellThread              0x800'5c4b   0x10a  Code  Gb  shell.o [1]
shell_cfg                0x800'8ed4     0x8  Data  Lc  app_receiver_main.o [1]
shell_local_commands     0x800'89a0    0x38  Data  Gb  shell_cmd.o [1]
shell_terminated        0x2000'4bb0     0x4  Data  Gb  shell.o [1]
sof_handler              0x800'864b    0x12  Code  Lc  usbcfg.o [1]
spiAcquireBus            0x800'247d     0xa  Code  Gb  hal_spi.o [1]
spiInit                  0x800'23d7     0x8  Code  Gb  hal_spi.o [1]
spiObjectInit            0x800'23df    0x16  Code  Gb  hal_spi.o [1]
spiReceive               0x800'2455    0x28  Code  Gb  hal_spi.o [1]
spiReleaseBus            0x800'2487     0xa  Code  Gb  hal_spi.o [1]
spiSend                  0x800'242d    0x28  Code  Gb  hal_spi.o [1]
spiStart                 0x800'23f5    0x1c  Code  Gb  hal_spi.o [1]
spiStop                  0x800'2411    0x1c  Code  Gb  hal_spi.o [1]
spi_lld_init             0x800'3297    0x24  Code  Gb  hal_spi_lld.o [1]
spi_lld_receive          0x800'342f    0x50  Code  Gb  hal_spi_lld.o [1]
spi_lld_send             0x800'33db    0x54  Code  Gb  hal_spi_lld.o [1]
spi_lld_serve_rx_interrupt
                         0x800'31c1    0xc8  Code  Lc  hal_spi_lld.o [1]
spi_lld_serve_tx_interrupt
                         0x800'3289     0xe  Code  Lc  hal_spi_lld.o [1]
spi_lld_start            0x800'32bb    0xd6  Code  Gb  hal_spi_lld.o [1]
spi_lld_stop             0x800'3391    0x4a  Code  Gb  hal_spi_lld.o [1]
spicfg                   0x800'8cd4    0x14  Data  Lc  rf_tasks.o [1]
stGetCounter             0x800'0c59     0x8  Code  Gb  hal_st.o [1]
stInit                   0x800'0c35     0x8  Code  Gb  hal_st.o [1]
stSetAlarm               0x800'0c4f     0xa  Code  Gb  hal_st.o [1]
stStartAlarm             0x800'0c3d     0xa  Code  Gb  hal_st.o [1]
stStopAlarm              0x800'0c47     0x8  Code  Gb  hal_st.o [1]
st_lld_get_counter       0x800'0bf9     0x8  Code  Lc  hal_st.o [1]
st_lld_init              0x800'20cd    0x58  Code  Gb  hal_st_lld.o [1]
st_lld_serve_interrupt   0x800'2149    0x26  Code  Gb  hal_st_lld.o [1]
st_lld_set_alarm         0x800'0c1d     0x8  Code  Lc  hal_st.o [1]
st_lld_start_alarm       0x800'0c01    0x14  Code  Lc  hal_st.o [1]
st_lld_stop_alarm        0x800'0c15     0x8  Code  Lc  hal_st.o [1]
stepDone                0x2000'5122     0x1  Data  Lc  stepper_task.o [1]
stepMoveHome             0x800'4f51    0x3a  Code  Gb  stepper.o [1]
stepPoll                 0x800'4f8b   0x168  Code  Gb  stepper.o [1]
step_high                0x800'535f    0x16  Code  Lc  stepper_task.o [1]
step_low                 0x800'534f    0x10  Code  Lc  stepper_task.o [1]
step_runtime            0x2000'4bb4    0x3c  Data  Gb  stepper.o [1]
stepperCtrl             0x2000'06a0    0x48  Data  Gb  stepper_task.o [1]
stepperRuntime          0x2000'4bf0     0x4  Data  Lc  stepper_task.o [1]
stepper_init             0x800'4d39    0xbe  Code  Gb  stepper.o [1]
stepper_move_to          0x800'4df7   0x15a  Code  Gb  stepper.o [1]
stepper_task_init        0x800'53fd    0x3e  Code  Gb  stepper_task.o [1]
stm32_clock_init         0x800'54eb    0x70  Code  Gb  hal_lld.o [1]
strcmp                   0x800'2afd          Code  Gb  strcmp.o [4]
strncmp                  0x800'7e85    0x28  Code  Gb  strncmp.o [2]
strpbrk                  0x800'6e63    0x22  Code  Gb  strpbrk.o [2]
strspn                   0x800'6e41    0x22  Code  Gb  strspn.o [2]
strtof                   0x800'757d     0x6  Code  Gb  strto32.o [3]
strtol                   0x800'7f2b     0x4  Code  Gb  iar_Stolx.o [2]
sync_width_value        0x2000'04e0     0x4  Data  Gb  dev_bc3601.o [1]
sync_word_buff          0x2000'46c8     0xc  Data  Gb  dev_bc3601.o [1]
syncword_config          0x800'1301    0x72  Code  Lc  dev_bc3601.o [1]
tm_stop                  0x800'2905    0x3c  Code  Lc  chtm.o [1]
txPacket                0x2000'4b6c    0x44  Data  Lc  rf_tasks.o [1]
usbDisableEndpointsI     0x800'3df7    0x2a  Code  Gb  hal_usb.o [1]
usbInit                  0x800'3d53     0x8  Code  Gb  hal_usb.o [1]
usbInitEndpointI         0x800'3db5    0x42  Code  Gb  hal_usb.o [1]
usbObjectInit            0x800'3d5b    0x2c  Code  Gb  hal_usb.o [1]
usbStart                 0x800'3d87    0x2e  Code  Gb  hal_usb.o [1]
usbStartReceiveI         0x800'3e21    0x28  Code  Gb  hal_usb.o [1]
usbStartTransmitI        0x800'3e49    0x28  Code  Gb  hal_usb.o [1]
usb_cdc_active           0x800'521f    0x12  Code  Gb  usbcdc_task.o [1]
usb_event                0x800'85e3    0x68  Code  Lc  usbcfg.o [1]
usb_lld_clear_in         0x800'476b    0x32  Code  Gb  hal_usb_lld.o [1]
usb_lld_clear_out        0x800'473b    0x30  Code  Gb  hal_usb_lld.o [1]
usb_lld_disable_endpoints
                         0x800'45a5    0x26  Code  Gb  hal_usb_lld.o [1]
usb_lld_get_status_in    0x800'45ef    0x22  Code  Gb  hal_usb_lld.o [1]
usb_lld_get_status_out   0x800'45cb    0x24  Code  Gb  hal_usb_lld.o [1]
usb_lld_init             0x800'43f1     0xc  Code  Gb  hal_usb_lld.o [1]
usb_lld_init_endpoint    0x800'4497   0x10e  Code  Gb  hal_usb_lld.o [1]
usb_lld_read_setup       0x800'4611    0x28  Code  Gb  hal_usb_lld.o [1]
usb_lld_reset            0x800'4441    0x48  Code  Gb  hal_usb_lld.o [1]
usb_lld_set_address      0x800'4489     0xe  Code  Gb  hal_usb_lld.o [1]
usb_lld_stall_in         0x800'4719    0x22  Code  Gb  hal_usb_lld.o [1]
usb_lld_stall_out        0x800'46f7    0x22  Code  Gb  hal_usb_lld.o [1]
usb_lld_start            0x800'43fd    0x44  Code  Gb  hal_usb_lld.o [1]
usb_lld_start_in         0x800'469b    0x5c  Code  Gb  hal_usb_lld.o [1]
usb_lld_start_out        0x800'4639    0x62  Code  Gb  hal_usb_lld.o [1]
usb_packet_read_to_buffer
                         0x800'4181    0x44  Code  Lc  hal_usb_lld.o [1]
usb_packet_write_from_buffer
                         0x800'41c5    0x3a  Code  Lc  hal_usb_lld.o [1]
usb_pm_alloc             0x800'4169    0x18  Code  Lc  hal_usb_lld.o [1]
usb_pm_reset             0x800'4161     0x8  Code  Lc  hal_usb_lld.o [1]
usb_serve_endpoints      0x800'41ff   0x15c  Code  Lc  hal_usb_lld.o [1]
usbcdc_runtime          0x2000'4c54     0xc  Data  Gb  usbcdc_task.o [1]
usbcdc_task_init         0x800'51f5    0x18  Code  Gb  usbcdc_task.o [1]
usbcdc_task_stop         0x800'520d    0x12  Code  Gb  usbcdc_task.o [1]
usbcfg                   0x800'8db8    0x10  Data  Gb  usbcfg.o [1]
vcom_configuration_descriptor
                         0x800'8fdc     0x8  Data  Lc  usbcfg.o [1]
vcom_configuration_descriptor_data
                         0x800'88e0    0x44  Data  Lc  usbcfg.o [1]
vcom_device_descriptor   0x800'8fd4     0x8  Data  Lc  usbcfg.o [1]
vcom_device_descriptor_data
                         0x800'8d74    0x14  Data  Lc  usbcfg.o [1]
vcom_string0             0x800'8ffc     0x4  Data  Lc  usbcfg.o [1]
vcom_string1             0x800'8adc    0x28  Data  Lc  usbcfg.o [1]
vcom_string2             0x800'89d8    0x38  Data  Lc  usbcfg.o [1]
vcom_string3             0x800'8fe4     0x8  Data  Lc  usbcfg.o [1]
vcom_strings             0x800'8c10    0x20  Data  Lc  usbcfg.o [1]
vmt                      0x800'8a64    0x28  Data  Lc  hal_serial.o [1]
vmt                      0x800'8a8c    0x28  Data  Lc  hal_serial_usb.o [1]
vt_blink                0x2000'3e48    0x14  Data  Lc  app_receiver_main.o [1]
waRX2                   0x2000'2af8   0x570  Data  Lc  rf_tasks.o [1]
waRemoteIO              0x2000'0938  0x1170  Data  Lc  rf_tasks.o [1]
waShell                 0x2000'33d8   0x4e0  Data  Lc  usbcdc_task.o [1]
waStepperTask           0x2000'3068   0x370  Data  Lc  stepper_task.o [1]
waSwitchRX              0x2000'2018   0x570  Data  Lc  rf_tasks.o [1]
waSwitchTX              0x2000'1aa8   0x570  Data  Lc  rf_tasks.o [1]
waTX2                   0x2000'2588   0x570  Data  Lc  rf_tasks.o [1]
waUSBTask               0x2000'38b8   0x570  Data  Lc  usbcdc_task.o [1]
wakeup                   0x800'26bd    0x50  Code  Lc  chschd.o [1]
zero_status              0x800'2086     0x2  Data  Lc  hal_usb.o [1]


[1] = D:\SourceRespo\IAR_SRC_WS\RemoteIO\Switch_48LQFP\Obj
[2] = dl7M_tln.a
[3] = m7M_tls.a
[4] = rt7M_tl.a
[5] = shb_l.a

  34 704 bytes of readonly  code memory
   2 591 bytes of readonly  data memory
  24 867 bytes of readwrite data memory

Errors: none
Warnings: none
