###############################################################################
#
# IAR ELF Linker V8.32.3.193/W32 for ARM                  22/Apr/2026  10:36:38
# Copyright 2007-2019 IAR Systems AB.
#
#    Output file  =  
#        D:\SourceRespo\IAR_SRC_WS\RemoteIO\RF_RX_V02\Exe\RemoteIO.out
#    Map file     =  
#        D:\SourceRespo\IAR_SRC_WS\RemoteIO\RF_RX_V02\List\RemoteIO.map
#    Command line =  
#        -f C:\Users\jjyeh\AppData\Local\Temp\EW6DD7.tmp
#        (D:\SourceRespo\IAR_SRC_WS\RemoteIO\RF_RX_V02\Obj\adxl355_dev.o
#        D:\SourceRespo\IAR_SRC_WS\RemoteIO\RF_RX_V02\Obj\app_rf_rx_v02.o
#        D:\SourceRespo\IAR_SRC_WS\RemoteIO\RF_RX_V02\Obj\at32_flash.o
#        D:\SourceRespo\IAR_SRC_WS\RemoteIO\RF_RX_V02\Obj\at32f4xx_flash.o
#        D:\SourceRespo\IAR_SRC_WS\RemoteIO\RF_RX_V02\Obj\bc3601.o
#        D:\SourceRespo\IAR_SRC_WS\RemoteIO\RF_RX_V02\Obj\bin_protocol.o
#        D:\SourceRespo\IAR_SRC_WS\RemoteIO\RF_RX_V02\Obj\binaryProtocolTask.o
#        D:\SourceRespo\IAR_SRC_WS\RemoteIO\RF_RX_V02\Obj\bmi160.o
#        D:\SourceRespo\IAR_SRC_WS\RemoteIO\RF_RX_V02\Obj\board.o
#        D:\SourceRespo\IAR_SRC_WS\RemoteIO\RF_RX_V02\Obj\chcond.o
#        D:\SourceRespo\IAR_SRC_WS\RemoteIO\RF_RX_V02\Obj\chcore.o
#        D:\SourceRespo\IAR_SRC_WS\RemoteIO\RF_RX_V02\Obj\chcore_v7m.o
#        D:\SourceRespo\IAR_SRC_WS\RemoteIO\RF_RX_V02\Obj\chcoreasm_v7m.o
#        D:\SourceRespo\IAR_SRC_WS\RemoteIO\RF_RX_V02\Obj\chdebug.o
#        D:\SourceRespo\IAR_SRC_WS\RemoteIO\RF_RX_V02\Obj\chdelegates.o
#        D:\SourceRespo\IAR_SRC_WS\RemoteIO\RF_RX_V02\Obj\chdynamic.o
#        D:\SourceRespo\IAR_SRC_WS\RemoteIO\RF_RX_V02\Obj\chevents.o
#        D:\SourceRespo\IAR_SRC_WS\RemoteIO\RF_RX_V02\Obj\chfactory.o
#        D:\SourceRespo\IAR_SRC_WS\RemoteIO\RF_RX_V02\Obj\chmboxes.o
#        D:\SourceRespo\IAR_SRC_WS\RemoteIO\RF_RX_V02\Obj\chmemcore.o
#        D:\SourceRespo\IAR_SRC_WS\RemoteIO\RF_RX_V02\Obj\chmemheaps.o
#        D:\SourceRespo\IAR_SRC_WS\RemoteIO\RF_RX_V02\Obj\chmempools.o
#        D:\SourceRespo\IAR_SRC_WS\RemoteIO\RF_RX_V02\Obj\chmsg.o
#        D:\SourceRespo\IAR_SRC_WS\RemoteIO\RF_RX_V02\Obj\chmtx.o
#        D:\SourceRespo\IAR_SRC_WS\RemoteIO\RF_RX_V02\Obj\chobjcaches.o
#        D:\SourceRespo\IAR_SRC_WS\RemoteIO\RF_RX_V02\Obj\chpipes.o
#        D:\SourceRespo\IAR_SRC_WS\RemoteIO\RF_RX_V02\Obj\chprintf.o
#        D:\SourceRespo\IAR_SRC_WS\RemoteIO\RF_RX_V02\Obj\chregistry.o
#        D:\SourceRespo\IAR_SRC_WS\RemoteIO\RF_RX_V02\Obj\chschd.o
#        D:\SourceRespo\IAR_SRC_WS\RemoteIO\RF_RX_V02\Obj\chsem.o
#        D:\SourceRespo\IAR_SRC_WS\RemoteIO\RF_RX_V02\Obj\chstats.o
#        D:\SourceRespo\IAR_SRC_WS\RemoteIO\RF_RX_V02\Obj\chsys.o
#        D:\SourceRespo\IAR_SRC_WS\RemoteIO\RF_RX_V02\Obj\chthreads.o
#        D:\SourceRespo\IAR_SRC_WS\RemoteIO\RF_RX_V02\Obj\chtm.o
#        D:\SourceRespo\IAR_SRC_WS\RemoteIO\RF_RX_V02\Obj\chtrace.o
#        D:\SourceRespo\IAR_SRC_WS\RemoteIO\RF_RX_V02\Obj\chvt.o
#        D:\SourceRespo\IAR_SRC_WS\RemoteIO\RF_RX_V02\Obj\cmsis_os.o
#        D:\SourceRespo\IAR_SRC_WS\RemoteIO\RF_RX_V02\Obj\crc16-ccitt.o
#        D:\SourceRespo\IAR_SRC_WS\RemoteIO\RF_RX_V02\Obj\cstartup.o
#        D:\SourceRespo\IAR_SRC_WS\RemoteIO\RF_RX_V02\Obj\database.o
#        D:\SourceRespo\IAR_SRC_WS\RemoteIO\RF_RX_V02\Obj\dev_bc3601.o
#        D:\SourceRespo\IAR_SRC_WS\RemoteIO\RF_RX_V02\Obj\evtimer.o
#        D:\SourceRespo\IAR_SRC_WS\RemoteIO\RF_RX_V02\Obj\hal.o
#        D:\SourceRespo\IAR_SRC_WS\RemoteIO\RF_RX_V02\Obj\hal_adc.o
#        D:\SourceRespo\IAR_SRC_WS\RemoteIO\RF_RX_V02\Obj\hal_adc_lld.o
#        D:\SourceRespo\IAR_SRC_WS\RemoteIO\RF_RX_V02\Obj\hal_buffers.o
#        D:\SourceRespo\IAR_SRC_WS\RemoteIO\RF_RX_V02\Obj\hal_can.o
#        D:\SourceRespo\IAR_SRC_WS\RemoteIO\RF_RX_V02\Obj\hal_can_lld.o
#        D:\SourceRespo\IAR_SRC_WS\RemoteIO\RF_RX_V02\Obj\hal_crypto.o
#        D:\SourceRespo\IAR_SRC_WS\RemoteIO\RF_RX_V02\Obj\hal_dac.o
#        D:\SourceRespo\IAR_SRC_WS\RemoteIO\RF_RX_V02\Obj\hal_efl.o
#        D:\SourceRespo\IAR_SRC_WS\RemoteIO\RF_RX_V02\Obj\hal_efl_lld.o
#        D:\SourceRespo\IAR_SRC_WS\RemoteIO\RF_RX_V02\Obj\hal_flash.o
#        D:\SourceRespo\IAR_SRC_WS\RemoteIO\RF_RX_V02\Obj\hal_gpt.o
#        D:\SourceRespo\IAR_SRC_WS\RemoteIO\RF_RX_V02\Obj\hal_gpt_lld.o
#        D:\SourceRespo\IAR_SRC_WS\RemoteIO\RF_RX_V02\Obj\hal_i2c.o
#        D:\SourceRespo\IAR_SRC_WS\RemoteIO\RF_RX_V02\Obj\hal_i2c_lld.o
#        D:\SourceRespo\IAR_SRC_WS\RemoteIO\RF_RX_V02\Obj\hal_i2s.o
#        D:\SourceRespo\IAR_SRC_WS\RemoteIO\RF_RX_V02\Obj\hal_i2s_lld.o
#        D:\SourceRespo\IAR_SRC_WS\RemoteIO\RF_RX_V02\Obj\hal_icu.o
#        D:\SourceRespo\IAR_SRC_WS\RemoteIO\RF_RX_V02\Obj\hal_icu_lld.o
#        D:\SourceRespo\IAR_SRC_WS\RemoteIO\RF_RX_V02\Obj\hal_lld.o
#        D:\SourceRespo\IAR_SRC_WS\RemoteIO\RF_RX_V02\Obj\hal_mac.o
#        D:\SourceRespo\IAR_SRC_WS\RemoteIO\RF_RX_V02\Obj\hal_mmc_spi.o
#        D:\SourceRespo\IAR_SRC_WS\RemoteIO\RF_RX_V02\Obj\hal_mmcsd.o
#        D:\SourceRespo\IAR_SRC_WS\RemoteIO\RF_RX_V02\Obj\hal_pal.o
#        D:\SourceRespo\IAR_SRC_WS\RemoteIO\RF_RX_V02\Obj\hal_pal_lld.o
#        D:\SourceRespo\IAR_SRC_WS\RemoteIO\RF_RX_V02\Obj\hal_pwm.o
#        D:\SourceRespo\IAR_SRC_WS\RemoteIO\RF_RX_V02\Obj\hal_pwm_lld.o
#        D:\SourceRespo\IAR_SRC_WS\RemoteIO\RF_RX_V02\Obj\hal_queues.o
#        D:\SourceRespo\IAR_SRC_WS\RemoteIO\RF_RX_V02\Obj\hal_rtc.o
#        D:\SourceRespo\IAR_SRC_WS\RemoteIO\RF_RX_V02\Obj\hal_rtc_lld.o
#        D:\SourceRespo\IAR_SRC_WS\RemoteIO\RF_RX_V02\Obj\hal_sdc.o
#        D:\SourceRespo\IAR_SRC_WS\RemoteIO\RF_RX_V02\Obj\hal_serial.o
#        D:\SourceRespo\IAR_SRC_WS\RemoteIO\RF_RX_V02\Obj\hal_serial_lld.o
#        D:\SourceRespo\IAR_SRC_WS\RemoteIO\RF_RX_V02\Obj\hal_serial_usb.o
#        D:\SourceRespo\IAR_SRC_WS\RemoteIO\RF_RX_V02\Obj\hal_sio.o
#        D:\SourceRespo\IAR_SRC_WS\RemoteIO\RF_RX_V02\Obj\hal_spi.o
#        D:\SourceRespo\IAR_SRC_WS\RemoteIO\RF_RX_V02\Obj\hal_spi_lld.o
#        D:\SourceRespo\IAR_SRC_WS\RemoteIO\RF_RX_V02\Obj\hal_st.o
#        D:\SourceRespo\IAR_SRC_WS\RemoteIO\RF_RX_V02\Obj\hal_st_lld.o
#        D:\SourceRespo\IAR_SRC_WS\RemoteIO\RF_RX_V02\Obj\hal_trng.o
#        D:\SourceRespo\IAR_SRC_WS\RemoteIO\RF_RX_V02\Obj\hal_uart.o
#        D:\SourceRespo\IAR_SRC_WS\RemoteIO\RF_RX_V02\Obj\hal_uart_lld.o
#        D:\SourceRespo\IAR_SRC_WS\RemoteIO\RF_RX_V02\Obj\hal_usb.o
#        D:\SourceRespo\IAR_SRC_WS\RemoteIO\RF_RX_V02\Obj\hal_usb_lld.o
#        D:\SourceRespo\IAR_SRC_WS\RemoteIO\RF_RX_V02\Obj\hal_wdg.o
#        D:\SourceRespo\IAR_SRC_WS\RemoteIO\RF_RX_V02\Obj\hal_wspi.o
#        D:\SourceRespo\IAR_SRC_WS\RemoteIO\RF_RX_V02\Obj\iir.o
#        D:\SourceRespo\IAR_SRC_WS\RemoteIO\RF_RX_V02\Obj\memstreams.o
#        D:\SourceRespo\IAR_SRC_WS\RemoteIO\RF_RX_V02\Obj\nullstreams.o
#        D:\SourceRespo\IAR_SRC_WS\RemoteIO\RF_RX_V02\Obj\nvic.o
#        D:\SourceRespo\IAR_SRC_WS\RemoteIO\RF_RX_V02\Obj\nvm.o
#        D:\SourceRespo\IAR_SRC_WS\RemoteIO\RF_RX_V02\Obj\osal.o
#        D:\SourceRespo\IAR_SRC_WS\RemoteIO\RF_RX_V02\Obj\shell.o
#        D:\SourceRespo\IAR_SRC_WS\RemoteIO\RF_RX_V02\Obj\shell_cmd.o
#        D:\SourceRespo\IAR_SRC_WS\RemoteIO\RF_RX_V02\Obj\stepper.o
#        D:\SourceRespo\IAR_SRC_WS\RemoteIO\RF_RX_V02\Obj\stepper_task.o
#        D:\SourceRespo\IAR_SRC_WS\RemoteIO\RF_RX_V02\Obj\stm32_dma.o
#        D:\SourceRespo\IAR_SRC_WS\RemoteIO\RF_RX_V02\Obj\stm32_isr.o
#        D:\SourceRespo\IAR_SRC_WS\RemoteIO\RF_RX_V02\Obj\vectors.o
#        --no_out_extension -o
#        D:\SourceRespo\IAR_SRC_WS\RemoteIO\RF_RX_V02\Exe\RemoteIO.out --map
#        D:\SourceRespo\IAR_SRC_WS\RemoteIO\RF_RX_V02\List\RemoteIO.map
#        --config D:\SourceRespo\IAR_SRC_WS\RemoteIO\ch_at32.icf --semihosting
#        --entry __iar_program_start --vfe --text_out locale)
#
###############################################################################

*******************************************************************************
*** RUNTIME MODEL ATTRIBUTES
***

CppFlavor       = *
__SystemLibrary = DLib
__dlib_version  = 6


*******************************************************************************
*** HEAP SELECTION
***

The basic heap was selected because no calls to memory allocation
functions were found in the application outside of system library
functions, and there are calls to deallocation functions in the
application.


*******************************************************************************
*** PLACEMENT SUMMARY
***

"A0":  place at 0x800'0000 { section .intvec };
"P1":  place in [from 0x800'0000 to 0x803'ffff] { ro };
define block IRQSTACK with size = 1K, alignment = 8 { };
"A1":  place at start of [from 0x2000'0000 to 0x2000'ffff] { block IRQSTACK };
define block DATABSS with alignment = 8 { rw, zi };
"P2":  place in [from 0x2000'0000 to 0x2000'ffff] { block DATABSS };
define block HEAP with size = 4K, alignment = 8 { };
"P3":  place in [from 0x2000'0000 to 0x2000'ffff] { block HEAP };
define block SYSHEAP with alignment = 8 { section SYSHEAP };
"P4":  place in [from 0x2000'0000 to 0x2000'ffff] { block SYSHEAP };
define block CSTACK with size = 4K, alignment = 8 { section CSTACK };
"A2":  place at end of [from 0x2000'0000 to 0x2000'ffff] { block CSTACK };
initialize by copy { rw };
keep { section .intvec };

No sections matched the following patterns:

  section CSTACK  in block CSTACK


  Section            Kind         Address    Size  Object
  -------            ----         -------    ----  ------
"A0":                                       0x180
  .intvec            ro code   0x800'0000   0x180  vectors.o [1]
                             - 0x800'0180   0x180

"P1":                                      0x8042
  .text              ro code   0x800'0180  0x1e14  app_rf_rx_v02.o [1]
  .text              ro code   0x800'1f94    0x68  hal_st.o [1]
  .text              ro code   0x800'1ffc    0x90  chstats.o [1]
  .text              ro code   0x800'208c   0x1a8  chvt.o [1]
  .text              ro code   0x800'2234   0x73c  database.o [1]
  .text              ro code   0x800'2970   0x230  I64DivMod.o [4]
  .text              ro code   0x800'2ba0   0x3e8  stepper.o [1]
  .text              ro code   0x800'2f88    0xb2  hal_pwm.o [1]
  .text              ro code   0x800'303a    0x7a  lz77_init_single.o [4]
  .text              ro code   0x800'30b4   0x12c  hal_pal_lld.o [1]
  .text              ro code   0x800'31e0   0x396  chthreads.o [1]
  .text              ro code   0x800'3576    0x3a  zero_init3.o [4]
  .text              ro code   0x800'35b0   0x218  stepper_task.o [1]
  .text              ro code   0x800'37c8   0x5a8  binaryProtocolTask.o [1]
  .text              ro code   0x800'3d70    0x34  hal.o [1]
  .text              ro code   0x800'3da4   0x17c  chsys.o [1]
  .text              ro code   0x800'3f20   0x118  chevents.o [1]
  .text              ro code   0x800'4038    0x9a  chregistry.o [1]
  .text              ro code   0x800'40d2    0xac  hal_adc.o [1]
  .rodata            const     0x800'417e     0x2  dev_bc3601.o [1]
  .text              ro code   0x800'4180    0x48  FltToDbl.o [3]
  .text              ro code   0x800'41c8    0x22  S32ToDbl.o [3]
  .rodata            const     0x800'41ea     0x2  dev_bc3601.o [1]
  .text              ro code   0x800'41ec   0x1a2  DblMul.o [3]
  .rodata            const     0x800'438e     0x2  hal_spi_lld.o [1]
  .text              ro code   0x800'4390   0x17a  DblAdd.o [3]
  .text              ro code   0x800'450a     0x2  vectors.o [1]
  .text              ro code   0x800'450c    0x68  DblToFlt.o [3]
  .text              ro code   0x800'4574   0xa7a  dev_bc3601.o [1]
  .text              ro code   0x800'4ff0   0x22a  bc3601.o [1]
  .text              ro code   0x800'521c    0xe8  hal_st_lld.o [1]
  .text              ro code   0x800'5304    0xbc  chtm.o [1]
  .text              ro code   0x800'53c0    0x3c  crc16-ccitt.o [1]
  .text              ro code   0x800'53fc   0x15c  nvm.o [1]
  .text              ro code   0x800'5558    0xa6  ABImemcpy.o [4]
  .text              ro code   0x800'5600     0x2  I64DivZer.o [4]
  .text              ro code   0x800'5604   0x2f6  hal_pwm_lld.o [1]
  .text              ro code   0x800'58fc   0x29c  chschd.o [1]
  .text              ro code   0x800'5b98    0xa0  chmemheaps.o [1]
  .text              ro code   0x800'5c38    0x4c  chmempools.o [1]
  .text              ro code   0x800'5c84    0x7e  hal_gpt.o [1]
  .text              ro code   0x800'5d04   0x148  hal_serial.o [1]
  .text              ro code   0x800'5e4c    0xe4  hal_lld.o [1]
  .text              ro code   0x800'5f30   0x10a  hal_spi.o [1]
  .text              ro code   0x800'603a     0xa  board.o [1]
  .text              ro code   0x800'6044    0x80  chmemcore.o [1]
  .text              ro code   0x800'60c4    0x78  chfactory.o [1]
  .text              ro code   0x800'613c   0x108  chcore_v7m.o [1]
  .text              ro code   0x800'6244    0x12  strcmp.o [4]
  .text              ro code   0x800'6258   0x174  chmtx.o [1]
  .text              ro code   0x800'63cc   0x276  hal_adc_lld.o [1]
  .text              ro code   0x800'6644    0xd2  DblSub.o [3]
  .text              ro code   0x800'6718    0x58  nvic.o [1]
  .text              ro code   0x800'6770   0x186  at32_flash.o [1]
  .text              ro code   0x800'68f6     0xc  memcpy.o [4]
  .text              ro code   0x800'6904    0x3e  chcoreasm_v7m.o [1]
  .text              ro code   0x800'6944   0x188  hal_gpt_lld.o [1]
  .text              ro code   0x800'6acc   0x386  hal_queues.o [1]
  .text              ro code   0x800'6e54   0x234  hal_serial_lld.o [1]
  .text              ro code   0x800'7088   0x278  stm32_dma.o [1]
  .text              ro code   0x800'7300   0x22c  stm32_isr.o [1]
  .text              ro code   0x800'752c   0x380  hal_spi_lld.o [1]
  .text              ro code   0x800'78ac   0x224  at32f4xx_flash.o [1]
  .rodata            const     0x800'7ad0   0x200  crc16-ccitt.o [1]
  .rodata            const     0x800'7cd0    0xb0  stm32_dma.o [1]
  .text              ro code   0x800'7d80    0x90  cstartup.o [1]
  .text              ro code   0x800'7e10    0x22  fpinit_M.o [3]
  .text              ro code   0x800'7e34    0x1e  cmain.o [4]
  .text              ro code   0x800'7e52     0x4  low_level_init.o [2]
  .text              ro code   0x800'7e58    0x28  data_init.o [4]
  .text              ro code   0x800'7e80     0x4  exit.o [2]
  .text              ro code   0x800'7e84     0xa  cexit.o [4]
  .text              ro code   0x800'7e90    0x14  exit.o [5]
  .rodata            const     0x800'7ea4    0x3c  board.o [1]
  .rodata            const     0x800'7ee0    0x28  app_rf_rx_v02.o [1]
  .rodata            const     0x800'7f08    0x28  app_rf_rx_v02.o [1]
  .rodata            const     0x800'7f30    0x28  hal_serial.o [1]
  .rodata            const     0x800'7f58    0x24  dev_bc3601.o [1]
  .iar.init_table    const     0x800'7f7c    0x20  - Linker created -
  .rodata            const     0x800'7f9c    0x18  chregistry.o [1]
  .rodata            const     0x800'7fb4    0x18  chsys.o [1]
  .rodata            const     0x800'7fcc    0x18  dev_bc3601.o [1]
  .rodata            const     0x800'7fe4    0x14  app_rf_rx_v02.o [1]
  .rodata            const     0x800'7ff8    0x14  hal_pal_lld.o [1]
  .rodata            const     0x800'800c    0x10  chschd.o [1]
  .rodata            const     0x800'801c    0x10  dev_bc3601.o [1]
  .rodata            const     0x800'802c     0xc  dev_bc3601.o [1]
  .rodata            const     0x800'8038     0xc  hal_serial_lld.o [1]
  .rodata            const     0x800'8044     0xc  hal_spi_lld.o [1]
  .rodata            const     0x800'8050     0x8  app_rf_rx_v02.o [1]
  .rodata            const     0x800'8058     0x8  binaryProtocolTask.o [1]
  .rodata            const     0x800'8060     0x8  chsys.o [1]
  .rodata            const     0x800'8068     0x8  chthreads.o [1]
  .rodata            const     0x800'8070     0x8  stepper_task.o [1]
  .rodata            const     0x800'8078     0x0  zero_init3.o [4]
  .rodata            const     0x800'8078     0x0  lz77_init_single.o [4]
  Initializer bytes  const     0x800'8078   0x14a  <for DATABSS-1>
                             - 0x800'81c2  0x8042

"A1":                                       0x400
  IRQSTACK                    0x2000'0000   0x400  <Block>
    IRQSTACK         uninit   0x2000'0000   0x400  <Block tail>
                            - 0x2000'0400   0x400

"P2-P4":                                   0x43a0
  DATABSS                     0x2000'0400  0x439c  <Block>
    HEAP             rw data  0x2000'0400     0x0  cstartup.o [1]
    DATABSS-1                 0x2000'0400   0x311  <Init block>
      .data          inited   0x2000'0400    0x34  app_rf_rx_v02.o [1]
      .data          inited   0x2000'0434    0x34  app_rf_rx_v02.o [1]
      .data          inited   0x2000'0468    0x34  app_rf_rx_v02.o [1]
      .data          inited   0x2000'049c    0x10  app_rf_rx_v02.o [1]
      .data          inited   0x2000'04ac    0x58  app_rf_rx_v02.o [1]
      .data          inited   0x2000'0504    0x48  app_rf_rx_v02.o [1]
      .data          inited   0x2000'054c    0x18  app_rf_rx_v02.o [1]
      .data          inited   0x2000'0564    0x48  app_rf_rx_v02.o [1]
      .data          inited   0x2000'05ac     0xc  binaryProtocolTask.o [1]
      .data          inited   0x2000'05b8    0x1c  dev_bc3601.o [1]
      .data          inited   0x2000'05d4     0x4  dev_bc3601.o [1]
      .data          inited   0x2000'05d8     0x4  dev_bc3601.o [1]
      .data          inited   0x2000'05dc    0x28  dev_bc3601.o [1]
      .data          inited   0x2000'0604    0x28  dev_bc3601.o [1]
      .data          inited   0x2000'062c     0x8  dev_bc3601.o [1]
      .data          inited   0x2000'0634    0x10  dev_bc3601.o [1]
      .data          inited   0x2000'0644    0x64  dev_bc3601.o [1]
      .data          inited   0x2000'06a8    0x10  stepper_task.o [1]
      .data          inited   0x2000'06b8    0x10  stepper_task.o [1]
      .data          inited   0x2000'06c8    0x48  stepper_task.o [1]
      .data          inited   0x2000'0710     0x1  database.o [1]
    .bss             zero     0x2000'0718   0x370  app_rf_rx_v02.o [1]
    .bss             zero     0x2000'0a88   0x370  app_rf_rx_v02.o [1]
    .bss             zero     0x2000'0df8   0x370  app_rf_rx_v02.o [1]
    .bss             zero     0x2000'1168  0x1170  binaryProtocolTask.o [1]
    .bss             zero     0x2000'22d8    0xd0  chschd.o [1]
    .bss             zero     0x2000'23a8   0x180  chsys.o [1]
    .bss             zero     0x2000'2528   0x370  stepper_task.o [1]
    .bss             zero     0x2000'2898    0x60  app_rf_rx_v02.o [1]
    .bss             zero     0x2000'28f8    0x68  app_rf_rx_v02.o [1]
    .bss             zero     0x2000'2960    0x44  app_rf_rx_v02.o [1]
    .bss             zero     0x2000'29a4    0x44  app_rf_rx_v02.o [1]
    .bss             zero     0x2000'29e8    0x20  app_rf_rx_v02.o [1]
    .bss             zero     0x2000'2a08    0x50  app_rf_rx_v02.o [1]
    .bss             zero     0x2000'2a58    0x14  app_rf_rx_v02.o [1]
    .bss             zero     0x2000'2a6c     0xc  binaryProtocolTask.o [1]
    .bss             zero     0x2000'2a78    0x48  chfactory.o [1]
    .bss             zero     0x2000'2ac0     0x8  chmemcore.o [1]
    .bss             zero     0x2000'2ac8   0x800  chmemcore.o [1]
    .bss             zero     0x2000'32c8    0x1c  chmemheaps.o [1]
    .bss             zero     0x2000'32e4   0x924  database.o [1]
    .bss             zero     0x2000'3c08     0xc  dev_bc3601.o [1]
    .bss             zero     0x2000'3c14    0x34  hal_adc_lld.o [1]
    .bss             zero     0x2000'3c48    0x10  hal_gpt_lld.o [1]
    .bss             zero     0x2000'3c58    0x10  hal_gpt_lld.o [1]
    .bss             zero     0x2000'3c68    0x80  hal_pal_lld.o [1]
    .bss             zero     0x2000'3ce8    0x1c  hal_pwm_lld.o [1]
    .bss             zero     0x2000'3d04    0x1c  hal_pwm_lld.o [1]
    .bss             zero     0x2000'3d20    0x1c  hal_pwm_lld.o [1]
    .bss             zero     0x2000'3d3c   0x15c  hal_serial_lld.o [1]
    .bss             zero     0x2000'3e98    0x30  hal_spi_lld.o [1]
    .bss             zero     0x2000'3ec8    0x30  hal_spi_lld.o [1]
    .bss             zero     0x2000'3ef8   0x800  nvm.o [1]
    .bss             zero     0x2000'46f8    0x3c  stepper.o [1]
    .bss             zero     0x2000'4734     0x4  stepper_task.o [1]
    .bss             zero     0x2000'4738    0x60  stm32_dma.o [1]
    .bss             zero     0x2000'4798     0x2  hal_spi_lld.o [1]
    .bss             zero     0x2000'479a     0x1  stepper_task.o [1]
  SYSHEAP                     0x2000'47a0     0x0  <Block>
    SYSHEAP          rw data  0x2000'47a0     0x0  cstartup.o [1]
                            - 0x2000'47a0  0x43a0

"A2":                                      0x1000
  CSTACK                      0x2000'f000  0x1000  <Block>
    CSTACK           uninit   0x2000'f000  0x1000  <Block tail>
                            - 0x2001'0000  0x1000

Unused ranges:

         From           To      Size
         ----           --      ----
   0x800'81c2   0x803'ffff  0x3'7e3e
  0x2000'47a0  0x2000'efff    0xa860


*******************************************************************************
*** INIT TABLE
***

          Address      Size
          -------      ----
Zero (__iar_zero_init3)
    1 destination range, total size 0x4083:
          0x2000'0718  0x4083

Copy/lz77 (__iar_lz77_init_single3)
    1 source range, total size 0x14a (42% of destination):
           0x800'8078   0x14a
    1 destination range, total size 0x311:
          0x2000'0400   0x311



*******************************************************************************
*** MODULE SUMMARY
***

    Module                ro code  ro data  rw data
    ------                -------  -------  -------
command line/config:
    -----------------------------------------------
    Total:

D:\SourceRespo\IAR_SRC_WS\RemoteIO\RF_RX_V02\Obj: [1]
    app_rf_rx_v02.o         7 700      287    3 536
    at32_flash.o              390
    at32f4xx_flash.o          548
    bc3601.o                  554
    binaryProtocolTask.o    1 448       13    4 488
    board.o                    10       60
    chcore_v7m.o              264
    chcoreasm_v7m.o            62
    chevents.o                280
    chfactory.o               120                72
    chmemcore.o               128             2 056
    chmemheaps.o              160                28
    chmempools.o               76
    chmtx.o                   372
    chregistry.o              154       24
    chschd.o                  668       16      208
    chstats.o                 144
    chsys.o                   380       32      384
    chthreads.o               918        8
    chtm.o                    188
    chvt.o                    424
    crc16-ccitt.o              60      512
    cstartup.o                144
    database.o              1 852        1    2 341
    dev_bc3601.o            2 682      193      252
    hal.o                      52
    hal_adc.o                 172
    hal_adc_lld.o             630                52
    hal_gpt.o                 126
    hal_gpt_lld.o             392                32
    hal_lld.o                 228
    hal_pal_lld.o             300       20      128
    hal_pwm.o                 178
    hal_pwm_lld.o             758                84
    hal_queues.o              902
    hal_serial.o              328       40
    hal_serial_lld.o          564       12      348
    hal_spi.o                 266
    hal_spi_lld.o             896       14       98
    hal_st.o                  104
    hal_st_lld.o              232
    nvic.o                     88
    nvm.o                     348             2 048
    stepper.o               1 000                60
    stepper_task.o            536       52      989
    stm32_dma.o               632      176       96
    stm32_isr.o               556
    vectors.o                 386
    -----------------------------------------------
    Total:                 29 400    1 460   17 300

dl7M_tln.a: [2]
    exit.o                      4
    low_level_init.o            4
    -----------------------------------------------
    Total:                      8

m7M_tls.a: [3]
    DblAdd.o                  378
    DblMul.o                  418
    DblSub.o                  210
    DblToFlt.o                104
    FltToDbl.o                 72
    S32ToDbl.o                 34
    fpinit_M.o                 34
    -----------------------------------------------
    Total:                  1 250

rt7M_tl.a: [4]
    ABImemcpy.o               166
    I64DivMod.o               560
    I64DivZer.o                 2
    cexit.o                    10
    cmain.o                    30
    data_init.o                40
    lz77_init_single.o        122
    memcpy.o                   12
    strcmp.o                   18
    zero_init3.o               58
    -----------------------------------------------
    Total:                  1 018

shb_l.a: [5]
    exit.o                     20
    -----------------------------------------------
    Total:                     20

    Gaps                       30                 7
    Linker created                      32    5 120
---------------------------------------------------
    Grand Total:           31 726    1 492   22 427


*******************************************************************************
*** ENTRY LIST
***

Entry                       Address    Size  Type      Object
-----                       -------    ----  ----      ------
.iar.init_table$$Base    0x800'7f7c           --   Gb  - Linker created -
.iar.init_table$$Limit   0x800'7f9c           --   Gb  - Linker created -
?main                    0x800'7e35          Code  Gb  cmain.o [4]
ADCD1                   0x2000'3c14    0x34  Data  Gb  hal_adc_lld.o [1]
AGC_CTL1_REGS_Table     0x2000'0634    0x10  Data  Gb  dev_bc3601.o [1]
BANK0_REG_TABLE          0x800'7fcc    0x18  Data  Gb  dev_bc3601.o [1]
BANK1_REG_TABLE          0x800'41ea     0x2  Data  Gb  dev_bc3601.o [1]
BANK2_REG_TABLE          0x800'801c    0x10  Data  Gb  dev_bc3601.o [1]
COMMON_REGS_TABLE        0x800'417e     0x2  Data  Gb  dev_bc3601.o [1]
CSTACK$$Base            0x2000'f000           --   Gb  - Linker created -
CSTACK$$Limit           0x2001'0000           --   Gb  - Linker created -
DATABSS$$Base           0x2000'0400           --   Gb  - Linker created -
DATABSS$$Limit          0x2000'479c           --   Gb  - Linker created -
DM_RegisterTable16      0x2000'0604    0x28  Data  Gb  dev_bc3601.o [1]
FCF_RegisterTable16     0x2000'0644    0x64  Data  Gb  dev_bc3601.o [1]
FLASH_ErasePage          0x800'78cd    0xa4  Code  Gb  at32f4xx_flash.o [1]
FLASH_GetBank1Status     0x800'79ff    0x2a  Code  Gb  at32f4xx_flash.o [1]
FLASH_GetBank3Status     0x800'7a29    0x2a  Code  Gb  at32f4xx_flash.o [1]
FLASH_Lock               0x800'78bf     0xe  Code  Gb  at32f4xx_flash.o [1]
FLASH_ProgramHalfWord    0x800'7971    0x8e  Code  Gb  at32f4xx_flash.o [1]
FLASH_ReadHalfWord       0x800'6771     0x4  Code  Lc  at32_flash.o [1]
FLASH_Unlock             0x800'78ad    0x12  Code  Gb  at32f4xx_flash.o [1]
FLASH_WaitForBank1Process
                         0x800'7a53    0x28  Code  Gb  at32f4xx_flash.o [1]
FLASH_WaitForBank3Process
                         0x800'7a7b    0x28  Code  Gb  at32f4xx_flash.o [1]
GPTD1                   0x2000'3c48    0x10  Data  Gb  hal_gpt_lld.o [1]
GPTD8                   0x2000'3c58    0x10  Data  Gb  hal_gpt_lld.o [1]
IRQIO_REGS_TABLE         0x800'802c     0xc  Data  Gb  dev_bc3601.o [1]
IRQSTACK$$Base          0x2000'0000           --   Gb  - Linker created -
IRQSTACK$$Limit         0x2000'0400           --   Gb  - Linker created -
MOD_RegisterTable16     0x2000'05dc    0x28  Data  Gb  dev_bc3601.o [1]
PACKET_REGS_TABLE        0x800'7f58    0x24  Data  Gb  dev_bc3601.o [1]
PWMD2                   0x2000'3ce8    0x1c  Data  Gb  hal_pwm_lld.o [1]
PWMD3                   0x2000'3d04    0x1c  Data  Gb  hal_pwm_lld.o [1]
PWMD4                   0x2000'3d20    0x1c  Data  Gb  hal_pwm_lld.o [1]
RX2_REGS_Table          0x2000'062c     0x8  Data  Gb  dev_bc3601.o [1]
Region$$Table$$Base      0x800'7f7c           --   Gb  - Linker created -
Region$$Table$$Limit     0x800'7f9c           --   Gb  - Linker created -
SD1                     0x2000'3d3c   0x15c  Data  Gb  hal_serial_lld.o [1]
SPID1                   0x2000'3e98    0x30  Data  Gb  hal_spi_lld.o [1]
SPID2                   0x2000'3ec8    0x30  Data  Gb  hal_spi_lld.o [1]
SVC_Handler              0x800'617b    0x1c  Code  Gb  chcore_v7m.o [1]
SYSHEAP$$Base           0x2000'47a0           --   Gb  - Linker created -
SYSHEAP$$Limit          0x2000'47a0           --   Gb  - Linker created -
Vector108                0x800'5251    0x10  Code  Gb  hal_st_lld.o [1]
Vector120                0x800'7107    0x12  Code  Gb  stm32_dma.o [1]
Vector124                0x800'7119    0x12  Code  Gb  stm32_dma.o [1]
Vector128                0x800'712b    0x12  Code  Gb  stm32_dma.o [1]
Vector12C                0x800'713d    0x12  Code  Gb  stm32_dma.o [1]
Vector58                 0x800'7301    0x2e  Code  Gb  stm32_isr.o [1]
Vector5C                 0x800'732f    0x2e  Code  Gb  stm32_isr.o [1]
Vector60                 0x800'735d    0x2e  Code  Gb  stm32_isr.o [1]
Vector64                 0x800'738b    0x2e  Code  Gb  stm32_isr.o [1]
Vector68                 0x800'73b9    0x2e  Code  Gb  stm32_isr.o [1]
Vector6C                 0x800'7089    0x12  Code  Gb  stm32_dma.o [1]
Vector70                 0x800'709b    0x12  Code  Gb  stm32_dma.o [1]
Vector74                 0x800'70ad    0x12  Code  Gb  stm32_dma.o [1]
Vector78                 0x800'70bf    0x12  Code  Gb  stm32_dma.o [1]
Vector7C                 0x800'70d1    0x12  Code  Gb  stm32_dma.o [1]
Vector80                 0x800'70e3    0x12  Code  Gb  stm32_dma.o [1]
Vector84                 0x800'70f5    0x12  Code  Gb  stm32_dma.o [1]
Vector9C                 0x800'73e7    0x76  Code  Gb  stm32_isr.o [1]
VectorA4                 0x800'6945    0x12  Code  Gb  hal_gpt_lld.o [1]
VectorB0                 0x800'5605    0x12  Code  Gb  hal_pwm_lld.o [1]
VectorB4                 0x800'5617    0x12  Code  Gb  hal_pwm_lld.o [1]
VectorB8                 0x800'5629    0x12  Code  Gb  hal_pwm_lld.o [1]
VectorD4                 0x800'700b    0x12  Code  Gb  hal_serial_lld.o [1]
VectorE0                 0x800'745d    0x88  Code  Gb  stm32_isr.o [1]
VectorF0                 0x800'6957    0x12  Code  Gb  hal_gpt_lld.o [1]
__NVIC_SetPriority       0x800'6157    0x24  Code  Lc  chcore_v7m.o [1]
__NVIC_SetPriorityGrouping
                         0x800'613d    0x1a  Code  Lc  chcore_v7m.o [1]
__NVIC_SystemReset       0x800'37c9    0x1e  Code  Lc  binaryProtocolTask.o [1]
__aeabi_d2f              0x800'450d          Code  Gb  DblToFlt.o [3]
__aeabi_dadd             0x800'4391          Code  Gb  DblAdd.o [3]
__aeabi_dmul             0x800'41ed          Code  Gb  DblMul.o [3]
__aeabi_f2d              0x800'4181          Code  Gb  FltToDbl.o [3]
__aeabi_i2d              0x800'41c9          Code  Gb  S32ToDbl.o [3]
__aeabi_ldiv0            0x800'5601          Code  Gb  I64DivZer.o [4]
__aeabi_memcpy           0x800'5559          Code  Gb  ABImemcpy.o [4]
__aeabi_memcpy4          0x800'5579          Code  Gb  ABImemcpy.o [4]
__aeabi_memcpy8          0x800'5579          Code  Gb  ABImemcpy.o [4]
__aeabi_uldivmod         0x800'2971          Code  Gb  I64DivMod.o [4]
__cmain                  0x800'7e35          Code  Gb  cmain.o [4]
__early_init             0x800'603b     0x8  Code  Gb  board.o [1]
__exit                   0x800'7e91    0x14  Code  Gb  exit.o [5]
__heap_base__           0x2000'0400          Data  Gb  cstartup.o [1]
__heap_end__            0x2000'47a0          Data  Gb  cstartup.o [1]
__iar_dadd               0x800'6645          Code  Gb  DblSub.o [3]
__iar_data_init3         0x800'7e59    0x28  Code  Gb  data_init.o [4]
__iar_dsub               0x800'43a1          Code  Gb  DblAdd.o [3]
__iar_dsubStart          0x800'43b3          Code  Gb  DblAdd.o [3]
__iar_init_vfp           0x800'7e11          Code  Gb  fpinit_M.o [3]
__iar_lz77_init_single3
                         0x800'303b    0x7a  Code  Gb  lz77_init_single.o [4]
__iar_program_start      0x800'7d81          Code  Gb  cstartup.o [1]
__iar_zero_init3         0x800'3577    0x3a  Code  Gb  zero_init3.o [4]
__low_level_init         0x800'7e53     0x4  Code  Gb  low_level_init.o [2]
__main_stack_base__ {Abs}
                        0x2000'0000          Data  Gb  <internal module>
__main_stack_end__ {Abs}
                        0x2000'0400          Data  Gb  <internal module>
__main_thread_stack_base__ {Abs}
                        0x2000'0400          Data  Gb  <internal module>
__process_stack_base__ {Abs}
                        0x2000'0400          Data  Gb  <internal module>
__process_stack_end__ {Abs}
                        0x2000'1400          Data  Gb  <internal module>
__vector_table           0x800'0000          Data  Gb  vectors.o [1]
_call_main               0x800'7e41          Code  Gb  cmain.o [4]
_core_init               0x800'6061     0xe  Code  Gb  chmemcore.o [1]
_core_init::static_heap
                        0x2000'2ac8   0x800  Data  Lc  chmemcore.o [1]
_ctl                     0x800'5da9    0x10  Code  Lc  hal_serial.o [1]
_exit                    0x800'7e85          Code  Gb  cexit.o [4]
_factory_init            0x800'60df    0x56  Code  Gb  chfactory.o [1]
_get                     0x800'5d71     0xe  Code  Lc  hal_serial.o [1]
_gett                    0x800'5d8b     0xa  Code  Lc  hal_serial.o [1]
_heap_init               0x800'5b99    0x18  Code  Gb  chmemheaps.o [1]
_idle_thread             0x800'3eb3     0x2  Code  Lc  chsys.o [1]
_main                    0x800'7e4f          Code  Gb  cmain.o [4]
_oslib_init              0x800'3ea3    0x10  Code  Lc  chsys.o [1]
_pal_events             0x2000'3c68    0x80  Data  Gb  hal_pal_lld.o [1]
_pal_lld_init            0x800'30b5    0x82  Code  Gb  hal_pal_lld.o [1]
_pal_lld_setgroupmode    0x800'3137    0x60  Code  Gb  hal_pal_lld.o [1]
_pal_lld_setgroupmode::cfgtab
                         0x800'7ff8    0x14  Data  Lc  hal_pal_lld.o [1]
_port_exit_from_isr      0x800'693f          Code  Gb  chcoreasm_v7m.o [1]
_port_irq_epilogue       0x800'61d1    0x48  Code  Gb  chcore_v7m.o [1]
_port_switch             0x800'6905          Code  Gb  chcoreasm_v7m.o [1]
_port_switch_from_isr    0x800'6933          Code  Gb  chcoreasm_v7m.o [1]
_port_thread_start       0x800'691d          Code  Gb  chcoreasm_v7m.o [1]
_put                     0x800'5d61    0x10  Code  Lc  hal_serial.o [1]
_putt                    0x800'5d7f     0xc  Code  Lc  hal_serial.o [1]
_read                    0x800'5d53     0xe  Code  Lc  hal_serial.o [1]
_readt                   0x800'5d9f     0xa  Code  Lc  hal_serial.o [1]
_scheduler_init          0x800'596b    0x14  Code  Gb  chschd.o [1]
_stats_ctxswc            0x800'2039    0x1e  Code  Gb  chstats.o [1]
_stats_increase_irq      0x800'201f    0x1a  Code  Gb  chstats.o [1]
_stats_init              0x800'1ffd    0x22  Code  Gb  chstats.o [1]
_stats_start_measure_crit_isr
                         0x800'206b     0xa  Code  Gb  chstats.o [1]
_stats_start_measure_crit_thd
                         0x800'2057     0xa  Code  Gb  chstats.o [1]
_stats_stop_measure_crit_isr
                         0x800'2075     0xa  Code  Gb  chstats.o [1]
_stats_stop_measure_crit_thd
                         0x800'2061     0xa  Code  Gb  chstats.o [1]
_stm32_dma_streams       0x800'7cd0    0xb0  Data  Gb  stm32_dma.o [1]
_thread_init             0x800'327d    0x50  Code  Gb  chthreads.o [1]
_thread_memfill          0x800'32cd     0xc  Code  Gb  chthreads.o [1]
_tm_init                 0x800'5341    0x30  Code  Gb  chtm.o [1]
_unhandled_exception     0x800'450b          Code  Gb  vectors.o [1]
_vt_init                 0x800'20c5    0x16  Code  Gb  chvt.o [1]
_write                   0x800'5d45     0xe  Code  Lc  hal_serial.o [1]
_writet                  0x800'5d95     0xa  Code  Lc  hal_serial.o [1]
adcInit                  0x800'4107     0x8  Code  Gb  hal_adc.o [1]
adcObjectInit            0x800'410f    0x22  Code  Gb  hal_adc.o [1]
adcStart                 0x800'4131    0x1c  Code  Gb  hal_adc.o [1]
adcStartConversion       0x800'414d    0x20  Code  Gb  hal_adc.o [1]
adcStartConversionI      0x800'416d    0x12  Code  Gb  hal_adc.o [1]
adc_lld_init             0x800'64db    0x54  Code  Gb  hal_adc_lld.o [1]
adc_lld_serve_rx_interrupt
                         0x800'6401    0xda  Code  Lc  hal_adc_lld.o [1]
adc_lld_start            0x800'652f    0x40  Code  Gb  hal_adc_lld.o [1]
adc_lld_start_conversion
                         0x800'658d    0x8e  Code  Gb  hal_adc_lld.o [1]
adc_lld_stop_conversion
                         0x800'661b    0x28  Code  Gb  hal_adc_lld.o [1]
adccallback              0x800'0489     0x2  Code  Lc  app_rf_rx_v02.o [1]
adcerror                 0x800'048b     0x2  Code  Lc  app_rf_rx_v02.o [1]
adcgrpcfg                0x800'7ee0    0x28  Data  Lc  app_rf_rx_v02.o [1]
adcgrpcfg_tx2            0x800'7f08    0x28  Data  Lc  app_rf_rx_v02.o [1]
bc3601                  0x2000'2898    0x60  Data  Lc  app_rf_rx_v02.o [1]
bc3601_WaitCrystalReady
                         0x800'4fe7     0x8  Code  Gb  dev_bc3601.o [1]
bc3601_crcConfig         0x800'4815    0x46  Code  Lc  dev_bc3601.o [1]
bc3601_datarateConfig    0x800'49fd   0x12c  Code  Gb  dev_bc3601.o [1]
bc3601_fecConfig         0x800'47d5    0x40  Code  Lc  dev_bc3601.o [1]
bc3601_freqConfig        0x800'4895   0x13e  Code  Gb  dev_bc3601.o [1]
bc3601_gotoDefaultMode   0x800'4dad     0x8  Code  Gb  dev_bc3601.o [1]
bc3601_irqState          0x800'4db5    0x34  Code  Gb  dev_bc3601.o [1]
bc3601_lightSleepMode    0x800'4575     0xa  Code  Gb  dev_bc3601.o [1]
bc3601_lircCalibration   0x800'4d67    0x46  Code  Gb  dev_bc3601.o [1]
bc3601_menchesterConfig
                         0x800'4795    0x40  Code  Lc  dev_bc3601.o [1]
bc3601_powerConfig       0x800'49d3    0x2a  Code  Gb  dev_bc3601.o [1]
bc3601_readRSSI          0x800'4b41    0x12  Code  Gb  dev_bc3601.o [1]
bc3601_refresh_registers
                         0x800'5153    0xc8  Code  Gb  bc3601.o [1]
bc3601_vcoCalibration    0x800'4d21    0x46  Code  Gb  dev_bc3601.o [1]
bc3601_whiteningConfig   0x800'485b    0x38  Code  Lc  dev_bc3601.o [1]
be_u16                   0x800'3829     0xc  Code  Lc  binaryProtocolTask.o [1]
be_u32                   0x800'3835    0x18  Code  Lc  binaryProtocolTask.o [1]
binProtoRuntime         0x2000'2a6c     0xc  Data  Lc  binaryProtocolTask.o [1]
binaryProtocolInit       0x800'3cb9    0x84  Code  Gb  binaryProtocolTask.o [1]
blink_cb                 0x800'048d    0x58  Code  Lc  app_rf_rx_v02.o [1]
boardInit                0x800'6043     0x2  Code  Gb  board.o [1]
ch                      0x2000'22d8    0xd0  Data  Gb  chschd.o [1]
chCoreAllocAlignedI      0x800'60c5     0xa  Code  Lc  chfactory.o [1]
chCoreAllocFromTop       0x800'609d    0x20  Code  Gb  chmemcore.o [1]
chCoreAllocFromTopI      0x800'606f    0x2e  Code  Gb  chmemcore.o [1]
chEvtBroadcastFlagsI     0x800'3f3d    0x2a  Code  Gb  chevents.o [1]
chEvtObjectInit          0x800'5d21     0x4  Code  Lc  hal_serial.o [1]
chEvtSignal              0x800'3f67    0x1c  Code  Gb  chevents.o [1]
chEvtSignalI             0x800'3f83    0x36  Code  Gb  chevents.o [1]
chEvtWaitAny             0x800'3fb9    0x30  Code  Gb  chevents.o [1]
chEvtWaitAnyTimeout      0x800'3fe9    0x4c  Code  Gb  chevents.o [1]
chHeapFree               0x800'5bb1    0x7e  Code  Gb  chmemheaps.o [1]
chMtxLock                0x800'62e1    0x14  Code  Gb  chmtx.o [1]
chMtxLockS               0x800'62f5    0x74  Code  Gb  chmtx.o [1]
chMtxObjectInit          0x800'62d1    0x10  Code  Gb  chmtx.o [1]
chMtxQueueNotEmptyS      0x800'62c9     0x8  Code  Lc  chmtx.o [1]
chMtxUnlock              0x800'6369    0x60  Code  Gb  chmtx.o [1]
chPoolFree               0x800'5c6d    0x18  Code  Gb  chmempools.o [1]
chPoolFreeI              0x800'5c65     0x8  Code  Gb  chmempools.o [1]
chPoolObjectInit         0x800'60cf     0xc  Code  Lc  chfactory.o [1]
chPoolObjectInitAligned
                         0x800'5c55    0x10  Code  Gb  chmempools.o [1]
chRegFindThreadByName    0x800'40a5    0x2e  Code  Gb  chregistry.o [1]
chRegFirstThread         0x800'4059    0x1c  Code  Gb  chregistry.o [1]
chRegGetThreadNameX      0x800'4055     0x4  Code  Lc  chregistry.o [1]
chRegNextThread          0x800'4075    0x2c  Code  Gb  chregistry.o [1]
chRegSetThreadName       0x800'3613     0x8  Code  Lc  stepper_task.o [1]
chSchDoReschedule        0x800'5b47    0x42  Code  Gb  chschd.o [1]
chSchDoRescheduleAhead   0x800'5b05    0x42  Code  Gb  chschd.o [1]
chSchGoSleepS            0x800'59bf    0x3e  Code  Gb  chschd.o [1]
chSchGoSleepTimeoutS     0x800'5a4d    0x44  Code  Gb  chschd.o [1]
chSchIsPreemptionRequired
                         0x800'5aed    0x18  Code  Gb  chschd.o [1]
chSchIsRescRequiredI     0x800'591f    0x18  Code  Lc  chschd.o [1]
chSchReadyAheadI         0x800'599f    0x20  Code  Gb  chschd.o [1]
chSchReadyI              0x800'597f    0x20  Code  Gb  chschd.o [1]
chSchRescheduleS         0x800'5add    0x10  Code  Gb  chschd.o [1]
chSchWakeupS             0x800'5a91    0x4c  Code  Gb  chschd.o [1]
chSemFastSignalI         0x800'5963     0x8  Code  Lc  chschd.o [1]
chSysEnable              0x800'3dcb     0xa  Code  Lc  chsys.o [1]
chSysHalt                0x800'3f01     0x8  Code  Gb  chsys.o [1]
chSysInit                0x800'3eb5    0x4c  Code  Gb  chsys.o [1]
chSysInit{3}::idle_descriptor
                         0x800'7fb4    0x18  Data  Lc  chsys.o [1]
chSysLock                0x800'018f     0xe  Code  Lc  app_rf_rx_v02.o [1]
chSysLock                0x800'3f21     0xe  Code  Lc  chevents.o [1]
chSysLock                0x800'6045     0xe  Code  Lc  chmemcore.o [1]
chSysLock                0x800'5c39     0xe  Code  Lc  chmempools.o [1]
chSysLock                0x800'62ad     0xe  Code  Lc  chmtx.o [1]
chSysLock                0x800'4039     0xe  Code  Lc  chregistry.o [1]
chSysLock                0x800'3239     0xe  Code  Lc  chthreads.o [1]
chSysLock                0x800'40d3     0xe  Code  Lc  hal_adc.o [1]
chSysLock                0x800'5c85     0xe  Code  Lc  hal_gpt.o [1]
chSysLock                0x800'2f89     0xe  Code  Lc  hal_pwm.o [1]
chSysLock                0x800'6ad3     0xe  Code  Lc  hal_queues.o [1]
chSysLock                0x800'5d05     0xe  Code  Lc  hal_serial.o [1]
chSysLock                0x800'5f31     0xe  Code  Lc  hal_spi.o [1]
chSysLock                0x800'53fd     0xe  Code  Lc  nvm.o [1]
chSysLockFromISR         0x800'01ab     0xe  Code  Lc  app_rf_rx_v02.o [1]
chSysLockFromISR         0x800'5937     0xe  Code  Lc  chschd.o [1]
chSysLockFromISR         0x800'3dd5     0xe  Code  Lc  chsys.o [1]
chSysLockFromISR         0x800'63cd     0xe  Code  Lc  hal_adc_lld.o [1]
chSysLockFromISR         0x800'6e55     0xe  Code  Lc  hal_serial_lld.o [1]
chSysLockFromISR         0x800'752d     0xe  Code  Lc  hal_spi_lld.o [1]
chSysLockFromISR         0x800'521d     0xe  Code  Lc  hal_st_lld.o [1]
chSysLockFromISR         0x800'35bf     0xe  Code  Lc  stepper_task.o [1]
chSysTimerHandlerI       0x800'3f09     0x8  Code  Gb  chsys.o [1]
chSysUnlock              0x800'019d     0xe  Code  Lc  app_rf_rx_v02.o [1]
chSysUnlock              0x800'3f2f     0xe  Code  Lc  chevents.o [1]
chSysUnlock              0x800'6053     0xe  Code  Lc  chmemcore.o [1]
chSysUnlock              0x800'5c47     0xe  Code  Lc  chmempools.o [1]
chSysUnlock              0x800'62bb     0xe  Code  Lc  chmtx.o [1]
chSysUnlock              0x800'4047     0xe  Code  Lc  chregistry.o [1]
chSysUnlock              0x800'3247     0xe  Code  Lc  chthreads.o [1]
chSysUnlock              0x800'40e1     0xe  Code  Lc  hal_adc.o [1]
chSysUnlock              0x800'5c93     0xe  Code  Lc  hal_gpt.o [1]
chSysUnlock              0x800'2f97     0xe  Code  Lc  hal_pwm.o [1]
chSysUnlock              0x800'6ae1     0xe  Code  Lc  hal_queues.o [1]
chSysUnlock              0x800'5d13     0xe  Code  Lc  hal_serial.o [1]
chSysUnlock              0x800'5f3f     0xe  Code  Lc  hal_spi.o [1]
chSysUnlock              0x800'540b     0xe  Code  Lc  nvm.o [1]
chSysUnlockFromISR       0x800'01b9     0xe  Code  Lc  app_rf_rx_v02.o [1]
chSysUnlockFromISR       0x800'5945     0xe  Code  Lc  chschd.o [1]
chSysUnlockFromISR       0x800'3de3     0xe  Code  Lc  chsys.o [1]
chSysUnlockFromISR       0x800'63db     0xe  Code  Lc  hal_adc_lld.o [1]
chSysUnlockFromISR       0x800'6e63     0xe  Code  Lc  hal_serial_lld.o [1]
chSysUnlockFromISR       0x800'753b     0xe  Code  Lc  hal_spi_lld.o [1]
chSysUnlockFromISR       0x800'522b     0xe  Code  Lc  hal_st_lld.o [1]
chSysUnlockFromISR       0x800'35cd     0xe  Code  Lc  stepper_task.o [1]
chTMChainMeasurementToX
                         0x800'53a7    0x12  Code  Gb  chtm.o [1]
chTMObjectInit           0x800'5371    0x1c  Code  Gb  chtm.o [1]
chTMStartMeasurementX    0x800'538d     0x8  Code  Gb  chtm.o [1]
chTMStopMeasurementX     0x800'5395    0x12  Code  Gb  chtm.o [1]
chThdCreate              0x800'3309    0x2a  Code  Gb  chthreads.o [1]
chThdCreateStatic        0x800'3333    0x56  Code  Gb  chthreads.o [1]
chThdCreateSuspendedI    0x800'32d9    0x30  Code  Gb  chthreads.o [1]
chThdDequeueNextI        0x800'355d    0x1a  Code  Gb  chthreads.o [1]
chThdDoDequeueNextI      0x800'326d    0x10  Code  Lc  chthreads.o [1]
chThdEnqueueTimeoutS     0x800'352d    0x22  Code  Gb  chthreads.o [1]
chThdExit                0x800'33f3    0x10  Code  Gb  chthreads.o [1]
chThdExitS               0x800'3403    0x48  Code  Gb  chthreads.o [1]
chThdGetSelfX            0x800'0263     0x8  Code  Lc  app_rf_rx_v02.o [1]
chThdGetSelfX            0x800'37e7     0x8  Code  Lc  binaryProtocolTask.o [1]
chThdGetSelfX            0x800'3255     0x8  Code  Lc  chthreads.o [1]
chThdGetSelfX            0x800'35f9     0x6  Code  Lc  stepper_task.o [1]
chThdGetWorkingAreaX     0x800'325d     0x4  Code  Lc  chthreads.o [1]
chThdQueueObjectInit     0x800'6aef     0x8  Code  Lc  hal_queues.o [1]
chThdRelease             0x800'3389    0x6a  Code  Gb  chthreads.o [1]
chThdResume              0x800'3515    0x18  Code  Gb  chthreads.o [1]
chThdResumeI             0x800'34e7    0x18  Code  Gb  chthreads.o [1]
chThdResumeS             0x800'34ff    0x16  Code  Gb  chthreads.o [1]
chThdShouldTerminateX    0x800'026b    0x14  Code  Lc  app_rf_rx_v02.o [1]
chThdShouldTerminateX    0x800'37ef    0x14  Code  Lc  binaryProtocolTask.o [1]
chThdShouldTerminateX    0x800'35ff    0x14  Code  Lc  stepper_task.o [1]
chThdSleep               0x800'3497    0x14  Code  Gb  chthreads.o [1]
chThdSleepS              0x800'3261     0xc  Code  Lc  chthreads.o [1]
chThdSuspendS            0x800'34ab    0x1a  Code  Gb  chthreads.o [1]
chThdSuspendTimeoutS     0x800'34c5    0x22  Code  Gb  chthreads.o [1]
chThdTerminate           0x800'347d    0x1a  Code  Gb  chthreads.o [1]
chThdWait                0x800'344b    0x32  Code  Gb  chthreads.o [1]
chTimeAddX               0x800'3da5     0x6  Code  Lc  chsys.o [1]
chTimeAddX               0x800'208d     0x6  Code  Lc  chvt.o [1]
chTimeDiffX              0x800'0181     0x6  Code  Lc  app_rf_rx_v02.o [1]
chTimeDiffX              0x800'3dab     0x6  Code  Lc  chsys.o [1]
chTimeDiffX              0x800'2093     0x6  Code  Lc  chvt.o [1]
chTimeDiffX              0x800'35b1     0x6  Code  Lc  stepper_task.o [1]
chVTDoResetI             0x800'2197    0x9a  Code  Gb  chvt.o [1]
chVTDoSetI               0x800'20db    0xbc  Code  Gb  chvt.o [1]
chVTDoTickI              0x800'3df9    0xaa  Code  Lc  chsys.o [1]
chVTGetSystemTimeX       0x800'01cd     0x8  Code  Lc  app_rf_rx_v02.o [1]
chVTGetSystemTimeX       0x800'3df1     0x8  Code  Lc  chsys.o [1]
chVTGetSystemTimeX       0x800'20bd     0x8  Code  Lc  chvt.o [1]
chVTGetSystemTimeX       0x800'35db     0x8  Code  Lc  stepper_task.o [1]
chVTIsArmedI             0x800'01eb    0x10  Code  Lc  app_rf_rx_v02.o [1]
chVTIsArmedI             0x800'5953    0x10  Code  Lc  chschd.o [1]
chVTObjectInit           0x800'01c7     0x6  Code  Lc  app_rf_rx_v02.o [1]
chVTReset                0x800'0211    0x14  Code  Lc  app_rf_rx_v02.o [1]
chVTResetI               0x800'01fb    0x16  Code  Lc  app_rf_rx_v02.o [1]
chVTSet                  0x800'0243    0x20  Code  Lc  app_rf_rx_v02.o [1]
chVTSetI                 0x800'0225    0x1e  Code  Lc  app_rf_rx_v02.o [1]
chVTTimeElapsedSinceX    0x800'01d5    0x16  Code  Lc  app_rf_rx_v02.o [1]
chVTTimeElapsedSinceX    0x800'35e3    0x16  Code  Lc  stepper_task.o [1]
ch_debug                 0x800'7f9c    0x18  Data  Gb  chregistry.o [1]
ch_factory              0x2000'2a78    0x48  Data  Gb  chfactory.o [1]
ch_idle_thread_wa       0x2000'23a8   0x180  Data  Gb  chsys.o [1]
ch_memcore              0x2000'2ac0     0x8  Data  Gb  chmemcore.o [1]
checksum                 0x800'0465    0x24  Code  Gb  app_rf_rx_v02.o [1]
cmdStrobe                0x800'50ff    0x54  Code  Gb  bc3601.o [1]
config                  0x2000'049c    0x10  Data  Lc  app_rf_rx_v02.o [1]
crc16_ccitt              0x800'53c1    0x36  Code  Gb  crc16-ccitt.o [1]
crc16_ccitt_table        0x800'7ad0   0x200  Data  Lc  crc16-ccitt.o [1]
crc_xor                  0x800'3803    0x26  Code  Lc  binaryProtocolTask.o [1]
database_init            0x800'23d7    0x62  Code  Gb  database.o [1]
db_read_dataflash        0x800'2463    0xc8  Code  Gb  database.o [1]
db_read_df_f32           0x800'2691    0x26  Code  Gb  database.o [1]
db_read_df_i16           0x800'2621    0x26  Code  Gb  database.o [1]
db_read_df_u16           0x800'266b    0x26  Code  Gb  database.o [1]
db_read_df_u8            0x800'2647    0x24  Code  Gb  database.o [1]
db_read_ld_u16           0x800'28cf    0x24  Code  Gb  database.o [1]
db_read_ld_u8            0x800'28ad    0x22  Code  Gb  database.o [1]
db_read_livedata         0x800'2715    0xc2  Code  Gb  database.o [1]
db_runtime              0x2000'32e4   0x924  Data  Lc  database.o [1]
db_save_section          0x800'2439    0x2a  Code  Gb  database.o [1]
db_write_dataflash       0x800'252b    0xf6  Code  Gb  database.o [1]
db_write_df_f32          0x800'26f5    0x20  Code  Gb  database.o [1]
db_write_df_u16          0x800'26d5    0x20  Code  Gb  database.o [1]
db_write_df_u8           0x800'26b7    0x1e  Code  Gb  database.o [1]
db_write_ld_u16          0x800'290f    0x1e  Code  Gb  database.o [1]
db_write_ld_u32          0x800'292d    0x1e  Code  Gb  database.o [1]
db_write_ld_u8           0x800'28f3    0x1c  Code  Gb  database.o [1]
db_write_livedata        0x800'27d7    0xd0  Code  Gb  database.o [1]
default_config           0x800'8038     0xc  Data  Lc  hal_serial_lld.o [1]
default_heap            0x2000'32c8    0x1c  Data  Lc  chmemheaps.o [1]
dev_bc3601DeInit         0x800'4e9d   0x14a  Code  Gb  dev_bc3601.o [1]
dev_bc3601Init           0x800'4e25    0x78  Code  Gb  dev_bc3601.o [1]
digital_in_tx           0x2000'0504    0x48  Data  Lc  app_rf_rx_v02.o [1]
digital_in_tx_ana       0x2000'0564    0x48  Data  Lc  app_rf_rx_v02.o [1]
digital_out_rx          0x2000'04ac    0x58  Data  Lc  app_rf_rx_v02.o [1]
digital_out_tx          0x2000'054c    0x18  Data  Lc  app_rf_rx_v02.o [1]
dir_high                 0x800'3651     0x8  Code  Lc  stepper_task.o [1]
dir_low                  0x800'3649     0x8  Code  Lc  stepper_task.o [1]
dma                     0x2000'4738    0x60  Data  Lc  stm32_dma.o [1]
dmaInit                  0x800'714f    0x3a  Code  Gb  stm32_dma.o [1]
dmaServeInterrupt        0x800'7287    0x3e  Code  Gb  stm32_dma.o [1]
dmaStreamAllocI          0x800'7189    0x9a  Code  Gb  stm32_dma.o [1]
dmaStreamFreeI           0x800'7223    0x64  Code  Gb  stm32_dma.o [1]
dummyrx                 0x2000'4798     0x2  Data  Lc  hal_spi_lld.o [1]
dummytx                  0x800'438e     0x2  Data  Lc  hal_spi_lld.o [1]
dyn_list_init            0x800'60db     0x4  Code  Lc  chfactory.o [1]
exit                     0x800'7e81     0x4  Code  Gb  exit.o [2]
flashWrite_NoCheck       0x800'6775    0x2c  Code  Lc  at32_flash.o [1]
flash_Read               0x800'67a1    0x2c  Code  Gb  at32_flash.o [1]
flash_Write              0x800'67cd   0x12a  Code  Gb  at32_flash.o [1]
gpio_init                0x800'0f75   0x2e8  Code  Lc  app_rf_rx_v02.o [1]
gptInit                  0x800'5cb1     0x8  Code  Gb  hal_gpt.o [1]
gptObjectInit            0x800'5cb9     0xa  Code  Gb  hal_gpt.o [1]
gptStart                 0x800'5cc3    0x1c  Code  Gb  hal_gpt.o [1]
gptStartOneShot          0x800'5cdf    0x18  Code  Gb  hal_gpt.o [1]
gptStartOneShotI         0x800'5cf7     0xc  Code  Gb  hal_gpt.o [1]
gpt_callback             0x800'376f    0x10  Code  Lc  stepper_task.o [1]
gpt_callback_poll        0x800'377f    0x16  Code  Lc  stepper_task.o [1]
gpt_lld_init             0x800'6969    0x18  Code  Gb  hal_gpt_lld.o [1]
gpt_lld_serve_interrupt
                         0x800'6a8f    0x3e  Code  Gb  hal_gpt_lld.o [1]
gpt_lld_start            0x800'6981    0xa2  Code  Gb  hal_gpt_lld.o [1]
gpt_lld_start_timer      0x800'6a41    0x34  Code  Gb  hal_gpt_lld.o [1]
gpt_lld_stop_timer       0x800'6a75    0x1a  Code  Gb  hal_gpt_lld.o [1]
gptcfg                  0x2000'06a8    0x10  Data  Lc  stepper_task.o [1]
gptcfg_poll             0x2000'06b8    0x10  Data  Lc  stepper_task.o [1]
halInit                  0x800'3d73    0x2e  Code  Gb  hal.o [1]
hal_lld_backup_domain_init
                         0x800'5e4d     0xc  Code  Lc  hal_lld.o [1]
hal_lld_init             0x800'5e59    0x46  Code  Gb  hal_lld.o [1]
header_config            0x800'46f1    0xa4  Code  Lc  dev_bc3601.o [1]
hfc_dis                  0x800'366b    0x12  Code  Lc  stepper_task.o [1]
hfc_en                   0x800'3659    0x12  Code  Lc  stepper_task.o [1]
host_dispatch_frame      0x800'3b3d    0x62  Code  Lc  binaryProtocolTask.o [1]
host_handle_read_live    0x800'3a4b    0x52  Code  Lc  binaryProtocolTask.o [1]
host_handle_read_param   0x800'397d    0x52  Code  Lc  binaryProtocolTask.o [1]
host_handle_reset_mcu    0x800'3b19    0x24  Code  Lc  binaryProtocolTask.o [1]
host_handle_write_live   0x800'3a9d    0x7c  Code  Lc  binaryProtocolTask.o [1]
host_handle_write_param
                         0x800'39cf    0x7c  Code  Lc  binaryProtocolTask.o [1]
host_parser_feed         0x800'3bad    0xac  Code  Lc  binaryProtocolTask.o [1]
host_parser_reset        0x800'3b9f     0xe  Code  Lc  binaryProtocolTask.o [1]
host_send_ack            0x800'3929    0x38  Code  Lc  binaryProtocolTask.o [1]
host_send_frame          0x800'38b9    0x70  Code  Lc  binaryProtocolTask.o [1]
host_send_nak            0x800'3961    0x1c  Code  Lc  binaryProtocolTask.o [1]
init_config              0x800'3c59    0x2e  Code  Lc  binaryProtocolTask.o [1]
iqGetTimeout             0x800'6c79    0x56  Code  Gb  hal_queues.o [1]
iqObjectInit             0x800'6c03    0x30  Code  Gb  hal_queues.o [1]
iqPutI                   0x800'6c33    0x46  Code  Gb  hal_queues.o [1]
iqReadTimeout            0x800'6ccf    0x5c  Code  Gb  hal_queues.o [1]
iq_read                  0x800'6b1f    0x6e  Code  Lc  hal_queues.o [1]
irqInit                  0x800'74f1    0x3c  Code  Gb  stm32_isr.o [1]
irq_config               0x800'457f    0x1e  Code  Gb  dev_bc3601.o [1]
le_bytes_to_u32          0x800'384d    0x3a  Code  Lc  binaryProtocolTask.o [1]
list_init                0x800'31e1     0x4  Code  Lc  chthreads.o [1]
list_insert              0x800'320b     0x8  Code  Lc  chthreads.o [1]
list_notempty            0x800'31e5    0x10  Code  Lc  chthreads.o [1]
list_remove              0x800'3213     0xa  Code  Lc  chthreads.o [1]
load_dataflash_default   0x800'2235    0x28  Code  Lc  database.o [1]
load_settings            0x800'0281   0x1e4  Code  Lc  app_rf_rx_v02.o [1]
load_type_param          0x800'2337    0xa0  Code  Lc  database.o [1]
main                     0x800'16ad   0x1c2  Code  Gb  app_rf_rx_v02.o [1]
memcpy                   0x800'68f7     0xc  Code  Gb  memcpy.o [4]
notify1                  0x800'6fff     0xc  Code  Lc  hal_serial_lld.o [1]
nvicDisableVector        0x800'6747    0x1a  Code  Gb  nvic.o [1]
nvicEnableVector         0x800'6719    0x2e  Code  Gb  nvic.o [1]
nvmFlashReadPage         0x800'5419    0x18  Code  Gb  nvm.o [1]
nvmFlashWritePage        0x800'5431    0x28  Code  Gb  nvm.o [1]
nvm_flash_read           0x800'5459    0x1c  Code  Gb  nvm.o [1]
nvm_flash_write          0x800'5475    0xdc  Code  Gb  nvm.o [1]
oqGetI                   0x800'6daf    0x48  Code  Gb  hal_queues.o [1]
oqObjectInit             0x800'6d2b    0x2e  Code  Gb  hal_queues.o [1]
oqPutTimeout             0x800'6d59    0x56  Code  Gb  hal_queues.o [1]
oqWriteTimeout           0x800'6df7    0x5c  Code  Gb  hal_queues.o [1]
oq_write                 0x800'6b8d    0x76  Code  Lc  hal_queues.o [1]
osalEventBroadcastFlagsI
                         0x800'5d3d     0x8  Code  Lc  hal_serial.o [1]
osalEventBroadcastFlagsI
                         0x800'6e81     0x8  Code  Lc  hal_serial_lld.o [1]
osalEventObjectInit      0x800'5d35     0x8  Code  Lc  hal_serial.o [1]
osalInit                 0x800'3d71     0x2  Code  Lc  hal.o [1]
osalMutexLock            0x800'5f71     0x8  Code  Lc  hal_spi.o [1]
osalMutexObjectInit      0x800'40ff     0x8  Code  Lc  hal_adc.o [1]
osalMutexObjectInit      0x800'5f69     0x8  Code  Lc  hal_spi.o [1]
osalMutexUnlock          0x800'5f79     0x8  Code  Lc  hal_spi.o [1]
osalOsTimerHandlerI      0x800'5249     0x8  Code  Lc  hal_st_lld.o [1]
osalSysHalt              0x800'7549     0x8  Code  Lc  hal_spi_lld.o [1]
osalSysLock              0x800'40ef     0x8  Code  Lc  hal_adc.o [1]
osalSysLock              0x800'5ca1     0x8  Code  Lc  hal_gpt.o [1]
osalSysLock              0x800'2fa5     0x8  Code  Lc  hal_pwm.o [1]
osalSysLock              0x800'6af7     0x8  Code  Lc  hal_queues.o [1]
osalSysLock              0x800'5d25     0x8  Code  Lc  hal_serial.o [1]
osalSysLock              0x800'5f4d     0x8  Code  Lc  hal_spi.o [1]
osalSysLockFromISR       0x800'63e9     0x8  Code  Lc  hal_adc_lld.o [1]
osalSysLockFromISR       0x800'6e71     0x8  Code  Lc  hal_serial_lld.o [1]
osalSysLockFromISR       0x800'7551     0x8  Code  Lc  hal_spi_lld.o [1]
osalSysLockFromISR       0x800'5239     0x8  Code  Lc  hal_st_lld.o [1]
osalSysUnlock            0x800'40f7     0x8  Code  Lc  hal_adc.o [1]
osalSysUnlock            0x800'5ca9     0x8  Code  Lc  hal_gpt.o [1]
osalSysUnlock            0x800'2fad     0x8  Code  Lc  hal_pwm.o [1]
osalSysUnlock            0x800'6aff     0x8  Code  Lc  hal_queues.o [1]
osalSysUnlock            0x800'5d2d     0x8  Code  Lc  hal_serial.o [1]
osalSysUnlock            0x800'5f55     0x8  Code  Lc  hal_spi.o [1]
osalSysUnlockFromISR     0x800'63f1     0x8  Code  Lc  hal_adc_lld.o [1]
osalSysUnlockFromISR     0x800'6e79     0x8  Code  Lc  hal_serial_lld.o [1]
osalSysUnlockFromISR     0x800'7559     0x8  Code  Lc  hal_spi_lld.o [1]
osalSysUnlockFromISR     0x800'5241     0x8  Code  Lc  hal_st_lld.o [1]
osalThreadDequeueNextI   0x800'6b17     0x8  Code  Lc  hal_queues.o [1]
osalThreadEnqueueTimeoutS
                         0x800'6b0f     0x8  Code  Lc  hal_queues.o [1]
osalThreadQueueObjectInit
                         0x800'6b07     0x8  Code  Lc  hal_queues.o [1]
osalThreadResumeI        0x800'63f9     0x8  Code  Lc  hal_adc_lld.o [1]
osalThreadResumeI        0x800'7561     0x8  Code  Lc  hal_spi_lld.o [1]
osalThreadSuspendS       0x800'5f5d     0xc  Code  Lc  hal_spi.o [1]
pal_default_config       0x800'7ea4    0x3c  Data  Gb  board.o [1]
parameter_initialization
                         0x800'4b53   0x1ce  Code  Gb  dev_bc3601.o [1]
pg                      0x2000'3ef8   0x800  Data  Lc  nvm.o [1]
port_init                0x800'6197    0x3a  Code  Gb  chcore_v7m.o [1]
port_timer_get_time      0x800'0187     0x8  Code  Lc  app_rf_rx_v02.o [1]
port_timer_get_time      0x800'3dc3     0x8  Code  Lc  chsys.o [1]
port_timer_get_time      0x800'20b5     0x8  Code  Lc  chvt.o [1]
port_timer_get_time      0x800'35b7     0x8  Code  Lc  stepper_task.o [1]
port_timer_set_alarm     0x800'3db9     0xa  Code  Lc  chsys.o [1]
port_timer_set_alarm     0x800'20ab     0xa  Code  Lc  chvt.o [1]
port_timer_start_alarm   0x800'2099     0xa  Code  Lc  chvt.o [1]
port_timer_stop_alarm    0x800'3db1     0x8  Code  Lc  chsys.o [1]
port_timer_stop_alarm    0x800'20a3     0x8  Code  Lc  chvt.o [1]
premble_config           0x800'4627    0x58  Code  Lc  dev_bc3601.o [1]
procHostProtocol         0x800'3c87    0x32  Code  Lc  binaryProtocolTask.o [1]
procOperation            0x800'1283    0x4e  Code  Lc  app_rf_rx_v02.o [1]
procRemoteIO             0x800'1265    0x1e  Code  Lc  app_rf_rx_v02.o [1]
procStepperTask          0x800'367d    0xb4  Code  Lc  stepper_task.o [1]
procTransfer             0x800'1593    0xce  Code  Lc  app_rf_rx_v02.o [1]
process_ctrl_tx          0x800'0565   0x24a  Code  Lc  app_rf_rx_v02.o [1]
process_rxv01            0x800'07b5   0x7b2  Code  Lc  app_rf_rx_v02.o [1]
pulse_active             0x800'361b     0xc  Code  Lc  stepper_task.o [1]
pwmEnableChannel         0x800'3013    0x28  Code  Gb  hal_pwm.o [1]
pwmInit                  0x800'2fb5     0x8  Code  Gb  hal_pwm.o [1]
pwmObjectInit            0x800'2fbd    0x12  Code  Gb  hal_pwm.o [1]
pwmStart                 0x800'2fcf    0x24  Code  Gb  hal_pwm.o [1]
pwmStop                  0x800'2ff3    0x20  Code  Gb  hal_pwm.o [1]
pwm_config_2            0x2000'0400    0x34  Data  Lc  app_rf_rx_v02.o [1]
pwm_config_3            0x2000'0434    0x34  Data  Lc  app_rf_rx_v02.o [1]
pwm_config_4            0x2000'0468    0x34  Data  Lc  app_rf_rx_v02.o [1]
pwm_lld_enable_channel   0x800'5871     0xc  Code  Gb  hal_pwm_lld.o [1]
pwm_lld_init             0x800'563b    0x36  Code  Gb  hal_pwm_lld.o [1]
pwm_lld_serve_interrupt
                         0x800'587d    0x7e  Code  Gb  hal_pwm_lld.o [1]
pwm_lld_start            0x800'5671   0x17a  Code  Gb  hal_pwm_lld.o [1]
pwm_lld_stop             0x800'57eb    0x66  Code  Gb  hal_pwm_lld.o [1]
queue_dequeue            0x800'629f     0xe  Code  Lc  chmtx.o [1]
queue_dequeue            0x800'5911     0xe  Code  Lc  chschd.o [1]
queue_fifo_remove        0x800'6291     0xe  Code  Lc  chmtx.o [1]
queue_fifo_remove        0x800'5903     0xe  Code  Lc  chschd.o [1]
queue_fifo_remove        0x800'322b     0xe  Code  Lc  chthreads.o [1]
queue_init               0x800'6259     0x6  Code  Lc  chmtx.o [1]
queue_init               0x800'58fd     0x6  Code  Lc  chschd.o [1]
queue_init               0x800'31f5     0x6  Code  Lc  chthreads.o [1]
queue_init               0x800'6acd     0x6  Code  Lc  hal_queues.o [1]
queue_insert             0x800'321d     0xe  Code  Lc  chthreads.o [1]
queue_notempty           0x800'625f    0x10  Code  Lc  chmtx.o [1]
queue_notempty           0x800'31fb    0x10  Code  Lc  chthreads.o [1]
queue_prio_insert        0x800'626f    0x22  Code  Lc  chmtx.o [1]
read_keys                0x800'04e5    0x76  Code  Lc  app_rf_rx_v02.o [1]
registerRead             0x800'4ff1    0x92  Code  Gb  bc3601.o [1]
registerWrite            0x800'5089    0x76  Code  Gb  bc3601.o [1]
rf_power_value          0x2000'05b8    0x1c  Data  Gb  dev_bc3601.o [1]
runTime                 0x2000'28f8    0x68  Data  Lc  app_rf_rx_v02.o [1]
rxPacket                0x2000'29a4    0x44  Data  Lc  app_rf_rx_v02.o [1]
rx_control_loop          0x800'1cad   0x276  Code  Lc  app_rf_rx_v02.o [1]
rx_preamble_value       0x2000'05d4     0x4  Data  Gb  dev_bc3601.o [1]
samples                 0x2000'29e8    0x20  Data  Lc  app_rf_rx_v02.o [1]
samples_tx2             0x2000'2a08    0x50  Data  Lc  app_rf_rx_v02.o [1]
save_on_write           0x2000'0710     0x1  Data  Lc  database.o [1]
save_type_param          0x800'225d    0xda  Code  Lc  database.o [1]
sdIncomingDataI          0x800'5e1d    0x30  Code  Gb  hal_serial.o [1]
sdInit                   0x800'5db9     0x8  Code  Gb  hal_serial.o [1]
sdObjectInit             0x800'5dc1    0x3c  Code  Gb  hal_serial.o [1]
sdStart                  0x800'5e01    0x1c  Code  Gb  hal_serial.o [1]
sd_lld_init              0x800'701d    0x16  Code  Gb  hal_serial_lld.o [1]
sd_lld_start             0x800'7033    0x36  Code  Gb  hal_serial_lld.o [1]
send_packet              0x800'3d61    0x10  Code  Gb  binaryProtocolTask.o [1]
serialCfg               0x2000'05ac     0xc  Data  Lc  binaryProtocolTask.o [1]
serve_interrupt          0x800'6f2f    0xd0  Code  Lc  hal_serial_lld.o [1]
set_crystal_cload        0x800'45db    0x4c  Code  Lc  dev_bc3601.o [1]
set_error                0x800'6f01    0x2e  Code  Lc  hal_serial_lld.o [1]
spiAcquireBus            0x800'6027     0xa  Code  Gb  hal_spi.o [1]
spiInit                  0x800'5f81     0x8  Code  Gb  hal_spi.o [1]
spiObjectInit            0x800'5f89    0x16  Code  Gb  hal_spi.o [1]
spiReceive               0x800'5fff    0x28  Code  Gb  hal_spi.o [1]
spiReleaseBus            0x800'6031     0xa  Code  Gb  hal_spi.o [1]
spiSend                  0x800'5fd7    0x28  Code  Gb  hal_spi.o [1]
spiStart                 0x800'5f9f    0x1c  Code  Gb  hal_spi.o [1]
spiStop                  0x800'5fbb    0x1c  Code  Gb  hal_spi.o [1]
spi_lld_init             0x800'7641    0x3c  Code  Gb  hal_spi_lld.o [1]
spi_lld_receive          0x800'7831    0x50  Code  Gb  hal_spi_lld.o [1]
spi_lld_send             0x800'77dd    0x54  Code  Gb  hal_spi_lld.o [1]
spi_lld_serve_rx_interrupt
                         0x800'7569    0xca  Code  Lc  hal_spi_lld.o [1]
spi_lld_serve_tx_interrupt
                         0x800'7633     0xe  Code  Lc  hal_spi_lld.o [1]
spi_lld_start            0x800'767d   0x104  Code  Gb  hal_spi_lld.o [1]
spi_lld_stop             0x800'7781    0x5c  Code  Gb  hal_spi_lld.o [1]
spicfg                   0x800'7fe4    0x14  Data  Lc  app_rf_rx_v02.o [1]
stGetCounter             0x800'1ff5     0x8  Code  Gb  hal_st.o [1]
stInit                   0x800'1fd1     0x8  Code  Gb  hal_st.o [1]
stSetAlarm               0x800'1feb     0xa  Code  Gb  hal_st.o [1]
stStartAlarm             0x800'1fd9     0xa  Code  Gb  hal_st.o [1]
stStopAlarm              0x800'1fe3     0x8  Code  Gb  hal_st.o [1]
st_lld_get_counter       0x800'1f95     0x8  Code  Lc  hal_st.o [1]
st_lld_init              0x800'5261    0x56  Code  Gb  hal_st_lld.o [1]
st_lld_serve_interrupt   0x800'52b7    0x24  Code  Gb  hal_st_lld.o [1]
st_lld_set_alarm         0x800'1fb9     0x8  Code  Lc  hal_st.o [1]
st_lld_start_alarm       0x800'1f9d    0x14  Code  Lc  hal_st.o [1]
st_lld_stop_alarm        0x800'1fb1     0x8  Code  Lc  hal_st.o [1]
start_rx_process         0x800'12e1   0x24c  Code  Gb  app_rf_rx_v02.o [1]
start_transfer           0x800'1661    0x24  Code  Gb  app_rf_rx_v02.o [1]
stepDone                0x2000'479a     0x1  Data  Lc  stepper_task.o [1]
stepMoveHome             0x800'2dbd    0x3a  Code  Gb  stepper.o [1]
stepPoll                 0x800'2df7   0x18a  Code  Gb  stepper.o [1]
step_high                0x800'3635    0x14  Code  Lc  stepper_task.o [1]
step_low                 0x800'3627     0xe  Code  Lc  stepper_task.o [1]
step_runtime            0x2000'46f8    0x3c  Data  Gb  stepper.o [1]
stepperCtrl             0x2000'06c8    0x48  Data  Gb  stepper_task.o [1]
stepperRuntime          0x2000'4734     0x4  Data  Lc  stepper_task.o [1]
stepper_init             0x800'2ba1    0xc2  Code  Gb  stepper.o [1]
stepper_move_to          0x800'2c63   0x15a  Code  Gb  stepper.o [1]
stepper_task_init        0x800'3731    0x3e  Code  Gb  stepper_task.o [1]
stm32_clock_init         0x800'5e9f    0x70  Code  Gb  hal_lld.o [1]
stop_rx_process          0x800'152d    0x66  Code  Gb  app_rf_rx_v02.o [1]
stop_transfer            0x800'1685    0x1e  Code  Gb  app_rf_rx_v02.o [1]
strcmp                   0x800'6245          Code  Gb  strcmp.o [4]
sync_width_value        0x2000'05d8     0x4  Data  Gb  dev_bc3601.o [1]
sync_word_buff          0x2000'3c08     0xc  Data  Gb  dev_bc3601.o [1]
syncword_config          0x800'467f    0x72  Code  Lc  dev_bc3601.o [1]
tm_stop                  0x800'5305    0x3c  Code  Lc  chtm.o [1]
txPacket                0x2000'2960    0x44  Data  Lc  app_rf_rx_v02.o [1]
tx_control_loop          0x800'1881   0x420  Code  Lc  app_rf_rx_v02.o [1]
u32_to_le_bytes          0x800'3887    0x32  Code  Lc  binaryProtocolTask.o [1]
usart_init               0x800'6e89    0x78  Code  Lc  hal_serial_lld.o [1]
vmt                      0x800'7f30    0x28  Data  Lc  hal_serial.o [1]
vt_blink                0x2000'2a58    0x14  Data  Lc  app_rf_rx_v02.o [1]
waOperation             0x2000'0a88   0x370  Data  Lc  app_rf_rx_v02.o [1]
waRemoteIO              0x2000'0718   0x370  Data  Lc  app_rf_rx_v02.o [1]
waShell                 0x2000'1168  0x1170  Data  Lc  binaryProtocolTask.o [1]
waStepperTask           0x2000'2528   0x370  Data  Lc  stepper_task.o [1]
waTransfer              0x2000'0df8   0x370  Data  Lc  app_rf_rx_v02.o [1]
wait_crystal_ready       0x800'459d    0x3e  Code  Lc  dev_bc3601.o [1]
wakeup                   0x800'59fd    0x50  Code  Lc  chschd.o [1]


[1] = D:\SourceRespo\IAR_SRC_WS\RemoteIO\RF_RX_V02\Obj
[2] = dl7M_tln.a
[3] = m7M_tls.a
[4] = rt7M_tl.a
[5] = shb_l.a

  31 726 bytes of readonly  code memory
   1 492 bytes of readonly  data memory
  22 427 bytes of readwrite data memory

Errors: none
Warnings: none
