###############################################################################
#
# IAR ELF Linker V8.32.3.193/W32 for ARM                  05/Aug/2025  15:13:56
# Copyright 2007-2019 IAR Systems AB.
#
#    Output file  =  
#        D:\SourceRespo\IAR_SRC_WS\RemoteIO\PPMU_V01\Exe\RemoteIO.out
#    Map file     =  
#        D:\SourceRespo\IAR_SRC_WS\RemoteIO\PPMU_V01\List\RemoteIO.map
#    Command line =  
#        -f C:\Users\jjyeh\AppData\Local\Temp\EW1301.tmp
#        (D:\SourceRespo\IAR_SRC_WS\RemoteIO\PPMU_V01\Obj\ad5522_dev.o
#        D:\SourceRespo\IAR_SRC_WS\RemoteIO\PPMU_V01\Obj\app_ppmu.o
#        D:\SourceRespo\IAR_SRC_WS\RemoteIO\PPMU_V01\Obj\at32_flash.o
#        D:\SourceRespo\IAR_SRC_WS\RemoteIO\PPMU_V01\Obj\at32f4xx_flash.o
#        D:\SourceRespo\IAR_SRC_WS\RemoteIO\PPMU_V01\Obj\bin_protocol.o
#        D:\SourceRespo\IAR_SRC_WS\RemoteIO\PPMU_V01\Obj\board.o
#        D:\SourceRespo\IAR_SRC_WS\RemoteIO\PPMU_V01\Obj\chcond.o
#        D:\SourceRespo\IAR_SRC_WS\RemoteIO\PPMU_V01\Obj\chcore.o
#        D:\SourceRespo\IAR_SRC_WS\RemoteIO\PPMU_V01\Obj\chcore_v7m.o
#        D:\SourceRespo\IAR_SRC_WS\RemoteIO\PPMU_V01\Obj\chcoreasm_v7m.o
#        D:\SourceRespo\IAR_SRC_WS\RemoteIO\PPMU_V01\Obj\chdebug.o
#        D:\SourceRespo\IAR_SRC_WS\RemoteIO\PPMU_V01\Obj\chdelegates.o
#        D:\SourceRespo\IAR_SRC_WS\RemoteIO\PPMU_V01\Obj\chdynamic.o
#        D:\SourceRespo\IAR_SRC_WS\RemoteIO\PPMU_V01\Obj\chevents.o
#        D:\SourceRespo\IAR_SRC_WS\RemoteIO\PPMU_V01\Obj\chfactory.o
#        D:\SourceRespo\IAR_SRC_WS\RemoteIO\PPMU_V01\Obj\chmboxes.o
#        D:\SourceRespo\IAR_SRC_WS\RemoteIO\PPMU_V01\Obj\chmemcore.o
#        D:\SourceRespo\IAR_SRC_WS\RemoteIO\PPMU_V01\Obj\chmemheaps.o
#        D:\SourceRespo\IAR_SRC_WS\RemoteIO\PPMU_V01\Obj\chmempools.o
#        D:\SourceRespo\IAR_SRC_WS\RemoteIO\PPMU_V01\Obj\chmsg.o
#        D:\SourceRespo\IAR_SRC_WS\RemoteIO\PPMU_V01\Obj\chmtx.o
#        D:\SourceRespo\IAR_SRC_WS\RemoteIO\PPMU_V01\Obj\chobjcaches.o
#        D:\SourceRespo\IAR_SRC_WS\RemoteIO\PPMU_V01\Obj\chpipes.o
#        D:\SourceRespo\IAR_SRC_WS\RemoteIO\PPMU_V01\Obj\chprintf.o
#        D:\SourceRespo\IAR_SRC_WS\RemoteIO\PPMU_V01\Obj\chregistry.o
#        D:\SourceRespo\IAR_SRC_WS\RemoteIO\PPMU_V01\Obj\chschd.o
#        D:\SourceRespo\IAR_SRC_WS\RemoteIO\PPMU_V01\Obj\chsem.o
#        D:\SourceRespo\IAR_SRC_WS\RemoteIO\PPMU_V01\Obj\chstats.o
#        D:\SourceRespo\IAR_SRC_WS\RemoteIO\PPMU_V01\Obj\chsys.o
#        D:\SourceRespo\IAR_SRC_WS\RemoteIO\PPMU_V01\Obj\chthreads.o
#        D:\SourceRespo\IAR_SRC_WS\RemoteIO\PPMU_V01\Obj\chtm.o
#        D:\SourceRespo\IAR_SRC_WS\RemoteIO\PPMU_V01\Obj\chtrace.o
#        D:\SourceRespo\IAR_SRC_WS\RemoteIO\PPMU_V01\Obj\chvt.o
#        D:\SourceRespo\IAR_SRC_WS\RemoteIO\PPMU_V01\Obj\cmsis_os.o
#        D:\SourceRespo\IAR_SRC_WS\RemoteIO\PPMU_V01\Obj\cstartup.o
#        D:\SourceRespo\IAR_SRC_WS\RemoteIO\PPMU_V01\Obj\evtimer.o
#        D:\SourceRespo\IAR_SRC_WS\RemoteIO\PPMU_V01\Obj\hal.o
#        D:\SourceRespo\IAR_SRC_WS\RemoteIO\PPMU_V01\Obj\hal_adc.o
#        D:\SourceRespo\IAR_SRC_WS\RemoteIO\PPMU_V01\Obj\hal_adc_lld.o
#        D:\SourceRespo\IAR_SRC_WS\RemoteIO\PPMU_V01\Obj\hal_buffers.o
#        D:\SourceRespo\IAR_SRC_WS\RemoteIO\PPMU_V01\Obj\hal_can.o
#        D:\SourceRespo\IAR_SRC_WS\RemoteIO\PPMU_V01\Obj\hal_can_lld.o
#        D:\SourceRespo\IAR_SRC_WS\RemoteIO\PPMU_V01\Obj\hal_crypto.o
#        D:\SourceRespo\IAR_SRC_WS\RemoteIO\PPMU_V01\Obj\hal_dac.o
#        D:\SourceRespo\IAR_SRC_WS\RemoteIO\PPMU_V01\Obj\hal_efl.o
#        D:\SourceRespo\IAR_SRC_WS\RemoteIO\PPMU_V01\Obj\hal_efl_lld.o
#        D:\SourceRespo\IAR_SRC_WS\RemoteIO\PPMU_V01\Obj\hal_flash.o
#        D:\SourceRespo\IAR_SRC_WS\RemoteIO\PPMU_V01\Obj\hal_gpt.o
#        D:\SourceRespo\IAR_SRC_WS\RemoteIO\PPMU_V01\Obj\hal_gpt_lld.o
#        D:\SourceRespo\IAR_SRC_WS\RemoteIO\PPMU_V01\Obj\hal_i2c.o
#        D:\SourceRespo\IAR_SRC_WS\RemoteIO\PPMU_V01\Obj\hal_i2c_lld.o
#        D:\SourceRespo\IAR_SRC_WS\RemoteIO\PPMU_V01\Obj\hal_i2s.o
#        D:\SourceRespo\IAR_SRC_WS\RemoteIO\PPMU_V01\Obj\hal_i2s_lld.o
#        D:\SourceRespo\IAR_SRC_WS\RemoteIO\PPMU_V01\Obj\hal_icu.o
#        D:\SourceRespo\IAR_SRC_WS\RemoteIO\PPMU_V01\Obj\hal_icu_lld.o
#        D:\SourceRespo\IAR_SRC_WS\RemoteIO\PPMU_V01\Obj\hal_lld.o
#        D:\SourceRespo\IAR_SRC_WS\RemoteIO\PPMU_V01\Obj\hal_mac.o
#        D:\SourceRespo\IAR_SRC_WS\RemoteIO\PPMU_V01\Obj\hal_mmc_spi.o
#        D:\SourceRespo\IAR_SRC_WS\RemoteIO\PPMU_V01\Obj\hal_mmcsd.o
#        D:\SourceRespo\IAR_SRC_WS\RemoteIO\PPMU_V01\Obj\hal_pal.o
#        D:\SourceRespo\IAR_SRC_WS\RemoteIO\PPMU_V01\Obj\hal_pal_lld.o
#        D:\SourceRespo\IAR_SRC_WS\RemoteIO\PPMU_V01\Obj\hal_pwm.o
#        D:\SourceRespo\IAR_SRC_WS\RemoteIO\PPMU_V01\Obj\hal_pwm_lld.o
#        D:\SourceRespo\IAR_SRC_WS\RemoteIO\PPMU_V01\Obj\hal_queues.o
#        D:\SourceRespo\IAR_SRC_WS\RemoteIO\PPMU_V01\Obj\hal_rtc.o
#        D:\SourceRespo\IAR_SRC_WS\RemoteIO\PPMU_V01\Obj\hal_rtc_lld.o
#        D:\SourceRespo\IAR_SRC_WS\RemoteIO\PPMU_V01\Obj\hal_sdc.o
#        D:\SourceRespo\IAR_SRC_WS\RemoteIO\PPMU_V01\Obj\hal_serial.o
#        D:\SourceRespo\IAR_SRC_WS\RemoteIO\PPMU_V01\Obj\hal_serial_lld.o
#        D:\SourceRespo\IAR_SRC_WS\RemoteIO\PPMU_V01\Obj\hal_serial_usb.o
#        D:\SourceRespo\IAR_SRC_WS\RemoteIO\PPMU_V01\Obj\hal_sio.o
#        D:\SourceRespo\IAR_SRC_WS\RemoteIO\PPMU_V01\Obj\hal_spi.o
#        D:\SourceRespo\IAR_SRC_WS\RemoteIO\PPMU_V01\Obj\hal_spi_lld.o
#        D:\SourceRespo\IAR_SRC_WS\RemoteIO\PPMU_V01\Obj\hal_st.o
#        D:\SourceRespo\IAR_SRC_WS\RemoteIO\PPMU_V01\Obj\hal_st_lld.o
#        D:\SourceRespo\IAR_SRC_WS\RemoteIO\PPMU_V01\Obj\hal_trng.o
#        D:\SourceRespo\IAR_SRC_WS\RemoteIO\PPMU_V01\Obj\hal_uart.o
#        D:\SourceRespo\IAR_SRC_WS\RemoteIO\PPMU_V01\Obj\hal_uart_lld.o
#        D:\SourceRespo\IAR_SRC_WS\RemoteIO\PPMU_V01\Obj\hal_usb.o
#        D:\SourceRespo\IAR_SRC_WS\RemoteIO\PPMU_V01\Obj\hal_usb_lld.o
#        D:\SourceRespo\IAR_SRC_WS\RemoteIO\PPMU_V01\Obj\hal_wdg.o
#        D:\SourceRespo\IAR_SRC_WS\RemoteIO\PPMU_V01\Obj\hal_wspi.o
#        D:\SourceRespo\IAR_SRC_WS\RemoteIO\PPMU_V01\Obj\memstreams.o
#        D:\SourceRespo\IAR_SRC_WS\RemoteIO\PPMU_V01\Obj\nullstreams.o
#        D:\SourceRespo\IAR_SRC_WS\RemoteIO\PPMU_V01\Obj\nvic.o
#        D:\SourceRespo\IAR_SRC_WS\RemoteIO\PPMU_V01\Obj\nvm.o
#        D:\SourceRespo\IAR_SRC_WS\RemoteIO\PPMU_V01\Obj\osal.o
#        D:\SourceRespo\IAR_SRC_WS\RemoteIO\PPMU_V01\Obj\shell.o
#        D:\SourceRespo\IAR_SRC_WS\RemoteIO\PPMU_V01\Obj\shell_cmd.o
#        D:\SourceRespo\IAR_SRC_WS\RemoteIO\PPMU_V01\Obj\stm32_dma.o
#        D:\SourceRespo\IAR_SRC_WS\RemoteIO\PPMU_V01\Obj\stm32_isr.o
#        D:\SourceRespo\IAR_SRC_WS\RemoteIO\PPMU_V01\Obj\task_binProtocol.o
#        D:\SourceRespo\IAR_SRC_WS\RemoteIO\PPMU_V01\Obj\task_ppmu.o
#        D:\SourceRespo\IAR_SRC_WS\RemoteIO\PPMU_V01\Obj\vectors.o
#        --no_out_extension -o
#        D:\SourceRespo\IAR_SRC_WS\RemoteIO\PPMU_V01\Exe\RemoteIO.out --map
#        D:\SourceRespo\IAR_SRC_WS\RemoteIO\PPMU_V01\List\RemoteIO.map --config
#        D:\SourceRespo\IAR_SRC_WS\RemoteIO\ch_at32.icf --semihosting --entry
#        __iar_program_start --vfe --text_out locale)
#
###############################################################################

*******************************************************************************
*** RUNTIME MODEL ATTRIBUTES
***

CppFlavor       = *
__SystemLibrary = DLib
__dlib_version  = 6


*******************************************************************************
*** HEAP SELECTION
***

The basic heap was selected because no calls to memory allocation
functions were found in the application outside of system library
functions, and there are calls to deallocation functions in the
application.


*******************************************************************************
*** PLACEMENT SUMMARY
***

"A0":  place at 0x800'0000 { section .intvec };
"P1":  place in [from 0x800'0000 to 0x803'ffff] { ro };
define block IRQSTACK with size = 1K, alignment = 8 { };
"A1":  place at start of [from 0x2000'0000 to 0x2000'7fff] { block IRQSTACK };
define block DATABSS with alignment = 8 { rw, zi };
"P2":  place in [from 0x2000'0000 to 0x2000'7fff] { block DATABSS };
define block HEAP with size = 4K, alignment = 8 { };
"P3":  place in [from 0x2000'0000 to 0x2000'7fff] { block HEAP };
define block SYSHEAP with alignment = 8 { section SYSHEAP };
"P4":  place in [from 0x2000'0000 to 0x2000'7fff] { block SYSHEAP };
define block CSTACK with size = 4K, alignment = 8 { section CSTACK };
"A2":  place at end of [from 0x2000'0000 to 0x2000'7fff] { block CSTACK };
initialize by copy { rw };
keep { section .intvec };

No sections matched the following patterns:

  section CSTACK  in block CSTACK


  Section            Kind         Address    Size  Object
  -------            ----         -------    ----  ------
"A0":                                       0x180
  .intvec            ro code   0x800'0000   0x180  vectors.o [1]
                             - 0x800'0180   0x180

"P1", part 1 of 2:                           0x51
  .rodata            const     0x800'0180     0x0  zero_init3.o [4]
  .rodata            const     0x800'0180     0x0  lz77_init_single.o [4]
  Initializer bytes  const     0x800'0180    0x51  <for DATABSS-1>
                             - 0x800'01d1    0x51

Absolute sections:                            0x8
  .rodata            const     0x800'0400     0x8  app_ppmu.o [1]
                             - 0x800'0408     0x8

"P1", part 2 of 2:                         0x6bd4
  .text              ro code   0x800'0408  0x1444  task_ppmu.o [1]
  .text              ro code   0x800'184c   0x160  nvm.o [1]
  .text              ro code   0x800'19ac    0x9a  chregistry.o [1]
  .text              ro code   0x800'1a46    0x7a  lz77_init_single.o [4]
  .text              ro code   0x800'1ac0   0x2fa  chthreads.o [1]
  .text              ro code   0x800'1dba    0x3a  zero_init3.o [4]
  .text              ro code   0x800'1df4   0x532  ad5522_dev.o [1]
  .text              ro code   0x800'2326     0xc  memcpy.o [4]
  .rodata            const     0x800'2332     0x2  hal_usb.o [1]
  .text              ro code   0x800'2334    0x90  chstats.o [1]
  .text              ro code   0x800'23c4   0x186  at32_flash.o [1]
  .rodata            const     0x800'254a     0x2  hal_usb.o [1]
  .text              ro code   0x800'254c    0x12  strcmp.o [4]
  .rodata            const     0x800'255e     0x2  hal_usb.o [1]
  .text              ro code   0x800'2560   0x29c  chschd.o [1]
  .text              ro code   0x800'27fc    0xbc  chtm.o [1]
  .text              ro code   0x800'28b8    0xa0  chmemheaps.o [1]
  .text              ro code   0x800'2958    0x4c  chmempools.o [1]
  .text              ro code   0x800'29a4   0x10e  hal_spi.o [1]
  .text              ro code   0x800'2ab2     0x2  vectors.o [1]
  .text              ro code   0x800'2ab4   0x12c  hal_pal_lld.o [1]
  .text              ro code   0x800'2be0    0xa6  ABImemcpy.o [4]
  .text              ro code   0x800'2c88   0x224  at32f4xx_flash.o [1]
  .text              ro code   0x800'2eac   0x17c  chsys.o [1]
  .text              ro code   0x800'3028    0x3e  chcoreasm_v7m.o [1]
  .text              ro code   0x800'3068   0x1a8  chvt.o [1]
  .text              ro code   0x800'3210   0x174  chmtx.o [1]
  .text              ro code   0x800'3384   0x31c  hal_spi_lld.o [1]
  .text              ro code   0x800'36a0    0x68  hal_st.o [1]
  .text              ro code   0x800'3708    0x80  chmemcore.o [1]
  .text              ro code   0x800'3788    0x78  chfactory.o [1]
  .text              ro code   0x800'3800   0x108  chcore_v7m.o [1]
  .text              ro code   0x800'3908   0x278  stm32_dma.o [1]
  .text              ro code   0x800'3b80    0xe6  hal_st_lld.o [1]
  .text              ro code   0x800'3c68    0x58  nvic.o [1]
  .text              ro code   0x800'3cc0  0x1368  task_binProtocol.o [1]
  .text              ro code   0x800'5028   0x148  hal_serial.o [1]
  .text              ro code   0x800'5170   0x1c0  bin_protocol.o [1]
  .text              ro code   0x800'5330    0xe8  chevents.o [1]
  .text              ro code   0x800'5418   0x386  hal_queues.o [1]
  .text              ro code   0x800'57a0   0x234  hal_serial_lld.o [1]
  .text              ro code   0x800'59d4   0x6be  hal_usb.o [1]
  .text              ro code   0x800'6094   0x630  hal_usb_lld.o [1]
  .text              ro code   0x800'66c4   0x22c  stm32_isr.o [1]
  .text              ro code   0x800'68f0    0xe4  hal_lld.o [1]
  .rodata            const     0x800'69d4    0xc0  task_binProtocol.o [1]
  .rodata            const     0x800'6a94    0xb0  stm32_dma.o [1]
  .text              ro code   0x800'6b44    0xa4  hal_gpt_lld.o [1]
  .text              ro code   0x800'6be8    0x12  hal_gpt.o [1]
  .text              ro code   0x800'6bfc    0x90  cstartup.o [1]
  .text              ro code   0x800'6c8c     0xa  board.o [1]
  .text              ro code   0x800'6c98    0x22  fpinit_M.o [3]
  .text              ro code   0x800'6cbc    0x1e  cmain.o [4]
  .text              ro code   0x800'6cda     0x4  low_level_init.o [2]
  .text              ro code   0x800'6ce0    0x28  data_init.o [4]
  .text              ro code   0x800'6d08    0x6c  app_ppmu.o [1]
  .text              ro code   0x800'6d74     0x4  exit.o [2]
  .text              ro code   0x800'6d78    0x38  hal.o [1]
  .text              ro code   0x800'6db0     0xa  cexit.o [4]
  .text              ro code   0x800'6dba    0x32  hal_adc.o [1]
  .text              ro code   0x800'6dec     0x2  hal_serial_usb.o [1]
  .text              ro code   0x800'6df0    0x14  exit.o [5]
  .text              ro code   0x800'6e04    0x68  hal_adc_lld.o [1]
  .rodata            const     0x800'6e6c    0x3c  board.o [1]
  .rodata            const     0x800'6ea8    0x28  hal_serial.o [1]
  .rodata            const     0x800'6ed0    0x24  hal_usb_lld.o [1]
  .iar.init_table    const     0x800'6ef4    0x20  - Linker created -
  .rodata            const     0x800'6f14    0x18  ad5522_dev.o [1]
  .rodata            const     0x800'6f2c    0x18  chregistry.o [1]
  .rodata            const     0x800'6f44    0x18  chsys.o [1]
  .rodata            const     0x800'6f5c    0x14  hal_pal_lld.o [1]
  .rodata            const     0x800'6f70    0x14  task_ppmu.o [1]
  .rodata            const     0x800'6f84    0x10  chschd.o [1]
  .rodata            const     0x800'6f94     0xc  hal_serial_lld.o [1]
  .rodata            const     0x800'6fa0     0xc  hal_spi_lld.o [1]
  .rodata            const     0x800'6fac     0x8  app_ppmu.o [1]
  .rodata            const     0x800'6fb4     0x8  chsys.o [1]
  .rodata            const     0x800'6fbc     0x8  chthreads.o [1]
  .rodata            const     0x800'6fc4     0x8  task_binProtocol.o [1]
  .rodata            const     0x800'6fcc     0x8  task_ppmu.o [1]
  .rodata            const     0x800'6fd4     0x4  ad5522_dev.o [1]
  .rodata            const     0x800'6fd8     0x4  task_ppmu.o [1]
                             - 0x800'6fdc  0x6bd4

"A1":                                       0x400
  IRQSTACK                    0x2000'0000   0x400  <Block>
    IRQSTACK         uninit   0x2000'0000   0x400  <Block tail>
                            - 0x2000'0400   0x400

"P2-P4":                                   0x23e0
  DATABSS                     0x2000'0400  0x23e0  <Block>
    HEAP             rw data  0x2000'0400     0x0  cstartup.o [1]
    DATABSS-1                 0x2000'0400    0xb8  <Init block>
      .data          inited   0x2000'0400     0xc  task_binProtocol.o [1]
      .data          inited   0x2000'040c     0xc  task_binProtocol.o [1]
      .data          inited   0x2000'0418    0xa0  task_ppmu.o [1]
    .bss             zero     0x2000'04b8    0xd0  chschd.o [1]
    .bss             zero     0x2000'0588   0x180  chsys.o [1]
    .bss             zero     0x2000'0708   0x970  task_binProtocol.o [1]
    .bss             zero     0x2000'1078     0x4  bin_protocol.o [1]
    .bss             zero     0x2000'107c    0x48  chfactory.o [1]
    .bss             zero     0x2000'10c4     0x8  chmemcore.o [1]
    .bss             zero     0x2000'10cc   0x800  chmemcore.o [1]
    .bss             zero     0x2000'18cc    0x1c  chmemheaps.o [1]
    .bss             zero     0x2000'18e8    0x34  hal_adc_lld.o [1]
    .bss             zero     0x2000'191c    0x10  hal_gpt_lld.o [1]
    .bss             zero     0x2000'192c    0x10  hal_gpt_lld.o [1]
    .bss             zero     0x2000'193c    0x80  hal_pal_lld.o [1]
    .bss             zero     0x2000'19bc   0x15c  hal_serial_lld.o [1]
    .bss             zero     0x2000'1b18    0x30  hal_spi_lld.o [1]
    .bss             zero     0x2000'1b48    0x88  hal_usb_lld.o [1]
    .bss             zero     0x2000'1bd0    0x10  hal_usb_lld.o [1]
    .bss             zero     0x2000'1be0     0x8  hal_usb_lld.o [1]
    .bss             zero     0x2000'1be8    0x60  stm32_dma.o [1]
    .bss             zero     0x2000'1c48     0xc  task_binProtocol.o [1]
    .bss             zero     0x2000'1c54   0x104  task_binProtocol.o [1]
    .bss             zero     0x2000'1d58   0x8f8  task_ppmu.o [1]
    .bss             zero     0x2000'2650   0x18c  task_ppmu.o [1]
    .bss             zero     0x2000'27dc     0x2  hal_spi_lld.o [1]
  SYSHEAP                     0x2000'27e0     0x0  <Block>
    SYSHEAP          rw data  0x2000'27e0     0x0  cstartup.o [1]
                            - 0x2000'27e0  0x23e0

"A2":                                      0x1000
  CSTACK                      0x2000'7000  0x1000  <Block>
    CSTACK           uninit   0x2000'7000  0x1000  <Block tail>
                            - 0x2000'8000  0x1000

Unused ranges:

         From           To      Size
         ----           --      ----
   0x800'01d1   0x800'03ff     0x22f
   0x800'6fdc   0x803'ffff  0x3'9024
  0x2000'27e0  0x2000'6fff    0x4820


*******************************************************************************
*** INIT TABLE
***

          Address      Size
          -------      ----
Zero (__iar_zero_init3)
    1 destination range, total size 0x2326:
          0x2000'04b8  0x2326

Copy/lz77 (__iar_lz77_init_single3)
    1 source range, total size 0x51 (44% of destination):
           0x800'0180    0x51
    1 destination range, total size 0xb8:
          0x2000'0400    0xb8



*******************************************************************************
*** MODULE SUMMARY
***

    Module              ro code  ro data  rw data  ro data
                                                    (abs)
    ------              -------  -------  -------  -------
command line/config:
    ------------------------------------------------------
    Total:

D:\SourceRespo\IAR_SRC_WS\RemoteIO\PPMU_V01\Obj: [1]
    ad5522_dev.o          1 330       28
    app_ppmu.o              108        8                 8
    at32_flash.o            390
    at32f4xx_flash.o        548
    bin_protocol.o          448                 4
    board.o                  10       60
    chcore_v7m.o            264
    chcoreasm_v7m.o          62
    chevents.o              232
    chfactory.o             120                72
    chmemcore.o             128             2 056
    chmemheaps.o            160                28
    chmempools.o             76
    chmtx.o                 372
    chregistry.o            154       24
    chschd.o                668       16      208
    chstats.o               144
    chsys.o                 380       32      384
    chthreads.o             762        8
    chtm.o                  188
    chvt.o                  424
    cstartup.o              144
    hal.o                    56
    hal_adc.o                50
    hal_adc_lld.o           104                52
    hal_gpt.o                18
    hal_gpt_lld.o           164                32
    hal_lld.o               228
    hal_pal_lld.o           300       20      128
    hal_queues.o            902
    hal_serial.o            328       40
    hal_serial_lld.o        564       12      348
    hal_serial_usb.o          2
    hal_spi.o               270
    hal_spi_lld.o           796       12       50
    hal_st.o                104
    hal_st_lld.o            230
    hal_usb.o             1 726        6
    hal_usb_lld.o         1 584       36      160
    nvic.o                   88
    nvm.o                   352
    stm32_dma.o             632      176       96
    stm32_isr.o             556
    task_binProtocol.o    4 968      210    2 712
    task_ppmu.o           5 188      103    2 852
    vectors.o               386
    ------------------------------------------------------
    Total:               26 708      791    9 182        8

dl7M_tln.a: [2]
    exit.o                    4
    low_level_init.o          4
    ------------------------------------------------------
    Total:                    8

m7M_tls.a: [3]
    fpinit_M.o               34
    ------------------------------------------------------
    Total:                   34

rt7M_tl.a: [4]
    ABImemcpy.o             166
    cexit.o                  10
    cmain.o                  30
    data_init.o              40
    lz77_init_single.o      122
    memcpy.o                 12
    strcmp.o                 18
    zero_init3.o             58
    ------------------------------------------------------
    Total:                  456

shb_l.a: [5]
    exit.o                   20
    ------------------------------------------------------
    Total:                   20

    Gaps                     20
    Linker created                    32    5 120
----------------------------------------------------------
    Grand Total:         27 246      823   14 302        8


*******************************************************************************
*** ENTRY LIST
***

Entry                       Address   Size  Type      Object
-----                       -------   ----  ----      ------
.iar.init_table$$Base    0x800'6ef4          --   Gb  - Linker created -
.iar.init_table$$Limit   0x800'6f14          --   Gb  - Linker created -
?main                    0x800'6cbd         Code  Gb  cmain.o [4]
ADCD1                   0x2000'18e8   0x34  Data  Gb  hal_adc_lld.o [1]
BuildVersion             0x800'0400    0x8  Data  Gb  app_ppmu.o [1]
CSTACK$$Base            0x2000'7000          --   Gb  - Linker created -
CSTACK$$Limit           0x2000'8000          --   Gb  - Linker created -
DATABSS$$Base           0x2000'0400          --   Gb  - Linker created -
DATABSS$$Limit          0x2000'27e0          --   Gb  - Linker created -
FLASH_ErasePage          0x800'2ca9   0xa4  Code  Gb  at32f4xx_flash.o [1]
FLASH_GetBank1Status     0x800'2ddb   0x2a  Code  Gb  at32f4xx_flash.o [1]
FLASH_GetBank3Status     0x800'2e05   0x2a  Code  Gb  at32f4xx_flash.o [1]
FLASH_Lock               0x800'2c9b    0xe  Code  Gb  at32f4xx_flash.o [1]
FLASH_ProgramHalfWord    0x800'2d4d   0x8e  Code  Gb  at32f4xx_flash.o [1]
FLASH_ReadHalfWord       0x800'23c5    0x4  Code  Lc  at32_flash.o [1]
FLASH_Unlock             0x800'2c89   0x12  Code  Gb  at32f4xx_flash.o [1]
FLASH_WaitForBank1Process
                         0x800'2e2f   0x28  Code  Gb  at32f4xx_flash.o [1]
FLASH_WaitForBank3Process
                         0x800'2e57   0x28  Code  Gb  at32f4xx_flash.o [1]
GPTD1                   0x2000'191c   0x10  Data  Gb  hal_gpt_lld.o [1]
GPTD3                   0x2000'192c   0x10  Data  Gb  hal_gpt_lld.o [1]
IRQSTACK$$Base          0x2000'0000          --   Gb  - Linker created -
IRQSTACK$$Limit         0x2000'0400          --   Gb  - Linker created -
Region$$Table$$Base      0x800'6ef4          --   Gb  - Linker created -
Region$$Table$$Limit     0x800'6f14          --   Gb  - Linker created -
SD1                     0x2000'19bc  0x15c  Data  Gb  hal_serial_lld.o [1]
SPID1                   0x2000'1b18   0x30  Data  Gb  hal_spi_lld.o [1]
SVC_Handler              0x800'383f   0x1c  Code  Gb  chcore_v7m.o [1]
SYSHEAP$$Base           0x2000'27e0          --   Gb  - Linker created -
SYSHEAP$$Limit          0x2000'27e0          --   Gb  - Linker created -
USBD1                   0x2000'1b48   0x88  Data  Gb  hal_usb_lld.o [1]
Vector120                0x800'3987   0x12  Code  Gb  stm32_dma.o [1]
Vector124                0x800'3999   0x12  Code  Gb  stm32_dma.o [1]
Vector128                0x800'39ab   0x12  Code  Gb  stm32_dma.o [1]
Vector12C                0x800'39bd   0x12  Code  Gb  stm32_dma.o [1]
Vector58                 0x800'66c5   0x2e  Code  Gb  stm32_isr.o [1]
Vector5C                 0x800'66f3   0x2e  Code  Gb  stm32_isr.o [1]
Vector60                 0x800'6721   0x2e  Code  Gb  stm32_isr.o [1]
Vector64                 0x800'674f   0x2e  Code  Gb  stm32_isr.o [1]
Vector68                 0x800'677d   0x2e  Code  Gb  stm32_isr.o [1]
Vector6C                 0x800'3909   0x12  Code  Gb  stm32_dma.o [1]
Vector70                 0x800'391b   0x12  Code  Gb  stm32_dma.o [1]
Vector74                 0x800'392d   0x12  Code  Gb  stm32_dma.o [1]
Vector78                 0x800'393f   0x12  Code  Gb  stm32_dma.o [1]
Vector7C                 0x800'3951   0x12  Code  Gb  stm32_dma.o [1]
Vector80                 0x800'3963   0x12  Code  Gb  stm32_dma.o [1]
Vector84                 0x800'3975   0x12  Code  Gb  stm32_dma.o [1]
Vector90                 0x800'628f   0x96  Code  Gb  hal_usb_lld.o [1]
Vector9C                 0x800'67ab   0x76  Code  Gb  stm32_isr.o [1]
VectorA4                 0x800'6b45   0x12  Code  Gb  hal_gpt_lld.o [1]
VectorB0                 0x800'3bb5   0x10  Code  Gb  hal_st_lld.o [1]
VectorB4                 0x800'6b57   0x12  Code  Gb  hal_gpt_lld.o [1]
VectorD4                 0x800'5957   0x12  Code  Gb  hal_serial_lld.o [1]
VectorE0                 0x800'6821   0x88  Code  Gb  stm32_isr.o [1]
__NVIC_SetPriority       0x800'381b   0x24  Code  Lc  chcore_v7m.o [1]
__NVIC_SetPriorityGrouping
                         0x800'3801   0x1a  Code  Lc  chcore_v7m.o [1]
__aeabi_memcpy           0x800'2be1         Code  Gb  ABImemcpy.o [4]
__aeabi_memcpy4          0x800'2c01         Code  Gb  ABImemcpy.o [4]
__aeabi_memcpy8          0x800'2c01         Code  Gb  ABImemcpy.o [4]
__cmain                  0x800'6cbd         Code  Gb  cmain.o [4]
__early_init             0x800'6c8d    0x8  Code  Gb  board.o [1]
__exit                   0x800'6df1   0x14  Code  Gb  exit.o [5]
__heap_base__           0x2000'0400         Data  Gb  cstartup.o [1]
__heap_end__            0x2000'27e0         Data  Gb  cstartup.o [1]
__iar_data_init3         0x800'6ce1   0x28  Code  Gb  data_init.o [4]
__iar_init_vfp           0x800'6c99         Code  Gb  fpinit_M.o [3]
__iar_lz77_init_single3
                         0x800'1a47   0x7a  Code  Gb  lz77_init_single.o [4]
__iar_program_start      0x800'6bfd         Code  Gb  cstartup.o [1]
__iar_zero_init3         0x800'1dbb   0x3a  Code  Gb  zero_init3.o [4]
__low_level_init         0x800'6cdb    0x4  Code  Gb  low_level_init.o [2]
__main_stack_base__ {Abs}
                        0x2000'0000         Data  Gb  <internal module>
__main_stack_end__ {Abs}
                        0x2000'0400         Data  Gb  <internal module>
__main_thread_stack_base__ {Abs}
                        0x2000'0400         Data  Gb  <internal module>
__process_stack_base__ {Abs}
                        0x2000'0400         Data  Gb  <internal module>
__process_stack_end__ {Abs}
                        0x2000'1400         Data  Gb  <internal module>
__vector_table           0x800'0000         Data  Gb  vectors.o [1]
_call_main               0x800'6cc9         Code  Gb  cmain.o [4]
_core_init               0x800'3725    0xe  Code  Gb  chmemcore.o [1]
_core_init::static_heap
                        0x2000'10cc  0x800  Data  Lc  chmemcore.o [1]
_ctl                     0x800'50cd   0x10  Code  Lc  hal_serial.o [1]
_exit                    0x800'6db1         Code  Gb  cexit.o [4]
_factory_init            0x800'37a3   0x56  Code  Gb  chfactory.o [1]
_get                     0x800'5095    0xe  Code  Lc  hal_serial.o [1]
_gett                    0x800'50af    0xa  Code  Lc  hal_serial.o [1]
_heap_init               0x800'28b9   0x18  Code  Gb  chmemheaps.o [1]
_idle_thread             0x800'2fbb    0x2  Code  Lc  chsys.o [1]
_main                    0x800'6cd7         Code  Gb  cmain.o [4]
_oslib_init              0x800'2fab   0x10  Code  Lc  chsys.o [1]
_pal_events             0x2000'193c   0x80  Data  Gb  hal_pal_lld.o [1]
_pal_lld_init            0x800'2ab5   0x82  Code  Gb  hal_pal_lld.o [1]
_pal_lld_setgroupmode    0x800'2b37   0x60  Code  Gb  hal_pal_lld.o [1]
_pal_lld_setgroupmode::cfgtab
                         0x800'6f5c   0x14  Data  Lc  hal_pal_lld.o [1]
_port_exit_from_isr      0x800'3063         Code  Gb  chcoreasm_v7m.o [1]
_port_irq_epilogue       0x800'3895   0x48  Code  Gb  chcore_v7m.o [1]
_port_switch             0x800'3029         Code  Gb  chcoreasm_v7m.o [1]
_port_switch_from_isr    0x800'3057         Code  Gb  chcoreasm_v7m.o [1]
_port_thread_start       0x800'3041         Code  Gb  chcoreasm_v7m.o [1]
_put                     0x800'5085   0x10  Code  Lc  hal_serial.o [1]
_putt                    0x800'50a3    0xc  Code  Lc  hal_serial.o [1]
_read                    0x800'5077    0xe  Code  Lc  hal_serial.o [1]
_readt                   0x800'50c3    0xa  Code  Lc  hal_serial.o [1]
_scheduler_init          0x800'25cf   0x14  Code  Gb  chschd.o [1]
_stats_ctxswc            0x800'2371   0x1e  Code  Gb  chstats.o [1]
_stats_increase_irq      0x800'2357   0x1a  Code  Gb  chstats.o [1]
_stats_init              0x800'2335   0x22  Code  Gb  chstats.o [1]
_stats_start_measure_crit_isr
                         0x800'23a3    0xa  Code  Gb  chstats.o [1]
_stats_start_measure_crit_thd
                         0x800'238f    0xa  Code  Gb  chstats.o [1]
_stats_stop_measure_crit_isr
                         0x800'23ad    0xa  Code  Gb  chstats.o [1]
_stats_stop_measure_crit_thd
                         0x800'2399    0xa  Code  Gb  chstats.o [1]
_stm32_dma_streams       0x800'6a94   0xb0  Data  Gb  stm32_dma.o [1]
_thread_init             0x800'1b55   0x50  Code  Gb  chthreads.o [1]
_thread_memfill          0x800'1ba5    0xc  Code  Gb  chthreads.o [1]
_tm_init                 0x800'2839   0x30  Code  Gb  chtm.o [1]
_unhandled_exception     0x800'2ab3         Code  Gb  vectors.o [1]
_usb_ep0in               0x800'5f51   0xbe  Code  Gb  hal_usb.o [1]
_usb_ep0out              0x800'600f   0x84  Code  Gb  hal_usb.o [1]
_usb_ep0setup            0x800'5e4d  0x104  Code  Gb  hal_usb.o [1]
_usb_reset               0x800'5db5   0x54  Code  Gb  hal_usb.o [1]
_usb_suspend             0x800'5e09   0x2a  Code  Gb  hal_usb.o [1]
_usb_wakeup              0x800'5e33   0x1a  Code  Gb  hal_usb.o [1]
_vt_init                 0x800'30a1   0x16  Code  Gb  chvt.o [1]
_write                   0x800'5069    0xe  Code  Lc  hal_serial.o [1]
_writet                  0x800'50b9    0xa  Code  Lc  hal_serial.o [1]
active_status            0x800'254a    0x2  Data  Lc  hal_usb.o [1]
ad5522_config           0x2000'0418   0xa0  Data  Lc  task_ppmu.o [1]
ad5522_init              0x800'2229   0xfe  Code  Gb  ad5522_dev.o [1]
ad5522_rd_pmu_dac_register
                         0x800'20af   0xc6  Code  Gb  ad5522_dev.o [1]
ad5522_rd_pmu_register   0x800'1fff   0x62  Code  Gb  ad5522_dev.o [1]
ad5522_rd_sysconfig      0x800'1f75   0x4c  Code  Gb  ad5522_dev.o [1]
ad5522_readFrame         0x800'1f41   0x34  Code  Lc  ad5522_dev.o [1]
ad5522_reset             0x800'1efd   0x44  Code  Gb  ad5522_dev.o [1]
ad5522_wr_pmu_dac_register
                         0x800'2175   0xa8  Code  Gb  ad5522_dev.o [1]
ad5522_wr_pmu_register   0x800'2061   0x4e  Code  Gb  ad5522_dev.o [1]
ad5522_wr_sysconfig      0x800'1fc1   0x3e  Code  Gb  ad5522_dev.o [1]
adcInit                  0x800'6dc3    0x8  Code  Gb  hal_adc.o [1]
adcObjectInit            0x800'6dcb   0x22  Code  Gb  hal_adc.o [1]
adc_lld_init             0x800'6e05   0x54  Code  Gb  hal_adc_lld.o [1]
binProtoRuntime         0x2000'1c48    0xc  Data  Lc  task_binProtocol.o [1]
binProtocolProc          0x800'52cd   0x5a  Code  Gb  bin_protocol.o [1]
bin_commands             0x800'69d4   0xc0  Data  Lc  task_binProtocol.o [1]
bin_config              0x2000'040c    0xc  Data  Lc  task_binProtocol.o [1]
binshell_terminated     0x2000'1078    0x4  Data  Gb  bin_protocol.o [1]
boardInit                0x800'6c95    0x2  Code  Gb  board.o [1]
board_nvm               0x2000'1c54  0x104  Data  Lc  task_binProtocol.o [1]
board_nvm_load_default   0x800'4f1f    0x2  Code  Gb  task_binProtocol.o [1]
board_nvm_save           0x800'5021    0x8  Code  Gb  task_binProtocol.o [1]
ch                      0x2000'04b8   0xd0  Data  Gb  chschd.o [1]
chCoreAllocAlignedI      0x800'3789    0xa  Code  Lc  chfactory.o [1]
chCoreAllocFromTop       0x800'3761   0x20  Code  Gb  chmemcore.o [1]
chCoreAllocFromTopI      0x800'3733   0x2e  Code  Gb  chmemcore.o [1]
chEvtBroadcastFlagsI     0x800'534d   0x2a  Code  Gb  chevents.o [1]
chEvtBroadcastI          0x800'5199    0xa  Code  Lc  bin_protocol.o [1]
chEvtObjectInit          0x800'5045    0x4  Code  Lc  hal_serial.o [1]
chEvtSignal              0x800'5377   0x1c  Code  Gb  chevents.o [1]
chEvtSignalI             0x800'5393   0x36  Code  Gb  chevents.o [1]
chEvtWaitAnyTimeout      0x800'53c9   0x4c  Code  Gb  chevents.o [1]
chHeapFree               0x800'28d1   0x7e  Code  Gb  chmemheaps.o [1]
chMtxLock                0x800'3299   0x14  Code  Gb  chmtx.o [1]
chMtxLockS               0x800'32ad   0x74  Code  Gb  chmtx.o [1]
chMtxObjectInit          0x800'3289   0x10  Code  Gb  chmtx.o [1]
chMtxQueueNotEmptyS      0x800'3281    0x8  Code  Lc  chmtx.o [1]
chMtxUnlock              0x800'3321   0x60  Code  Gb  chmtx.o [1]
chPoolFree               0x800'298d   0x18  Code  Gb  chmempools.o [1]
chPoolFreeI              0x800'2985    0x8  Code  Gb  chmempools.o [1]
chPoolObjectInit         0x800'3793    0xc  Code  Lc  chfactory.o [1]
chPoolObjectInitAligned
                         0x800'2975   0x10  Code  Gb  chmempools.o [1]
chRegFindThreadByName    0x800'1a19   0x2e  Code  Gb  chregistry.o [1]
chRegFirstThread         0x800'19cd   0x1c  Code  Gb  chregistry.o [1]
chRegGetThreadNameX      0x800'19c9    0x4  Code  Lc  chregistry.o [1]
chRegNextThread          0x800'19e9   0x2c  Code  Gb  chregistry.o [1]
chRegSetThreadName       0x800'6d09    0x8  Code  Lc  app_ppmu.o [1]
chSchDoReschedule        0x800'27ab   0x42  Code  Gb  chschd.o [1]
chSchDoRescheduleAhead   0x800'2769   0x42  Code  Gb  chschd.o [1]
chSchGoSleepS            0x800'2623   0x3e  Code  Gb  chschd.o [1]
chSchGoSleepTimeoutS     0x800'26b1   0x44  Code  Gb  chschd.o [1]
chSchIsPreemptionRequired
                         0x800'2751   0x18  Code  Gb  chschd.o [1]
chSchIsRescRequiredI     0x800'2583   0x18  Code  Lc  chschd.o [1]
chSchReadyAheadI         0x800'2603   0x20  Code  Gb  chschd.o [1]
chSchReadyI              0x800'25e3   0x20  Code  Gb  chschd.o [1]
chSchRescheduleS         0x800'2741   0x10  Code  Gb  chschd.o [1]
chSchWakeupS             0x800'26f5   0x4c  Code  Gb  chschd.o [1]
chSemFastSignalI         0x800'25c7    0x8  Code  Lc  chschd.o [1]
chSysEnable              0x800'2ed3    0xa  Code  Lc  chsys.o [1]
chSysHalt                0x800'3009    0x8  Code  Gb  chsys.o [1]
chSysInit                0x800'2fbd   0x4c  Code  Gb  chsys.o [1]
chSysInit{3}::idle_descriptor
                         0x800'6f44   0x18  Data  Lc  chsys.o [1]
chSysLock                0x800'5171    0xe  Code  Lc  bin_protocol.o [1]
chSysLock                0x800'5331    0xe  Code  Lc  chevents.o [1]
chSysLock                0x800'3709    0xe  Code  Lc  chmemcore.o [1]
chSysLock                0x800'2959    0xe  Code  Lc  chmempools.o [1]
chSysLock                0x800'3265    0xe  Code  Lc  chmtx.o [1]
chSysLock                0x800'19ad    0xe  Code  Lc  chregistry.o [1]
chSysLock                0x800'1b11    0xe  Code  Lc  chthreads.o [1]
chSysLock                0x800'541f    0xe  Code  Lc  hal_queues.o [1]
chSysLock                0x800'5029    0xe  Code  Lc  hal_serial.o [1]
chSysLock                0x800'29a5    0xe  Code  Lc  hal_spi.o [1]
chSysLock                0x800'184d    0xe  Code  Lc  nvm.o [1]
chSysLockFromISR         0x800'259b    0xe  Code  Lc  chschd.o [1]
chSysLockFromISR         0x800'2edd    0xe  Code  Lc  chsys.o [1]
chSysLockFromISR         0x800'57a1    0xe  Code  Lc  hal_serial_lld.o [1]
chSysLockFromISR         0x800'3385    0xe  Code  Lc  hal_spi_lld.o [1]
chSysLockFromISR         0x800'3b81    0xe  Code  Lc  hal_st_lld.o [1]
chSysLockFromISR         0x800'59d5    0xe  Code  Lc  hal_usb.o [1]
chSysTimerHandlerI       0x800'3011    0x8  Code  Gb  chsys.o [1]
chSysUnlock              0x800'533f    0xe  Code  Lc  chevents.o [1]
chSysUnlock              0x800'3717    0xe  Code  Lc  chmemcore.o [1]
chSysUnlock              0x800'2967    0xe  Code  Lc  chmempools.o [1]
chSysUnlock              0x800'3273    0xe  Code  Lc  chmtx.o [1]
chSysUnlock              0x800'19bb    0xe  Code  Lc  chregistry.o [1]
chSysUnlock              0x800'1b1f    0xe  Code  Lc  chthreads.o [1]
chSysUnlock              0x800'542d    0xe  Code  Lc  hal_queues.o [1]
chSysUnlock              0x800'5037    0xe  Code  Lc  hal_serial.o [1]
chSysUnlock              0x800'29b3    0xe  Code  Lc  hal_spi.o [1]
chSysUnlock              0x800'185b    0xe  Code  Lc  nvm.o [1]
chSysUnlockFromISR       0x800'25a9    0xe  Code  Lc  chschd.o [1]
chSysUnlockFromISR       0x800'2eeb    0xe  Code  Lc  chsys.o [1]
chSysUnlockFromISR       0x800'57af    0xe  Code  Lc  hal_serial_lld.o [1]
chSysUnlockFromISR       0x800'3393    0xe  Code  Lc  hal_spi_lld.o [1]
chSysUnlockFromISR       0x800'3b8f    0xe  Code  Lc  hal_st_lld.o [1]
chSysUnlockFromISR       0x800'59e3    0xe  Code  Lc  hal_usb.o [1]
chTMChainMeasurementToX
                         0x800'289f   0x12  Code  Gb  chtm.o [1]
chTMObjectInit           0x800'2869   0x1c  Code  Gb  chtm.o [1]
chTMStartMeasurementX    0x800'2885    0x8  Code  Gb  chtm.o [1]
chTMStopMeasurementX     0x800'288d   0x12  Code  Gb  chtm.o [1]
chThdCreate              0x800'1be1   0x2a  Code  Gb  chthreads.o [1]
chThdCreateStatic        0x800'1c0b   0x56  Code  Gb  chthreads.o [1]
chThdCreateSuspendedI    0x800'1bb1   0x30  Code  Gb  chthreads.o [1]
chThdDequeueNextI        0x800'1da1   0x1a  Code  Gb  chthreads.o [1]
chThdDoDequeueNextI      0x800'1b45   0x10  Code  Lc  chthreads.o [1]
chThdEnqueueTimeoutS     0x800'1d71   0x22  Code  Gb  chthreads.o [1]
chThdExit                0x800'1ccb   0x10  Code  Gb  chthreads.o [1]
chThdExitS               0x800'1cdb   0x48  Code  Gb  chthreads.o [1]
chThdGetSelfX            0x800'517f    0x6  Code  Lc  bin_protocol.o [1]
chThdGetSelfX            0x800'1b2d    0x8  Code  Lc  chthreads.o [1]
chThdGetWorkingAreaX     0x800'1b35    0x4  Code  Lc  chthreads.o [1]
chThdQueueObjectInit     0x800'543b    0x8  Code  Lc  hal_queues.o [1]
chThdRelease             0x800'1c61   0x6a  Code  Gb  chthreads.o [1]
chThdResumeI             0x800'1d59   0x18  Code  Gb  chthreads.o [1]
chThdShouldTerminateX    0x800'5185   0x14  Code  Lc  bin_protocol.o [1]
chThdSleep               0x800'1d23   0x14  Code  Gb  chthreads.o [1]
chThdSleepS              0x800'1b39    0xc  Code  Lc  chthreads.o [1]
chThdSuspendTimeoutS     0x800'1d37   0x22  Code  Gb  chthreads.o [1]
chTimeAddX               0x800'2ead    0x6  Code  Lc  chsys.o [1]
chTimeAddX               0x800'3069    0x6  Code  Lc  chvt.o [1]
chTimeDiffX              0x800'2eb3    0x6  Code  Lc  chsys.o [1]
chTimeDiffX              0x800'306f    0x6  Code  Lc  chvt.o [1]
chVTDoResetI             0x800'3173   0x9a  Code  Gb  chvt.o [1]
chVTDoSetI               0x800'30b7   0xbc  Code  Gb  chvt.o [1]
chVTDoTickI              0x800'2f01   0xaa  Code  Lc  chsys.o [1]
chVTGetSystemTimeX       0x800'2ef9    0x8  Code  Lc  chsys.o [1]
chVTGetSystemTimeX       0x800'3099    0x8  Code  Lc  chvt.o [1]
chVTIsArmedI             0x800'25b7   0x10  Code  Lc  chschd.o [1]
ch_debug                 0x800'6f2c   0x18  Data  Gb  chregistry.o [1]
ch_factory              0x2000'107c   0x48  Data  Gb  chfactory.o [1]
ch_idle_thread_wa       0x2000'0588  0x180  Data  Gb  chsys.o [1]
ch_map                   0x800'6fd8    0x4  Data  Gb  task_ppmu.o [1]
ch_memcore              0x2000'10c4    0x8  Data  Gb  chmemcore.o [1]
chipSel                  0x800'1e03   0x3e  Code  Lc  ad5522_dev.o [1]
cmd_boardInfo            0x800'3e4b   0x74  Code  Gb  task_binProtocol.o [1]
cmd_channelSet           0x800'3f51  0x114  Code  Gb  task_binProtocol.o [1]
cmd_clamp                0x800'4489   0xd4  Code  Gb  task_binProtocol.o [1]
cmd_compen               0x800'4705   0xae  Code  Gb  task_binProtocol.o [1]
cmd_control              0x800'4dc1  0x15e  Code  Gb  task_binProtocol.o [1]
cmd_cpolh                0x800'455d   0xd4  Code  Gb  task_binProtocol.o [1]
cmd_dacInfo              0x800'3ebf   0x92  Code  Gb  task_binProtocol.o [1]
cmd_dac_gain             0x800'4c13   0xd8  Code  Gb  task_binProtocol.o [1]
cmd_dac_offset           0x800'4ceb   0xd6  Code  Gb  task_binProtocol.o [1]
cmd_dac_output           0x800'4b05  0x10e  Code  Gb  task_binProtocol.o [1]
cmd_dummy                0x800'3e49    0x2  Code  Gb  task_binProtocol.o [1]
cmd_dutgnd               0x800'4861   0xd4  Code  Gb  task_binProtocol.o [1]
cmd_enable               0x800'4065   0xd4  Code  Gb  task_binProtocol.o [1]
cmd_fin                  0x800'4139   0xd4  Code  Gb  task_binProtocol.o [1]
cmd_int10k               0x800'4939   0xd4  Code  Gb  task_binProtocol.o [1]
cmd_lpf                  0x800'47b3   0xae  Code  Gb  task_binProtocol.o [1]
cmd_measout              0x800'43b5   0xd4  Code  Gb  task_binProtocol.o [1]
cmd_mode                 0x800'420d   0xd4  Code  Gb  task_binProtocol.o [1]
cmd_outgain              0x800'4a1d   0xd4  Code  Gb  task_binProtocol.o [1]
cmd_range                0x800'42e1   0xd4  Code  Gb  task_binProtocol.o [1]
cmd_sf                   0x800'4631   0xd4  Code  Gb  task_binProtocol.o [1]
cmd_user_paramA          0x800'4f21   0x74  Code  Gb  task_binProtocol.o [1]
cmd_user_paramB          0x800'4f95   0x74  Code  Gb  task_binProtocol.o [1]
cmdexec                  0x800'51d1   0x74  Code  Lc  bin_protocol.o [1]
crc8                     0x800'51ab   0x26  Code  Gb  bin_protocol.o [1]
dac_address_list         0x800'6f14   0x18  Data  Gb  ad5522_dev.o [1]
default_config           0x800'6f94    0xc  Data  Lc  hal_serial_lld.o [1]
default_handler          0x800'5a3b  0x2bc  Code  Lc  hal_usb.o [1]
default_heap            0x2000'18cc   0x1c  Data  Lc  chmemheaps.o [1]
delay                    0x800'1df5    0xe  Code  Lc  ad5522_dev.o [1]
dma                     0x2000'1be8   0x60  Data  Lc  stm32_dma.o [1]
dmaInit                  0x800'39cf   0x3a  Code  Gb  stm32_dma.o [1]
dmaServeInterrupt        0x800'3b07   0x3e  Code  Gb  stm32_dma.o [1]
dmaStreamAllocI          0x800'3a09   0x9a  Code  Gb  stm32_dma.o [1]
dmaStreamFreeI           0x800'3aa3   0x64  Code  Gb  stm32_dma.o [1]
dummyrx                 0x2000'27dc    0x2  Data  Lc  hal_spi_lld.o [1]
dyn_list_init            0x800'379f    0x4  Code  Lc  chfactory.o [1]
ep0_state               0x2000'1bd0   0x10  Data  Lc  hal_usb_lld.o [1]
ep0config                0x800'6ed0   0x24  Data  Lc  hal_usb_lld.o [1]
ep0setup_buffer         0x2000'1be0    0x8  Data  Lc  hal_usb_lld.o [1]
exit                     0x800'6d75    0x4  Code  Gb  exit.o [2]
flashWrite_NoCheck       0x800'23c9   0x2c  Code  Lc  at32_flash.o [1]
flash_Read               0x800'23f5   0x2c  Code  Gb  at32_flash.o [1]
flash_Write              0x800'2421  0x12a  Code  Gb  at32_flash.o [1]
get_hword                0x800'5a01   0x10  Code  Lc  hal_usb.o [1]
gptInit                  0x800'6be9    0x8  Code  Gb  hal_gpt.o [1]
gptObjectInit            0x800'6bf1    0xa  Code  Gb  hal_gpt.o [1]
gpt_lld_init             0x800'6b69   0x18  Code  Gb  hal_gpt_lld.o [1]
gpt_lld_serve_interrupt
                         0x800'6bab   0x3e  Code  Gb  hal_gpt_lld.o [1]
gpt_lld_stop_timer       0x800'6b91   0x1a  Code  Gb  hal_gpt_lld.o [1]
halInit                  0x800'6d7b   0x32  Code  Gb  hal.o [1]
hal_lld_backup_domain_init
                         0x800'68f1    0xc  Code  Lc  hal_lld.o [1]
hal_lld_init             0x800'68fd   0x46  Code  Gb  hal_lld.o [1]
halted_status            0x800'255e    0x2  Data  Lc  hal_usb.o [1]
iqGetTimeout             0x800'55c5   0x56  Code  Gb  hal_queues.o [1]
iqObjectInit             0x800'554f   0x30  Code  Gb  hal_queues.o [1]
iqPutI                   0x800'557f   0x46  Code  Gb  hal_queues.o [1]
iqReadTimeout            0x800'561b   0x5c  Code  Gb  hal_queues.o [1]
iq_read                  0x800'546b   0x6e  Code  Lc  hal_queues.o [1]
irqInit                  0x800'68b5   0x3c  Code  Gb  stm32_isr.o [1]
list_init                0x800'1ac1    0x4  Code  Lc  chthreads.o [1]
list_notempty            0x800'1ac5   0x10  Code  Lc  chthreads.o [1]
list_remove              0x800'1aeb    0xa  Code  Lc  chthreads.o [1]
load_nvm                 0x800'3d07   0x4c  Code  Lc  task_binProtocol.o [1]
load_nvm                 0x800'04bd   0x4a  Code  Lc  task_ppmu.o [1]
load_nvm_default         0x800'3cc1   0x12  Code  Lc  task_binProtocol.o [1]
load_nvm_default         0x800'0409   0x7c  Code  Lc  task_ppmu.o [1]
main                     0x800'6d11   0x58  Code  Gb  app_ppmu.o [1]
memcpy                   0x800'2327    0xc  Code  Gb  memcpy.o [4]
notify1                  0x800'594b    0xc  Code  Lc  hal_serial_lld.o [1]
nvicDisableVector        0x800'3c97   0x1a  Code  Gb  nvic.o [1]
nvicEnableVector         0x800'3c69   0x2e  Code  Gb  nvic.o [1]
nvmFlashReadPage         0x800'1869   0x18  Code  Gb  nvm.o [1]
nvmFlashWritePage        0x800'1881   0x28  Code  Gb  nvm.o [1]
nvmParam                0x2000'1d58  0x8f8  Data  Lc  task_ppmu.o [1]
nvm_flash_read           0x800'18a9   0x1c  Code  Gb  nvm.o [1]
nvm_flash_write          0x800'18c5   0xe4  Code  Gb  nvm.o [1]
oqGetI                   0x800'56fb   0x48  Code  Gb  hal_queues.o [1]
oqObjectInit             0x800'5677   0x2e  Code  Gb  hal_queues.o [1]
oqPutTimeout             0x800'56a5   0x56  Code  Gb  hal_queues.o [1]
oqWriteTimeout           0x800'5743   0x5c  Code  Gb  hal_queues.o [1]
oq_write                 0x800'54d9   0x76  Code  Lc  hal_queues.o [1]
osalEventBroadcastFlagsI
                         0x800'5061    0x8  Code  Lc  hal_serial.o [1]
osalEventBroadcastFlagsI
                         0x800'57cd    0x8  Code  Lc  hal_serial_lld.o [1]
osalEventObjectInit      0x800'5059    0x8  Code  Lc  hal_serial.o [1]
osalInit                 0x800'6d79    0x2  Code  Lc  hal.o [1]
osalMutexLock            0x800'29e5    0x8  Code  Lc  hal_spi.o [1]
osalMutexObjectInit      0x800'6dbb    0x8  Code  Lc  hal_adc.o [1]
osalMutexObjectInit      0x800'29dd    0x8  Code  Lc  hal_spi.o [1]
osalMutexUnlock          0x800'29ed    0x8  Code  Lc  hal_spi.o [1]
osalOsTimerHandlerI      0x800'3bad    0x8  Code  Lc  hal_st_lld.o [1]
osalSysHalt              0x800'33a1    0x8  Code  Lc  hal_spi_lld.o [1]
osalSysLock              0x800'5443    0x8  Code  Lc  hal_queues.o [1]
osalSysLock              0x800'5049    0x8  Code  Lc  hal_serial.o [1]
osalSysLock              0x800'29c1    0x8  Code  Lc  hal_spi.o [1]
osalSysLockFromISR       0x800'57bd    0x8  Code  Lc  hal_serial_lld.o [1]
osalSysLockFromISR       0x800'33a9    0x8  Code  Lc  hal_spi_lld.o [1]
osalSysLockFromISR       0x800'3b9d    0x8  Code  Lc  hal_st_lld.o [1]
osalSysLockFromISR       0x800'59f1    0x8  Code  Lc  hal_usb.o [1]
osalSysUnlock            0x800'544b    0x8  Code  Lc  hal_queues.o [1]
osalSysUnlock            0x800'5051    0x8  Code  Lc  hal_serial.o [1]
osalSysUnlock            0x800'29c9    0x8  Code  Lc  hal_spi.o [1]
osalSysUnlockFromISR     0x800'57c5    0x8  Code  Lc  hal_serial_lld.o [1]
osalSysUnlockFromISR     0x800'33b1    0x8  Code  Lc  hal_spi_lld.o [1]
osalSysUnlockFromISR     0x800'3ba5    0x8  Code  Lc  hal_st_lld.o [1]
osalSysUnlockFromISR     0x800'59f9    0x8  Code  Lc  hal_usb.o [1]
osalThreadDequeueNextI   0x800'5463    0x8  Code  Lc  hal_queues.o [1]
osalThreadEnqueueTimeoutS
                         0x800'545b    0x8  Code  Lc  hal_queues.o [1]
osalThreadQueueObjectInit
                         0x800'5453    0x8  Code  Lc  hal_queues.o [1]
osalThreadResumeI        0x800'33b9    0x8  Code  Lc  hal_spi_lld.o [1]
osalThreadSleep          0x800'51a3    0x8  Code  Lc  bin_protocol.o [1]
osalThreadSuspendS       0x800'29d1    0xc  Code  Lc  hal_spi.o [1]
pal_default_config       0x800'6e6c   0x3c  Data  Gb  board.o [1]
pmu_fill_board_registers
                         0x800'16b3   0x5e  Code  Gb  task_ppmu.o [1]
pmu_fill_dac_registers   0x800'1711   0x8c  Code  Gb  task_ppmu.o [1]
pmu_get_ccomp            0x800'14d1   0x26  Code  Gb  task_ppmu.o [1]
pmu_get_clamp            0x800'11b9   0x62  Code  Gb  task_ppmu.o [1]
pmu_get_cpolh            0x800'1263   0x42  Code  Gb  task_ppmu.o [1]
pmu_get_crange           0x800'0fe3   0x40  Code  Gb  task_ppmu.o [1]
pmu_get_dac_gain         0x800'092d   0x72  Code  Gb  task_ppmu.o [1]
pmu_get_dac_gain_cached
                         0x800'099f   0x4a  Code  Gb  task_ppmu.o [1]
pmu_get_dac_offset       0x800'0a31   0x76  Code  Gb  task_ppmu.o [1]
pmu_get_dac_offset_cached
                         0x800'0aa7   0x58  Code  Gb  task_ppmu.o [1]
pmu_get_dac_output       0x800'0817   0x76  Code  Gb  task_ppmu.o [1]
pmu_get_dac_output_cached
                         0x800'088d   0x58  Code  Gb  task_ppmu.o [1]
pmu_get_dutgnd           0x800'15d9   0x18  Code  Gb  task_ppmu.o [1]
pmu_get_enable           0x800'0edb   0x40  Code  Gb  task_ppmu.o [1]
pmu_get_fin              0x800'0e53   0x44  Code  Gb  task_ppmu.o [1]
pmu_get_frange           0x800'154f   0x24  Code  Gb  task_ppmu.o [1]
pmu_get_init_state       0x800'1589    0x6  Code  Gb  task_ppmu.o [1]
pmu_get_int10k           0x800'163b   0x18  Code  Gb  task_ppmu.o [1]
pmu_get_measout          0x800'1067   0x40  Code  Gb  task_ppmu.o [1]
pmu_get_outgain          0x800'169b   0x18  Code  Gb  task_ppmu.o [1]
pmu_get_output_mode      0x800'0f5f   0x40  Code  Gb  task_ppmu.o [1]
pmu_get_sys_force        0x800'10f5   0x42  Code  Gb  task_ppmu.o [1]
pmu_init                 0x800'0507  0x2c8  Code  Gb  task_ppmu.o [1]
pmu_nvm_load_default     0x800'1573    0x8  Code  Gb  task_ppmu.o [1]
pmu_nvm_save             0x800'157b    0x8  Code  Gb  task_ppmu.o [1]
pmu_reg_boundle          0x800'12a5   0x72  Code  Gb  task_ppmu.o [1]
pmu_reg_flush            0x800'1317   0xa2  Code  Gb  task_ppmu.o [1]
pmu_reg_set              0x800'13c5   0xaa  Code  Gb  task_ppmu.o [1]
pmu_set_ccomp            0x800'1475   0x5c  Code  Gb  task_ppmu.o [1]
pmu_set_clamp            0x800'1145   0x6a  Code  Gb  task_ppmu.o [1]
pmu_set_clh_output       0x800'0d99   0x72  Code  Gb  task_ppmu.o [1]
pmu_set_cll_output       0x800'0d27   0x72  Code  Gb  task_ppmu.o [1]
pmu_set_cpolh            0x800'1221   0x42  Code  Gb  task_ppmu.o [1]
pmu_set_crange           0x800'0f9f   0x44  Code  Gb  task_ppmu.o [1]
pmu_set_dac_gain         0x800'08e5   0x48  Code  Gb  task_ppmu.o [1]
pmu_set_dac_offset       0x800'09e9   0x48  Code  Gb  task_ppmu.o [1]
pmu_set_dac_output       0x800'07cf   0x48  Code  Gb  task_ppmu.o [1]
pmu_set_dutgnd           0x800'158f   0x4a  Code  Gb  task_ppmu.o [1]
pmu_set_enable           0x800'0e97   0x44  Code  Gb  task_ppmu.o [1]
pmu_set_fin              0x800'0e0b   0x48  Code  Gb  task_ppmu.o [1]
pmu_set_frange           0x800'14f7   0x58  Code  Gb  task_ppmu.o [1]
pmu_set_gain             0x800'0c6f   0xb8  Code  Gb  task_ppmu.o [1]
pmu_set_init_state       0x800'1583    0x6  Code  Gb  task_ppmu.o [1]
pmu_set_int10k           0x800'15f1   0x4a  Code  Gb  task_ppmu.o [1]
pmu_set_measout          0x800'1023   0x44  Code  Gb  task_ppmu.o [1]
pmu_set_offset           0x800'0bb7   0xb8  Code  Gb  task_ppmu.o [1]
pmu_set_outgain          0x800'1653   0x48  Code  Gb  task_ppmu.o [1]
pmu_set_output           0x800'0aff   0xb8  Code  Gb  task_ppmu.o [1]
pmu_set_output_mode      0x800'0f1b   0x44  Code  Gb  task_ppmu.o [1]
pmu_sys_force            0x800'10ad   0x42  Code  Gb  task_ppmu.o [1]
pmu_update_dac_registers
                         0x800'179d   0x8a  Code  Gb  task_ppmu.o [1]
port_init                0x800'385b   0x3a  Code  Gb  chcore_v7m.o [1]
port_timer_get_time      0x800'2ecb    0x8  Code  Lc  chsys.o [1]
port_timer_get_time      0x800'3091    0x8  Code  Lc  chvt.o [1]
port_timer_set_alarm     0x800'2ec1    0xa  Code  Lc  chsys.o [1]
port_timer_set_alarm     0x800'3087    0xa  Code  Lc  chvt.o [1]
port_timer_start_alarm   0x800'3075    0xa  Code  Lc  chvt.o [1]
port_timer_stop_alarm    0x800'2eb9    0x8  Code  Lc  chsys.o [1]
port_timer_stop_alarm    0x800'307f    0x8  Code  Lc  chvt.o [1]
queue_dequeue            0x800'3257    0xe  Code  Lc  chmtx.o [1]
queue_dequeue            0x800'2575    0xe  Code  Lc  chschd.o [1]
queue_fifo_remove        0x800'3249    0xe  Code  Lc  chmtx.o [1]
queue_fifo_remove        0x800'2567    0xe  Code  Lc  chschd.o [1]
queue_fifo_remove        0x800'1b03    0xe  Code  Lc  chthreads.o [1]
queue_init               0x800'3211    0x6  Code  Lc  chmtx.o [1]
queue_init               0x800'2561    0x6  Code  Lc  chschd.o [1]
queue_init               0x800'1ad5    0x6  Code  Lc  chthreads.o [1]
queue_init               0x800'5419    0x6  Code  Lc  hal_queues.o [1]
queue_insert             0x800'1af5    0xe  Code  Lc  chthreads.o [1]
queue_notempty           0x800'3217   0x10  Code  Lc  chmtx.o [1]
queue_notempty           0x800'1adb   0x10  Code  Lc  chthreads.o [1]
queue_prio_insert        0x800'3227   0x22  Code  Lc  chmtx.o [1]
registerExchange         0x800'1ea5   0x58  Code  Lc  ad5522_dev.o [1]
registerWrite            0x800'1e41   0x64  Code  Lc  ad5522_dev.o [1]
runTime                 0x2000'2650  0x18c  Data  Lc  task_ppmu.o [1]
save_nvm                 0x800'3cd3   0x34  Code  Lc  task_binProtocol.o [1]
save_nvm                 0x800'0485   0x38  Code  Lc  task_ppmu.o [1]
sdIncomingDataI          0x800'5141   0x30  Code  Gb  hal_serial.o [1]
sdInit                   0x800'50dd    0x8  Code  Gb  hal_serial.o [1]
sdObjectInit             0x800'50e5   0x3c  Code  Gb  hal_serial.o [1]
sdStart                  0x800'5125   0x1c  Code  Gb  hal_serial.o [1]
sd_lld_init              0x800'5969   0x16  Code  Gb  hal_serial_lld.o [1]
sd_lld_start             0x800'597f   0x36  Code  Gb  hal_serial_lld.o [1]
sduInit                  0x800'6ded    0x2  Code  Gb  hal_serial_usb.o [1]
serialCfg               0x2000'0400    0xc  Data  Lc  task_binProtocol.o [1]
serve_interrupt          0x800'587b   0xd0  Code  Lc  hal_serial_lld.o [1]
set_address              0x800'5a11   0x2a  Code  Lc  hal_usb.o [1]
set_error                0x800'584d   0x2e  Code  Lc  hal_serial_lld.o [1]
shellGetCommand          0x800'5245   0x88  Code  Lc  bin_protocol.o [1]
spiAcquireBus            0x800'2a9f    0xa  Code  Gb  hal_spi.o [1]
spiExchange              0x800'2a4b   0x2c  Code  Gb  hal_spi.o [1]
spiInit                  0x800'29f5    0x8  Code  Gb  hal_spi.o [1]
spiObjectInit            0x800'29fd   0x16  Code  Gb  hal_spi.o [1]
spiReleaseBus            0x800'2aa9    0xa  Code  Gb  hal_spi.o [1]
spiSend                  0x800'2a77   0x28  Code  Gb  hal_spi.o [1]
spiStart                 0x800'2a13   0x1c  Code  Gb  hal_spi.o [1]
spiStop                  0x800'2a2f   0x1c  Code  Gb  hal_spi.o [1]
spi_lld_exchange         0x800'35db   0x56  Code  Gb  hal_spi_lld.o [1]
spi_lld_init             0x800'3497   0x24  Code  Gb  hal_spi_lld.o [1]
spi_lld_send             0x800'3631   0x54  Code  Gb  hal_spi_lld.o [1]
spi_lld_serve_rx_interrupt
                         0x800'33c1   0xc8  Code  Lc  hal_spi_lld.o [1]
spi_lld_serve_tx_interrupt
                         0x800'3489    0xe  Code  Lc  hal_spi_lld.o [1]
spi_lld_start            0x800'34bb   0xd6  Code  Gb  hal_spi_lld.o [1]
spi_lld_stop             0x800'3591   0x4a  Code  Gb  hal_spi_lld.o [1]
spicfg                   0x800'6f70   0x14  Data  Lc  task_ppmu.o [1]
stGetCounter             0x800'3701    0x8  Code  Gb  hal_st.o [1]
stInit                   0x800'36dd    0x8  Code  Gb  hal_st.o [1]
stSetAlarm               0x800'36f7    0xa  Code  Gb  hal_st.o [1]
stStartAlarm             0x800'36e5    0xa  Code  Gb  hal_st.o [1]
stStopAlarm              0x800'36ef    0x8  Code  Gb  hal_st.o [1]
st_lld_get_counter       0x800'36a1    0x8  Code  Lc  hal_st.o [1]
st_lld_init              0x800'3bc5   0x58  Code  Gb  hal_st_lld.o [1]
st_lld_serve_interrupt   0x800'3c41   0x26  Code  Gb  hal_st_lld.o [1]
st_lld_set_alarm         0x800'36c5    0x8  Code  Lc  hal_st.o [1]
st_lld_start_alarm       0x800'36a9   0x14  Code  Lc  hal_st.o [1]
st_lld_stop_alarm        0x800'36bd    0x8  Code  Lc  hal_st.o [1]
stm32_clock_init         0x800'6943   0x70  Code  Gb  hal_lld.o [1]
strcmp                   0x800'254d         Code  Gb  strcmp.o [4]
task_binProtocolInit     0x800'3d53   0xf6  Code  Gb  task_binProtocol.o [1]
tm_stop                  0x800'27fd   0x3c  Code  Lc  chtm.o [1]
usart_init               0x800'57d5   0x78  Code  Lc  hal_serial_lld.o [1]
usbDisableEndpointsI     0x800'5d2b   0x2a  Code  Gb  hal_usb.o [1]
usbInit                  0x800'5cf7    0x8  Code  Gb  hal_usb.o [1]
usbObjectInit            0x800'5cff   0x2c  Code  Gb  hal_usb.o [1]
usbStartReceiveI         0x800'5d55   0x28  Code  Gb  hal_usb.o [1]
usbStartTransmitI        0x800'5d7d   0x28  Code  Gb  hal_usb.o [1]
usb_lld_clear_in         0x800'665b   0x32  Code  Gb  hal_usb_lld.o [1]
usb_lld_clear_out        0x800'662b   0x30  Code  Gb  hal_usb_lld.o [1]
usb_lld_disable_endpoints
                         0x800'6495   0x26  Code  Gb  hal_usb_lld.o [1]
usb_lld_get_status_in    0x800'64df   0x22  Code  Gb  hal_usb_lld.o [1]
usb_lld_get_status_out   0x800'64bb   0x24  Code  Gb  hal_usb_lld.o [1]
usb_lld_init             0x800'6325    0xc  Code  Gb  hal_usb_lld.o [1]
usb_lld_init_endpoint    0x800'6387  0x10e  Code  Gb  hal_usb_lld.o [1]
usb_lld_read_setup       0x800'6501   0x28  Code  Gb  hal_usb_lld.o [1]
usb_lld_reset            0x800'6331   0x48  Code  Gb  hal_usb_lld.o [1]
usb_lld_set_address      0x800'6379    0xe  Code  Gb  hal_usb_lld.o [1]
usb_lld_stall_in         0x800'6609   0x22  Code  Gb  hal_usb_lld.o [1]
usb_lld_stall_out        0x800'65e7   0x22  Code  Gb  hal_usb_lld.o [1]
usb_lld_start_in         0x800'658b   0x5c  Code  Gb  hal_usb_lld.o [1]
usb_lld_start_out        0x800'6529   0x62  Code  Gb  hal_usb_lld.o [1]
usb_packet_read_to_buffer
                         0x800'60b5   0x44  Code  Lc  hal_usb_lld.o [1]
usb_packet_write_from_buffer
                         0x800'60f9   0x3a  Code  Lc  hal_usb_lld.o [1]
usb_pm_alloc             0x800'609d   0x18  Code  Lc  hal_usb_lld.o [1]
usb_pm_reset             0x800'6095    0x8  Code  Lc  hal_usb_lld.o [1]
usb_serve_endpoints      0x800'6133  0x15c  Code  Lc  hal_usb_lld.o [1]
vmt                      0x800'6ea8   0x28  Data  Lc  hal_serial.o [1]
waShell                 0x2000'0708  0x970  Data  Lc  task_binProtocol.o [1]
wakeup                   0x800'2661   0x50  Code  Lc  chschd.o [1]
zero_status              0x800'2332    0x2  Data  Lc  hal_usb.o [1]


[1] = D:\SourceRespo\IAR_SRC_WS\RemoteIO\PPMU_V01\Obj
[2] = dl7M_tln.a
[3] = m7M_tls.a
[4] = rt7M_tl.a
[5] = shb_l.a

  27 246 bytes of readonly  code memory
     823 bytes of readonly  data memory (+ 8 absolute)
  14 302 bytes of readwrite data memory

Errors: none
Warnings: none
