###############################################################################
#
# IAR ELF Linker V8.32.3.193/W32 for ARM                  13/Apr/2026  15:24:58
# Copyright 2007-2019 IAR Systems AB.
#
#    Output file  =  D:\SourceRespo\IAR_SRC_WS\RemoteIO\WDAQ\Exe\RemoteIO.out
#    Map file     =  D:\SourceRespo\IAR_SRC_WS\RemoteIO\WDAQ\List\RemoteIO.map
#    Command line =  
#        -f C:\Users\jjyeh\AppData\Local\Temp\EWFA3C.tmp
#        (D:\SourceRespo\IAR_SRC_WS\RemoteIO\WDAQ\Obj\ad7124.o
#        D:\SourceRespo\IAR_SRC_WS\RemoteIO\WDAQ\Obj\adxl355_dev.o
#        D:\SourceRespo\IAR_SRC_WS\RemoteIO\WDAQ\Obj\app_wdaq.o
#        D:\SourceRespo\IAR_SRC_WS\RemoteIO\WDAQ\Obj\at32_flash.o
#        D:\SourceRespo\IAR_SRC_WS\RemoteIO\WDAQ\Obj\at32f4xx_flash.o
#        D:\SourceRespo\IAR_SRC_WS\RemoteIO\WDAQ\Obj\bin_protocol.o
#        D:\SourceRespo\IAR_SRC_WS\RemoteIO\WDAQ\Obj\bmi160.o
#        D:\SourceRespo\IAR_SRC_WS\RemoteIO\WDAQ\Obj\board.o
#        D:\SourceRespo\IAR_SRC_WS\RemoteIO\WDAQ\Obj\chcond.o
#        D:\SourceRespo\IAR_SRC_WS\RemoteIO\WDAQ\Obj\chcore.o
#        D:\SourceRespo\IAR_SRC_WS\RemoteIO\WDAQ\Obj\chcore_v7m.o
#        D:\SourceRespo\IAR_SRC_WS\RemoteIO\WDAQ\Obj\chcoreasm_v7m.o
#        D:\SourceRespo\IAR_SRC_WS\RemoteIO\WDAQ\Obj\chdebug.o
#        D:\SourceRespo\IAR_SRC_WS\RemoteIO\WDAQ\Obj\chdelegates.o
#        D:\SourceRespo\IAR_SRC_WS\RemoteIO\WDAQ\Obj\chdynamic.o
#        D:\SourceRespo\IAR_SRC_WS\RemoteIO\WDAQ\Obj\chevents.o
#        D:\SourceRespo\IAR_SRC_WS\RemoteIO\WDAQ\Obj\chfactory.o
#        D:\SourceRespo\IAR_SRC_WS\RemoteIO\WDAQ\Obj\chmboxes.o
#        D:\SourceRespo\IAR_SRC_WS\RemoteIO\WDAQ\Obj\chmemcore.o
#        D:\SourceRespo\IAR_SRC_WS\RemoteIO\WDAQ\Obj\chmemheaps.o
#        D:\SourceRespo\IAR_SRC_WS\RemoteIO\WDAQ\Obj\chmempools.o
#        D:\SourceRespo\IAR_SRC_WS\RemoteIO\WDAQ\Obj\chmsg.o
#        D:\SourceRespo\IAR_SRC_WS\RemoteIO\WDAQ\Obj\chmtx.o
#        D:\SourceRespo\IAR_SRC_WS\RemoteIO\WDAQ\Obj\chobjcaches.o
#        D:\SourceRespo\IAR_SRC_WS\RemoteIO\WDAQ\Obj\chpipes.o
#        D:\SourceRespo\IAR_SRC_WS\RemoteIO\WDAQ\Obj\chprintf.o
#        D:\SourceRespo\IAR_SRC_WS\RemoteIO\WDAQ\Obj\chregistry.o
#        D:\SourceRespo\IAR_SRC_WS\RemoteIO\WDAQ\Obj\chschd.o
#        D:\SourceRespo\IAR_SRC_WS\RemoteIO\WDAQ\Obj\chsem.o
#        D:\SourceRespo\IAR_SRC_WS\RemoteIO\WDAQ\Obj\chstats.o
#        D:\SourceRespo\IAR_SRC_WS\RemoteIO\WDAQ\Obj\chsys.o
#        D:\SourceRespo\IAR_SRC_WS\RemoteIO\WDAQ\Obj\chthreads.o
#        D:\SourceRespo\IAR_SRC_WS\RemoteIO\WDAQ\Obj\chtm.o
#        D:\SourceRespo\IAR_SRC_WS\RemoteIO\WDAQ\Obj\chtrace.o
#        D:\SourceRespo\IAR_SRC_WS\RemoteIO\WDAQ\Obj\chvt.o
#        D:\SourceRespo\IAR_SRC_WS\RemoteIO\WDAQ\Obj\cmsis_os.o
#        D:\SourceRespo\IAR_SRC_WS\RemoteIO\WDAQ\Obj\crc16-ccitt.o
#        D:\SourceRespo\IAR_SRC_WS\RemoteIO\WDAQ\Obj\crc8.o
#        D:\SourceRespo\IAR_SRC_WS\RemoteIO\WDAQ\Obj\cstartup.o
#        D:\SourceRespo\IAR_SRC_WS\RemoteIO\WDAQ\Obj\database.o
#        D:\SourceRespo\IAR_SRC_WS\RemoteIO\WDAQ\Obj\evtimer.o
#        D:\SourceRespo\IAR_SRC_WS\RemoteIO\WDAQ\Obj\hal.o
#        D:\SourceRespo\IAR_SRC_WS\RemoteIO\WDAQ\Obj\hal_adc.o
#        D:\SourceRespo\IAR_SRC_WS\RemoteIO\WDAQ\Obj\hal_adc_lld.o
#        D:\SourceRespo\IAR_SRC_WS\RemoteIO\WDAQ\Obj\hal_buffers.o
#        D:\SourceRespo\IAR_SRC_WS\RemoteIO\WDAQ\Obj\hal_can.o
#        D:\SourceRespo\IAR_SRC_WS\RemoteIO\WDAQ\Obj\hal_can_lld.o
#        D:\SourceRespo\IAR_SRC_WS\RemoteIO\WDAQ\Obj\hal_crypto.o
#        D:\SourceRespo\IAR_SRC_WS\RemoteIO\WDAQ\Obj\hal_dac.o
#        D:\SourceRespo\IAR_SRC_WS\RemoteIO\WDAQ\Obj\hal_efl.o
#        D:\SourceRespo\IAR_SRC_WS\RemoteIO\WDAQ\Obj\hal_efl_lld.o
#        D:\SourceRespo\IAR_SRC_WS\RemoteIO\WDAQ\Obj\hal_flash.o
#        D:\SourceRespo\IAR_SRC_WS\RemoteIO\WDAQ\Obj\hal_gpt.o
#        D:\SourceRespo\IAR_SRC_WS\RemoteIO\WDAQ\Obj\hal_gpt_lld.o
#        D:\SourceRespo\IAR_SRC_WS\RemoteIO\WDAQ\Obj\hal_i2c.o
#        D:\SourceRespo\IAR_SRC_WS\RemoteIO\WDAQ\Obj\hal_i2c_lld.o
#        D:\SourceRespo\IAR_SRC_WS\RemoteIO\WDAQ\Obj\hal_i2s.o
#        D:\SourceRespo\IAR_SRC_WS\RemoteIO\WDAQ\Obj\hal_i2s_lld.o
#        D:\SourceRespo\IAR_SRC_WS\RemoteIO\WDAQ\Obj\hal_icu.o
#        D:\SourceRespo\IAR_SRC_WS\RemoteIO\WDAQ\Obj\hal_icu_lld.o
#        D:\SourceRespo\IAR_SRC_WS\RemoteIO\WDAQ\Obj\hal_lld.o
#        D:\SourceRespo\IAR_SRC_WS\RemoteIO\WDAQ\Obj\hal_mac.o
#        D:\SourceRespo\IAR_SRC_WS\RemoteIO\WDAQ\Obj\hal_mmc_spi.o
#        D:\SourceRespo\IAR_SRC_WS\RemoteIO\WDAQ\Obj\hal_mmcsd.o
#        D:\SourceRespo\IAR_SRC_WS\RemoteIO\WDAQ\Obj\hal_pal.o
#        D:\SourceRespo\IAR_SRC_WS\RemoteIO\WDAQ\Obj\hal_pal_lld.o
#        D:\SourceRespo\IAR_SRC_WS\RemoteIO\WDAQ\Obj\hal_pwm.o
#        D:\SourceRespo\IAR_SRC_WS\RemoteIO\WDAQ\Obj\hal_pwm_lld.o
#        D:\SourceRespo\IAR_SRC_WS\RemoteIO\WDAQ\Obj\hal_queues.o
#        D:\SourceRespo\IAR_SRC_WS\RemoteIO\WDAQ\Obj\hal_rtc.o
#        D:\SourceRespo\IAR_SRC_WS\RemoteIO\WDAQ\Obj\hal_rtc_lld.o
#        D:\SourceRespo\IAR_SRC_WS\RemoteIO\WDAQ\Obj\hal_sdc.o
#        D:\SourceRespo\IAR_SRC_WS\RemoteIO\WDAQ\Obj\hal_serial.o
#        D:\SourceRespo\IAR_SRC_WS\RemoteIO\WDAQ\Obj\hal_serial_lld.o
#        D:\SourceRespo\IAR_SRC_WS\RemoteIO\WDAQ\Obj\hal_serial_usb.o
#        D:\SourceRespo\IAR_SRC_WS\RemoteIO\WDAQ\Obj\hal_sio.o
#        D:\SourceRespo\IAR_SRC_WS\RemoteIO\WDAQ\Obj\hal_spi.o
#        D:\SourceRespo\IAR_SRC_WS\RemoteIO\WDAQ\Obj\hal_spi_lld.o
#        D:\SourceRespo\IAR_SRC_WS\RemoteIO\WDAQ\Obj\hal_st.o
#        D:\SourceRespo\IAR_SRC_WS\RemoteIO\WDAQ\Obj\hal_st_lld.o
#        D:\SourceRespo\IAR_SRC_WS\RemoteIO\WDAQ\Obj\hal_trng.o
#        D:\SourceRespo\IAR_SRC_WS\RemoteIO\WDAQ\Obj\hal_uart.o
#        D:\SourceRespo\IAR_SRC_WS\RemoteIO\WDAQ\Obj\hal_uart_lld.o
#        D:\SourceRespo\IAR_SRC_WS\RemoteIO\WDAQ\Obj\hal_usb.o
#        D:\SourceRespo\IAR_SRC_WS\RemoteIO\WDAQ\Obj\hal_usb_lld.o
#        D:\SourceRespo\IAR_SRC_WS\RemoteIO\WDAQ\Obj\hal_wdg.o
#        D:\SourceRespo\IAR_SRC_WS\RemoteIO\WDAQ\Obj\hal_wspi.o
#        D:\SourceRespo\IAR_SRC_WS\RemoteIO\WDAQ\Obj\iir.o
#        D:\SourceRespo\IAR_SRC_WS\RemoteIO\WDAQ\Obj\memstreams.o
#        D:\SourceRespo\IAR_SRC_WS\RemoteIO\WDAQ\Obj\nullstreams.o
#        D:\SourceRespo\IAR_SRC_WS\RemoteIO\WDAQ\Obj\nvic.o
#        D:\SourceRespo\IAR_SRC_WS\RemoteIO\WDAQ\Obj\nvm.o
#        D:\SourceRespo\IAR_SRC_WS\RemoteIO\WDAQ\Obj\osal.o
#        D:\SourceRespo\IAR_SRC_WS\RemoteIO\WDAQ\Obj\pca9555.o
#        D:\SourceRespo\IAR_SRC_WS\RemoteIO\WDAQ\Obj\shell.o
#        D:\SourceRespo\IAR_SRC_WS\RemoteIO\WDAQ\Obj\shell_cmd.o
#        D:\SourceRespo\IAR_SRC_WS\RemoteIO\WDAQ\Obj\stm32_dma.o
#        D:\SourceRespo\IAR_SRC_WS\RemoteIO\WDAQ\Obj\stm32_isr.o
#        D:\SourceRespo\IAR_SRC_WS\RemoteIO\WDAQ\Obj\task_ad.o
#        D:\SourceRespo\IAR_SRC_WS\RemoteIO\WDAQ\Obj\task_binProtocolw.o
#        D:\SourceRespo\IAR_SRC_WS\RemoteIO\WDAQ\Obj\vectors.o
#        --no_out_extension -o
#        D:\SourceRespo\IAR_SRC_WS\RemoteIO\WDAQ\Exe\RemoteIO.out --map
#        D:\SourceRespo\IAR_SRC_WS\RemoteIO\WDAQ\List\RemoteIO.map --config
#        D:\SourceRespo\IAR_SRC_WS\RemoteIO\ch_at32.icf --semihosting --entry
#        __iar_program_start --vfe --text_out locale)
#
###############################################################################

*******************************************************************************
*** RUNTIME MODEL ATTRIBUTES
***

CppFlavor       = *
__SystemLibrary = DLib
__dlib_version  = 6


*******************************************************************************
*** HEAP SELECTION
***

The basic heap was selected because no calls to memory allocation
functions were found in the application outside of system library
functions, and there are calls to deallocation functions in the
application.


*******************************************************************************
*** PLACEMENT SUMMARY
***

"A0":  place at 0x800'0000 { section .intvec };
"P1":  place in [from 0x800'0000 to 0x803'ffff] { ro };
define block IRQSTACK with size = 1K, alignment = 8 { };
"A1":  place at start of [from 0x2000'0000 to 0x2000'ffff] { block IRQSTACK };
define block DATABSS with alignment = 8 { rw, zi };
"P2":  place in [from 0x2000'0000 to 0x2000'ffff] { block DATABSS };
define block HEAP with size = 4K, alignment = 8 { };
"P3":  place in [from 0x2000'0000 to 0x2000'ffff] { block HEAP };
define block SYSHEAP with alignment = 8 { section SYSHEAP };
"P4":  place in [from 0x2000'0000 to 0x2000'ffff] { block SYSHEAP };
define block CSTACK with size = 4K, alignment = 8 { section CSTACK };
"A2":  place at end of [from 0x2000'0000 to 0x2000'ffff] { block CSTACK };
initialize by copy { rw };
keep { section .intvec };

No sections matched the following patterns:

  section CSTACK  in block CSTACK


  Section            Kind         Address    Size  Object
  -------            ----         -------    ----  ------
"A0":                                       0x180
  .intvec            ro code   0x800'0000   0x180  vectors.o [1]
                             - 0x800'0180   0x180

"P1", part 1 of 2:                           0x6d
  .rodata            const     0x800'0180     0x0  zero_init3.o [4]
  .rodata            const     0x800'0180     0x0  packbits_init_single.o [4]
  Initializer bytes  const     0x800'0180    0x6d  <for DATABSS-1>
                             - 0x800'01ed    0x6d

Absolute sections:                            0x8
  .rodata            const     0x800'0400     0x8  app_wdaq.o [1]
                             - 0x800'0408     0x8

"P1", part 2 of 2:                         0x67b0
  .text              ro code   0x800'0408   0x8b4  hal_i2c_lld.o [1]
  .text              ro code   0x800'0cbc    0x68  hal_st.o [1]
  .text              ro code   0x800'0d24    0x90  chstats.o [1]
  .text              ro code   0x800'0db4   0x17c  chsys.o [1]
  .text              ro code   0x800'0f30   0x396  chthreads.o [1]
  .text              ro code   0x800'12c6    0x3a  zero_init3.o [4]
  .text              ro code   0x800'1300   0x108  chcore_v7m.o [1]
  .text              ro code   0x800'1408   0x150  hal_i2c.o [1]
  .text              ro code   0x800'1558   0x278  stm32_dma.o [1]
  .text              ro code   0x800'17d0    0x58  nvic.o [1]
  .text              ro code   0x800'1828    0xe6  hal_st_lld.o [1]
  .rodata            const     0x800'190e     0x2  hal_spi_lld.o [1]
  .text              ro code   0x800'1910    0xbc  chtm.o [1]
  .text              ro code   0x800'19cc    0x80  chmemcore.o [1]
  .text              ro code   0x800'1a4c    0xa0  chmemheaps.o [1]
  .text              ro code   0x800'1aec    0x78  chfactory.o [1]
  .text              ro code   0x800'1b64   0x29c  chschd.o [1]
  .text              ro code   0x800'1e00   0x1a8  chvt.o [1]
  .text              ro code   0x800'1fa8    0x4c  chmempools.o [1]
  .text              ro code   0x800'1ff4   0x174  chmtx.o [1]
  .text              ro code   0x800'2168    0x3e  chcoreasm_v7m.o [1]
  .rodata            const     0x800'21a6     0x2  hal_usb.o [1]
  .text              ro code   0x800'21a8   0x6be  hal_usb.o [1]
  .rodata            const     0x800'2866     0x2  hal_usb.o [1]
  .text              ro code   0x800'2868   0x630  hal_usb_lld.o [1]
  .text              ro code   0x800'2e98   0x680  database.o [1]
  .text              ro code   0x800'3518    0x3c  crc16-ccitt.o [1]
  .text              ro code   0x800'3554   0x15c  nvm.o [1]
  .text              ro code   0x800'36b0    0xa6  ABImemcpy.o [4]
  .text              ro code   0x800'3756   0x186  at32_flash.o [1]
  .text              ro code   0x800'38dc     0xc  memcpy.o [4]
  .text              ro code   0x800'38e8   0x224  at32f4xx_flash.o [1]
  .text              ro code   0x800'3b0c   0x5e0  ad7124.o [1]
  .text              ro code   0x800'40ec   0x10a  hal_spi.o [1]
  .rodata            const     0x800'41f6     0x2  hal_usb.o [1]
  .text              ro code   0x800'41f8   0x110  chevents.o [1]
  .text              ro code   0x800'4308    0x14  hal_pal.o [1]
  .text              ro code   0x800'431c   0x1c0  hal_pal_lld.o [1]
  .text              ro code   0x800'44dc   0x31c  hal_spi_lld.o [1]
  .text              ro code   0x800'47f8   0x50c  task_ad.o [1]
  .text              ro code   0x800'4d04   0x192  pca9555.o [1]
  .text              ro code   0x800'4e96     0x2  vectors.o [1]
  .text              ro code   0x800'4e98    0x2c  iir.o [1]
  .text              ro code   0x800'4ec4    0x22  S32ToDbl.o [3]
  .text              ro code   0x800'4ee8   0x246  DblDiv.o [3]
  .text              ro code   0x800'5130    0x1a  U32ToDbl.o [3]
  .text              ro code   0x800'514c   0x1a2  DblMul.o [3]
  .text              ro code   0x800'52f0    0x68  DblToFlt.o [3]
  .text              ro code   0x800'5358    0x9a  chregistry.o [1]
  .text              ro code   0x800'53f4    0x12  strcmp.o [4]
  .text              ro code   0x800'5406   0x386  hal_queues.o [1]
  .text              ro code   0x800'578c   0x350  task_binProtocolw.o [1]
  .text              ro code   0x800'5adc   0x148  hal_serial.o [1]
  .text              ro code   0x800'5c24   0x1c0  bin_protocol.o [1]
  .text              ro code   0x800'5de4   0x234  hal_serial_lld.o [1]
  .text              ro code   0x800'6018   0x22c  stm32_isr.o [1]
  .rodata            const     0x800'6244   0x200  crc16-ccitt.o [1]
  .text              ro code   0x800'6444   0x150  app_wdaq.o [1]
  .text              ro code   0x800'6594    0x3c  hal.o [1]
  .text              ro code   0x800'65d0    0xe4  hal_lld.o [1]
  .text              ro code   0x800'66b4    0x32  hal_adc.o [1]
  .text              ro code   0x800'66e6    0x12  hal_gpt.o [1]
  .text              ro code   0x800'66f8     0x2  hal_serial_usb.o [1]
  .text              ro code   0x800'66fa     0xa  board.o [1]
  .text              ro code   0x800'6704    0x68  hal_adc_lld.o [1]
  .text              ro code   0x800'676c    0xa4  hal_gpt_lld.o [1]
  .rodata            const     0x800'6810    0xb0  stm32_dma.o [1]
  .text              ro code   0x800'68c0    0x90  cstartup.o [1]
  .text              ro code   0x800'6950    0x22  fpinit_M.o [3]
  .text              ro code   0x800'6974    0x1e  cmain.o [4]
  .text              ro code   0x800'6992     0x4  low_level_init.o [2]
  .text              ro code   0x800'6998    0x28  data_init.o [4]
  .text              ro code   0x800'69c0     0x4  exit.o [2]
  .text              ro code   0x800'69c4     0xa  cexit.o [4]
  .text              ro code   0x800'69d0    0x14  exit.o [5]
  .rodata            const     0x800'69e4    0x3c  board.o [1]
  .text              ro code   0x800'6a20    0x38  packbits_init_single.o [4]
  .rodata            const     0x800'6a58    0x28  hal_serial.o [1]
  .rodata            const     0x800'6a80    0x28  task_binProtocolw.o [1]
  .rodata            const     0x800'6aa8    0x24  hal_usb_lld.o [1]
  .iar.init_table    const     0x800'6acc    0x20  - Linker created -
  .rodata            const     0x800'6aec    0x18  chregistry.o [1]
  .rodata            const     0x800'6b04    0x18  chsys.o [1]
  .rodata            const     0x800'6b1c    0x18  task_ad.o [1]
  .rodata            const     0x800'6b34    0x14  task_ad.o [1]
  .rodata            const     0x800'6b48    0x10  chschd.o [1]
  .rodata            const     0x800'6b58     0xc  ad7124.o [1]
  .rodata            const     0x800'6b64     0xc  hal_i2c_lld.o [1]
  .rodata            const     0x800'6b70     0xc  hal_serial_lld.o [1]
  .rodata            const     0x800'6b7c     0xc  hal_spi_lld.o [1]
  .rodata            const     0x800'6b88     0xc  task_ad.o [1]
  .rodata            const     0x800'6b94     0x8  chsys.o [1]
  .rodata            const     0x800'6b9c     0x8  chthreads.o [1]
  .rodata            const     0x800'6ba4     0x8  task_ad.o [1]
  .rodata            const     0x800'6bac     0x8  task_binProtocolw.o [1]
  .rodata            const     0x800'6bb4     0x4  ad7124.o [1]
                             - 0x800'6bb8  0x67b0

"A1":                                       0x400
  IRQSTACK                    0x2000'0000   0x400  <Block>
    IRQSTACK         uninit   0x2000'0000   0x400  <Block tail>
                            - 0x2000'0400   0x400

"P2-P4":                                   0x4060
  DATABSS                     0x2000'0400  0x405c  <Block>
    HEAP             rw data  0x2000'0400     0x0  cstartup.o [1]
    DATABSS-1                 0x2000'0400    0xa1  <Init block>
      .data          inited   0x2000'0400    0x24  task_ad.o [1]
      .data          inited   0x2000'0424    0x20  task_ad.o [1]
      .data          inited   0x2000'0444     0xc  task_ad.o [1]
      .data          inited   0x2000'0450    0x38  task_ad.o [1]
      .data          inited   0x2000'0488     0xc  task_binProtocolw.o [1]
      .data          inited   0x2000'0494     0xc  task_binProtocolw.o [1]
      .data          inited   0x2000'04a0     0x1  database.o [1]
    .bss             zero     0x2000'04a8   0x370  app_wdaq.o [1]
    .bss             zero     0x2000'0818    0xd0  chschd.o [1]
    .bss             zero     0x2000'08e8   0x180  chsys.o [1]
    .bss             zero     0x2000'0a68   0x970  task_ad.o [1]
    .bss             zero     0x2000'13d8  0x1170  task_binProtocolw.o [1]
    .bss             zero     0x2000'2548     0x8  app_wdaq.o [1]
    .bss             zero     0x2000'2550     0x4  bin_protocol.o [1]
    .bss             zero     0x2000'2554    0x48  chfactory.o [1]
    .bss             zero     0x2000'259c     0x8  chmemcore.o [1]
    .bss             zero     0x2000'25a4   0x800  chmemcore.o [1]
    .bss             zero     0x2000'2da4    0x1c  chmemheaps.o [1]
    .bss             zero     0x2000'2dc0   0x924  database.o [1]
    .bss             zero     0x2000'36e4    0x34  hal_adc_lld.o [1]
    .bss             zero     0x2000'3718    0x10  hal_gpt_lld.o [1]
    .bss             zero     0x2000'3728    0x10  hal_gpt_lld.o [1]
    .bss             zero     0x2000'3738    0x38  hal_i2c_lld.o [1]
    .bss             zero     0x2000'3770    0x38  hal_i2c_lld.o [1]
    .bss             zero     0x2000'37a8    0x80  hal_pal_lld.o [1]
    .bss             zero     0x2000'3828   0x15c  hal_serial_lld.o [1]
    .bss             zero     0x2000'3984    0x30  hal_spi_lld.o [1]
    .bss             zero     0x2000'39b4    0x88  hal_usb_lld.o [1]
    .bss             zero     0x2000'3a3c    0x10  hal_usb_lld.o [1]
    .bss             zero     0x2000'3a4c     0x8  hal_usb_lld.o [1]
    .bss             zero     0x2000'3a54   0x800  nvm.o [1]
    .bss             zero     0x2000'4254    0x60  stm32_dma.o [1]
    .bss             zero     0x2000'42b4     0x8  task_ad.o [1]
    .bss             zero     0x2000'42bc    0x88  task_ad.o [1]
    .bss             zero     0x2000'4344     0x4  task_ad.o [1]
    .bss             zero     0x2000'4348     0xc  task_binProtocolw.o [1]
    .bss             zero     0x2000'4354   0x104  task_binProtocolw.o [1]
    .bss             zero     0x2000'4458     0x2  hal_spi_lld.o [1]
  SYSHEAP                     0x2000'4460     0x0  <Block>
    SYSHEAP          rw data  0x2000'4460     0x0  cstartup.o [1]
                            - 0x2000'4460  0x4060

"A2":                                      0x1000
  CSTACK                      0x2000'f000  0x1000  <Block>
    CSTACK           uninit   0x2000'f000  0x1000  <Block tail>
                            - 0x2001'0000  0x1000

Unused ranges:

         From           To      Size
         ----           --      ----
   0x800'01ed   0x800'03ff     0x213
   0x800'6bb8   0x803'ffff  0x3'9448
  0x2000'4460  0x2000'efff    0xaba0


*******************************************************************************
*** INIT TABLE
***

          Address      Size
          -------      ----
Zero (__iar_zero_init3)
    1 destination range, total size 0x3fb2:
          0x2000'04a8  0x3fb2

Copy/packbits (__iar_packbits_init_single3)
    1 source range, total size 0x6d (67% of destination):
           0x800'0180    0x6d
    1 destination range, total size 0xa1:
          0x2000'0400    0xa1



*******************************************************************************
*** MODULE SUMMARY
***

    Module                  ro code  ro data  rw data  ro data
                                                        (abs)
    ------                  -------  -------  -------  -------
command line/config:
    ----------------------------------------------------------
    Total:

D:\SourceRespo\IAR_SRC_WS\RemoteIO\WDAQ\Obj: [1]
    ad7124.o                  1 504       16
    app_wdaq.o                  336               888        8
    at32_flash.o                390
    at32f4xx_flash.o            548
    bin_protocol.o              448                 4
    board.o                      10       60
    chcore_v7m.o                264
    chcoreasm_v7m.o              62
    chevents.o                  272
    chfactory.o                 120                72
    chmemcore.o                 128             2 056
    chmemheaps.o                160                28
    chmempools.o                 76
    chmtx.o                     372
    chregistry.o                154       24
    chschd.o                    668       16      208
    chstats.o                   144
    chsys.o                     380       32      384
    chthreads.o                 918        8
    chtm.o                      188
    chvt.o                      424
    crc16-ccitt.o                60      512
    cstartup.o                  144
    database.o                1 664             2 341
    hal.o                        60
    hal_adc.o                    50
    hal_adc_lld.o               104                52
    hal_gpt.o                    18
    hal_gpt_lld.o               164                32
    hal_i2c.o                   336
    hal_i2c_lld.o             2 228       12      112
    hal_lld.o                   228
    hal_pal.o                    20
    hal_pal_lld.o               448               128
    hal_queues.o                902
    hal_serial.o                328       40
    hal_serial_lld.o            564       12      348
    hal_serial_usb.o              2
    hal_spi.o                   266
    hal_spi_lld.o               796       14       50
    hal_st.o                    104
    hal_st_lld.o                230
    hal_usb.o                 1 726        6
    hal_usb_lld.o             1 584       36      160
    iir.o                        44
    nvic.o                       88
    nvm.o                       348             2 048
    pca9555.o                   402
    stm32_dma.o                 632      176       96
    stm32_isr.o                 556
    task_ad.o                 1 292      156    2 700
    task_binProtocolw.o         848       64    4 760
    vectors.o                   386
    ----------------------------------------------------------
    Total:                   24 188    1 184   16 467        8

dl7M_tln.a: [2]
    exit.o                        4
    low_level_init.o              4
    ----------------------------------------------------------
    Total:                        8

m7M_tls.a: [3]
    DblDiv.o                    582
    DblMul.o                    418
    DblToFlt.o                  104
    S32ToDbl.o                   34
    U32ToDbl.o                   26
    fpinit_M.o                   34
    ----------------------------------------------------------
    Total:                    1 198

rt7M_tl.a: [4]
    ABImemcpy.o                 166
    cexit.o                      10
    cmain.o                      30
    data_init.o                  40
    memcpy.o                     12
    packbits_init_single.o       56
    strcmp.o                     18
    zero_init3.o                 58
    ----------------------------------------------------------
    Total:                      390

shb_l.a: [5]
    exit.o                       20
    ----------------------------------------------------------
    Total:                       20

    Gaps                         16                 7
    Linker created                        33    5 120
--------------------------------------------------------------
    Grand Total:             25 820    1 217   21 594        8


*******************************************************************************
*** ENTRY LIST
***

Entry                       Address    Size  Type      Object
-----                       -------    ----  ----      ------
.iar.init_table$$Base    0x800'6acc           --   Gb  - Linker created -
.iar.init_table$$Limit   0x800'6aec           --   Gb  - Linker created -
?main                    0x800'6975          Code  Gb  cmain.o [4]
ADCD1                   0x2000'36e4    0x34  Data  Gb  hal_adc_lld.o [1]
Ad7124_task_init         0x800'4c9b    0x36  Code  Gb  task_ad.o [1]
BuildVersion             0x800'0400     0x8  Data  Gb  app_wdaq.o [1]
CSTACK$$Base            0x2000'f000           --   Gb  - Linker created -
CSTACK$$Limit           0x2001'0000           --   Gb  - Linker created -
DATABSS$$Base           0x2000'0400           --   Gb  - Linker created -
DATABSS$$Limit          0x2000'445c           --   Gb  - Linker created -
FLASH_ErasePage          0x800'3909    0xa4  Code  Gb  at32f4xx_flash.o [1]
FLASH_GetBank1Status     0x800'3a3b    0x2a  Code  Gb  at32f4xx_flash.o [1]
FLASH_GetBank3Status     0x800'3a65    0x2a  Code  Gb  at32f4xx_flash.o [1]
FLASH_Lock               0x800'38fb     0xe  Code  Gb  at32f4xx_flash.o [1]
FLASH_ProgramHalfWord    0x800'39ad    0x8e  Code  Gb  at32f4xx_flash.o [1]
FLASH_ReadHalfWord       0x800'3757     0x4  Code  Lc  at32_flash.o [1]
FLASH_Unlock             0x800'38e9    0x12  Code  Gb  at32f4xx_flash.o [1]
FLASH_WaitForBank1Process
                         0x800'3a8f    0x28  Code  Gb  at32f4xx_flash.o [1]
FLASH_WaitForBank3Process
                         0x800'3ab7    0x28  Code  Gb  at32f4xx_flash.o [1]
GPTD1                   0x2000'3718    0x10  Data  Gb  hal_gpt_lld.o [1]
GPTD3                   0x2000'3728    0x10  Data  Gb  hal_gpt_lld.o [1]
I2CD1                   0x2000'3738    0x38  Data  Gb  hal_i2c_lld.o [1]
I2CD2                   0x2000'3770    0x38  Data  Gb  hal_i2c_lld.o [1]
IRQSTACK$$Base          0x2000'0000           --   Gb  - Linker created -
IRQSTACK$$Limit         0x2000'0400           --   Gb  - Linker created -
Region$$Table$$Base      0x800'6acc           --   Gb  - Linker created -
Region$$Table$$Limit     0x800'6aec           --   Gb  - Linker created -
SD1                     0x2000'3828   0x15c  Data  Gb  hal_serial_lld.o [1]
SPID1                   0x2000'3984    0x30  Data  Gb  hal_spi_lld.o [1]
SVC_Handler              0x800'133f    0x1c  Code  Gb  chcore_v7m.o [1]
SYSHEAP$$Base           0x2000'4460           --   Gb  - Linker created -
SYSHEAP$$Limit          0x2000'4460           --   Gb  - Linker created -
USBD1                   0x2000'39b4    0x88  Data  Gb  hal_usb_lld.o [1]
Vector120                0x800'15d7    0x12  Code  Gb  stm32_dma.o [1]
Vector124                0x800'15e9    0x12  Code  Gb  stm32_dma.o [1]
Vector128                0x800'15fb    0x12  Code  Gb  stm32_dma.o [1]
Vector12C                0x800'160d    0x12  Code  Gb  stm32_dma.o [1]
Vector58                 0x800'6019    0x2e  Code  Gb  stm32_isr.o [1]
Vector5C                 0x800'6047    0x2e  Code  Gb  stm32_isr.o [1]
Vector60                 0x800'6075    0x2e  Code  Gb  stm32_isr.o [1]
Vector64                 0x800'60a3    0x2e  Code  Gb  stm32_isr.o [1]
Vector68                 0x800'60d1    0x2e  Code  Gb  stm32_isr.o [1]
Vector6C                 0x800'1559    0x12  Code  Gb  stm32_dma.o [1]
Vector70                 0x800'156b    0x12  Code  Gb  stm32_dma.o [1]
Vector74                 0x800'157d    0x12  Code  Gb  stm32_dma.o [1]
Vector78                 0x800'158f    0x12  Code  Gb  stm32_dma.o [1]
Vector7C                 0x800'15a1    0x12  Code  Gb  stm32_dma.o [1]
Vector80                 0x800'15b3    0x12  Code  Gb  stm32_dma.o [1]
Vector84                 0x800'15c5    0x12  Code  Gb  stm32_dma.o [1]
Vector90                 0x800'2a63    0x96  Code  Gb  hal_usb_lld.o [1]
Vector9C                 0x800'60ff    0x76  Code  Gb  stm32_isr.o [1]
VectorA4                 0x800'676d    0x12  Code  Gb  hal_gpt_lld.o [1]
VectorB0                 0x800'185d    0x10  Code  Gb  hal_st_lld.o [1]
VectorB4                 0x800'677f    0x12  Code  Gb  hal_gpt_lld.o [1]
VectorBC                 0x800'0865    0x12  Code  Gb  hal_i2c_lld.o [1]
VectorC0                 0x800'0877    0x2a  Code  Gb  hal_i2c_lld.o [1]
VectorC4                 0x800'08a1    0x12  Code  Gb  hal_i2c_lld.o [1]
VectorC8                 0x800'08b3    0x2a  Code  Gb  hal_i2c_lld.o [1]
VectorD4                 0x800'5f9b    0x12  Code  Gb  hal_serial_lld.o [1]
VectorE0                 0x800'6175    0x88  Code  Gb  stm32_isr.o [1]
__NVIC_SetPriority       0x800'131b    0x24  Code  Lc  chcore_v7m.o [1]
__NVIC_SetPriorityGrouping
                         0x800'1301    0x1a  Code  Lc  chcore_v7m.o [1]
__aeabi_d2f              0x800'52f1          Code  Gb  DblToFlt.o [3]
__aeabi_ddiv             0x800'4ee9          Code  Gb  DblDiv.o [3]
__aeabi_dmul             0x800'514d          Code  Gb  DblMul.o [3]
__aeabi_i2d              0x800'4ec5          Code  Gb  S32ToDbl.o [3]
__aeabi_memcpy           0x800'36b1          Code  Gb  ABImemcpy.o [4]
__aeabi_memcpy4          0x800'36d1          Code  Gb  ABImemcpy.o [4]
__aeabi_memcpy8          0x800'36d1          Code  Gb  ABImemcpy.o [4]
__aeabi_ui2d             0x800'5131          Code  Gb  U32ToDbl.o [3]
__cmain                  0x800'6975          Code  Gb  cmain.o [4]
__early_init             0x800'66fb     0x8  Code  Gb  board.o [1]
__exit                   0x800'69d1    0x14  Code  Gb  exit.o [5]
__heap_base__           0x2000'0400          Data  Gb  cstartup.o [1]
__heap_end__            0x2000'4460          Data  Gb  cstartup.o [1]
__iar_data_init3         0x800'6999    0x28  Code  Gb  data_init.o [4]
__iar_init_vfp           0x800'6951          Code  Gb  fpinit_M.o [3]
__iar_packbits_init_single3
                         0x800'6a21    0x38  Code  Gb  packbits_init_single.o [4]
__iar_program_start      0x800'68c1          Code  Gb  cstartup.o [1]
__iar_zero_init3         0x800'12c7    0x3a  Code  Gb  zero_init3.o [4]
__low_level_init         0x800'6993     0x4  Code  Gb  low_level_init.o [2]
__main_stack_base__ {Abs}
                        0x2000'0000          Data  Gb  <internal module>
__main_stack_end__ {Abs}
                        0x2000'0400          Data  Gb  <internal module>
__main_thread_stack_base__ {Abs}
                        0x2000'0400          Data  Gb  <internal module>
__process_stack_base__ {Abs}
                        0x2000'0400          Data  Gb  <internal module>
__process_stack_end__ {Abs}
                        0x2000'1400          Data  Gb  <internal module>
__vector_table           0x800'0000          Data  Gb  vectors.o [1]
_call_main               0x800'6981          Code  Gb  cmain.o [4]
_core_init               0x800'19e9     0xe  Code  Gb  chmemcore.o [1]
_core_init::static_heap
                        0x2000'25a4   0x800  Data  Lc  chmemcore.o [1]
_ctl                     0x800'5b81    0x10  Code  Lc  hal_serial.o [1]
_exit                    0x800'69c5          Code  Gb  cexit.o [4]
_factory_init            0x800'1b07    0x56  Code  Gb  chfactory.o [1]
_get                     0x800'5b49     0xe  Code  Lc  hal_serial.o [1]
_gett                    0x800'5b63     0xa  Code  Lc  hal_serial.o [1]
_heap_init               0x800'1a4d    0x18  Code  Gb  chmemheaps.o [1]
_idle_thread             0x800'0ec3     0x2  Code  Lc  chsys.o [1]
_main                    0x800'698f          Code  Gb  cmain.o [4]
_oslib_init              0x800'0eb3    0x10  Code  Lc  chsys.o [1]
_pal_events             0x2000'37a8    0x80  Data  Gb  hal_pal_lld.o [1]
_pal_lld_disablepadevent
                         0x800'4411    0x6a  Code  Gb  hal_pal_lld.o [1]
_pal_lld_enablepadevent
                         0x800'439f    0x72  Code  Gb  hal_pal_lld.o [1]
_pal_lld_init            0x800'431d    0x82  Code  Gb  hal_pal_lld.o [1]
_port_exit_from_isr      0x800'21a3          Code  Gb  chcoreasm_v7m.o [1]
_port_irq_epilogue       0x800'1395    0x48  Code  Gb  chcore_v7m.o [1]
_port_switch             0x800'2169          Code  Gb  chcoreasm_v7m.o [1]
_port_switch_from_isr    0x800'2197          Code  Gb  chcoreasm_v7m.o [1]
_port_thread_start       0x800'2181          Code  Gb  chcoreasm_v7m.o [1]
_put                     0x800'5b39    0x10  Code  Lc  hal_serial.o [1]
_putt                    0x800'5b57     0xc  Code  Lc  hal_serial.o [1]
_read                    0x800'5b2b     0xe  Code  Lc  hal_serial.o [1]
_readt                   0x800'5b77     0xa  Code  Lc  hal_serial.o [1]
_scheduler_init          0x800'1bd3    0x14  Code  Gb  chschd.o [1]
_stats_ctxswc            0x800'0d61    0x1e  Code  Gb  chstats.o [1]
_stats_increase_irq      0x800'0d47    0x1a  Code  Gb  chstats.o [1]
_stats_init              0x800'0d25    0x22  Code  Gb  chstats.o [1]
_stats_start_measure_crit_isr
                         0x800'0d93     0xa  Code  Gb  chstats.o [1]
_stats_start_measure_crit_thd
                         0x800'0d7f     0xa  Code  Gb  chstats.o [1]
_stats_stop_measure_crit_isr
                         0x800'0d9d     0xa  Code  Gb  chstats.o [1]
_stats_stop_measure_crit_thd
                         0x800'0d89     0xa  Code  Gb  chstats.o [1]
_stm32_dma_streams       0x800'6810    0xb0  Data  Gb  stm32_dma.o [1]
_thread_init             0x800'0fcd    0x50  Code  Gb  chthreads.o [1]
_thread_memfill          0x800'101d     0xc  Code  Gb  chthreads.o [1]
_tm_init                 0x800'194d    0x30  Code  Gb  chtm.o [1]
_unhandled_exception     0x800'4e97          Code  Gb  vectors.o [1]
_usb_ep0in               0x800'2725    0xbe  Code  Gb  hal_usb.o [1]
_usb_ep0out              0x800'27e3    0x84  Code  Gb  hal_usb.o [1]
_usb_ep0setup            0x800'2621   0x104  Code  Gb  hal_usb.o [1]
_usb_reset               0x800'2589    0x54  Code  Gb  hal_usb.o [1]
_usb_suspend             0x800'25dd    0x2a  Code  Gb  hal_usb.o [1]
_usb_wakeup              0x800'2607    0x1a  Code  Gb  hal_usb.o [1]
_vt_init                 0x800'1e39    0x16  Code  Gb  chvt.o [1]
_write                   0x800'5b1d     0xe  Code  Lc  hal_serial.o [1]
_writet                  0x800'5b6d     0xa  Code  Lc  hal_serial.o [1]
acquire_spi              0x800'3bb1    0x1a  Code  Lc  ad7124.o [1]
active_status            0x800'2866     0x2  Data  Lc  hal_usb.o [1]
ad7124                  0x2000'0450    0x38  Data  Lc  task_ad.o [1]
ad7124_ReadDataEx        0x800'40a3    0x4a  Code  Gb  ad7124.o [1]
ad7124_disable_interrupt
                         0x800'3fd1    0x28  Code  Gb  ad7124.o [1]
ad7124_enable_all_error
                         0x800'3f2b    0x2c  Code  Gb  ad7124.o [1]
ad7124_enable_interrupt
                         0x800'3f71    0x4c  Code  Gb  ad7124.o [1]
ad7124_endis_channel     0x800'3d31    0x82  Code  Gb  ad7124.o [1]
ad7124_init              0x800'3eab    0x80  Code  Gb  ad7124.o [1]
ad7124_read_status       0x800'3cb9    0x1c  Code  Gb  ad7124.o [1]
ad7124_reset             0x800'3e59    0x20  Code  Gb  ad7124.o [1]
ad7124_set_channel       0x800'3cd5    0x5c  Code  Gb  ad7124.o [1]
ad7124_set_config        0x800'3db3    0x62  Code  Gb  ad7124.o [1]
ad7124_set_filter        0x800'3e15    0x44  Code  Gb  ad7124.o [1]
ad7124_start_acquisition
                         0x800'3ff9    0x7c  Code  Gb  ad7124.o [1]
ad7124_stop              0x800'3f57    0x1a  Code  Gb  ad7124.o [1]
adcInit                  0x800'66bd     0x8  Code  Gb  hal_adc.o [1]
adcObjectInit            0x800'66c5    0x22  Code  Gb  hal_adc.o [1]
adcRunTime              0x2000'4344     0x4  Data  Lc  task_ad.o [1]
adc_int_handler          0x800'3e79    0x32  Code  Lc  ad7124.o [1]
adc_lld_init             0x800'6705    0x54  Code  Gb  hal_adc_lld.o [1]
binProtoRuntime         0x2000'4348     0xc  Data  Lc  task_binProtocolw.o [1]
binProtocolProc          0x800'5d81    0x5a  Code  Gb  bin_protocol.o [1]
bin_commands             0x800'6a80    0x28  Data  Lc  task_binProtocolw.o [1]
bin_config              0x2000'0494     0xc  Data  Lc  task_binProtocolw.o [1]
binshell_terminated     0x2000'2550     0x4  Data  Gb  bin_protocol.o [1]
boardInit                0x800'6703     0x2  Code  Gb  board.o [1]
board_nvm               0x2000'4354   0x104  Data  Lc  task_binProtocolw.o [1]
byte_reverse             0x800'4075    0x2e  Code  Lc  ad7124.o [1]
ch                      0x2000'0818    0xd0  Data  Gb  chschd.o [1]
chCoreAllocAlignedI      0x800'1aed     0xa  Code  Lc  chfactory.o [1]
chCoreAllocFromTop       0x800'1a25    0x20  Code  Gb  chmemcore.o [1]
chCoreAllocFromTopI      0x800'19f7    0x2e  Code  Gb  chmemcore.o [1]
chEvtBroadcastFlagsI     0x800'423d    0x2a  Code  Gb  chevents.o [1]
chEvtBroadcastI          0x800'5c4d     0xa  Code  Lc  bin_protocol.o [1]
chEvtObjectInit          0x800'3b45     0x4  Code  Lc  ad7124.o [1]
chEvtObjectInit          0x800'5af9     0x4  Code  Lc  hal_serial.o [1]
chEvtRegisterMask        0x800'4831     0xc  Code  Lc  task_ad.o [1]
chEvtRegisterMaskWithFlags
                         0x800'4215    0x28  Code  Gb  chevents.o [1]
chEvtSignal              0x800'4267    0x1c  Code  Gb  chevents.o [1]
chEvtSignalI             0x800'4283    0x36  Code  Gb  chevents.o [1]
chEvtWaitAnyTimeout      0x800'42b9    0x4c  Code  Gb  chevents.o [1]
chHeapFree               0x800'1a65    0x7e  Code  Gb  chmemheaps.o [1]
chMtxLock                0x800'207d    0x14  Code  Gb  chmtx.o [1]
chMtxLockS               0x800'2091    0x74  Code  Gb  chmtx.o [1]
chMtxObjectInit          0x800'206d    0x10  Code  Gb  chmtx.o [1]
chMtxQueueNotEmptyS      0x800'2065     0x8  Code  Lc  chmtx.o [1]
chMtxUnlock              0x800'2105    0x60  Code  Gb  chmtx.o [1]
chPoolFree               0x800'1fdd    0x18  Code  Gb  chmempools.o [1]
chPoolFreeI              0x800'1fd5     0x8  Code  Gb  chmempools.o [1]
chPoolObjectInit         0x800'1af7     0xc  Code  Lc  chfactory.o [1]
chPoolObjectInitAligned
                         0x800'1fc5    0x10  Code  Gb  chmempools.o [1]
chRegFindThreadByName    0x800'53c5    0x2e  Code  Gb  chregistry.o [1]
chRegFirstThread         0x800'5379    0x1c  Code  Gb  chregistry.o [1]
chRegGetThreadNameX      0x800'5375     0x4  Code  Lc  chregistry.o [1]
chRegNextThread          0x800'5395    0x2c  Code  Gb  chregistry.o [1]
chSchDoReschedule        0x800'1daf    0x42  Code  Gb  chschd.o [1]
chSchDoRescheduleAhead   0x800'1d6d    0x42  Code  Gb  chschd.o [1]
chSchGoSleepS            0x800'1c27    0x3e  Code  Gb  chschd.o [1]
chSchGoSleepTimeoutS     0x800'1cb5    0x44  Code  Gb  chschd.o [1]
chSchIsPreemptionRequired
                         0x800'1d55    0x18  Code  Gb  chschd.o [1]
chSchIsRescRequiredI     0x800'1b87    0x18  Code  Lc  chschd.o [1]
chSchReadyAheadI         0x800'1c07    0x20  Code  Gb  chschd.o [1]
chSchReadyI              0x800'1be7    0x20  Code  Gb  chschd.o [1]
chSchRescheduleS         0x800'1d45    0x10  Code  Gb  chschd.o [1]
chSchWakeupS             0x800'1cf9    0x4c  Code  Gb  chschd.o [1]
chSemFastSignalI         0x800'1bcb     0x8  Code  Lc  chschd.o [1]
chSysEnable              0x800'0ddb     0xa  Code  Lc  chsys.o [1]
chSysHalt                0x800'0f11     0x8  Code  Gb  chsys.o [1]
chSysInit                0x800'0ec5    0x4c  Code  Gb  chsys.o [1]
chSysInit{3}::idle_descriptor
                         0x800'6b04    0x18  Data  Lc  chsys.o [1]
chSysLock                0x800'3b0d     0xe  Code  Lc  ad7124.o [1]
chSysLock                0x800'5c25     0xe  Code  Lc  bin_protocol.o [1]
chSysLock                0x800'41f9     0xe  Code  Lc  chevents.o [1]
chSysLock                0x800'19cd     0xe  Code  Lc  chmemcore.o [1]
chSysLock                0x800'1fa9     0xe  Code  Lc  chmempools.o [1]
chSysLock                0x800'2049     0xe  Code  Lc  chmtx.o [1]
chSysLock                0x800'5359     0xe  Code  Lc  chregistry.o [1]
chSysLock                0x800'0f89     0xe  Code  Lc  chthreads.o [1]
chSysLock                0x800'1409     0xe  Code  Lc  hal_i2c.o [1]
chSysLock                0x800'042d     0xe  Code  Lc  hal_i2c_lld.o [1]
chSysLock                0x800'540d     0xe  Code  Lc  hal_queues.o [1]
chSysLock                0x800'5add     0xe  Code  Lc  hal_serial.o [1]
chSysLock                0x800'40ed     0xe  Code  Lc  hal_spi.o [1]
chSysLock                0x800'3555     0xe  Code  Lc  nvm.o [1]
chSysLock                0x800'47f9     0xe  Code  Lc  task_ad.o [1]
chSysLockFromISR         0x800'3b29     0xe  Code  Lc  ad7124.o [1]
chSysLockFromISR         0x800'1b9f     0xe  Code  Lc  chschd.o [1]
chSysLockFromISR         0x800'0de5     0xe  Code  Lc  chsys.o [1]
chSysLockFromISR         0x800'0449     0xe  Code  Lc  hal_i2c_lld.o [1]
chSysLockFromISR         0x800'5de5     0xe  Code  Lc  hal_serial_lld.o [1]
chSysLockFromISR         0x800'44dd     0xe  Code  Lc  hal_spi_lld.o [1]
chSysLockFromISR         0x800'1829     0xe  Code  Lc  hal_st_lld.o [1]
chSysLockFromISR         0x800'21a9     0xe  Code  Lc  hal_usb.o [1]
chSysTimerHandlerI       0x800'0f19     0x8  Code  Gb  chsys.o [1]
chSysUnlock              0x800'3b1b     0xe  Code  Lc  ad7124.o [1]
chSysUnlock              0x800'4207     0xe  Code  Lc  chevents.o [1]
chSysUnlock              0x800'19db     0xe  Code  Lc  chmemcore.o [1]
chSysUnlock              0x800'1fb7     0xe  Code  Lc  chmempools.o [1]
chSysUnlock              0x800'2057     0xe  Code  Lc  chmtx.o [1]
chSysUnlock              0x800'5367     0xe  Code  Lc  chregistry.o [1]
chSysUnlock              0x800'0f97     0xe  Code  Lc  chthreads.o [1]
chSysUnlock              0x800'1417     0xe  Code  Lc  hal_i2c.o [1]
chSysUnlock              0x800'043b     0xe  Code  Lc  hal_i2c_lld.o [1]
chSysUnlock              0x800'541b     0xe  Code  Lc  hal_queues.o [1]
chSysUnlock              0x800'5aeb     0xe  Code  Lc  hal_serial.o [1]
chSysUnlock              0x800'40fb     0xe  Code  Lc  hal_spi.o [1]
chSysUnlock              0x800'3563     0xe  Code  Lc  nvm.o [1]
chSysUnlock              0x800'4807     0xe  Code  Lc  task_ad.o [1]
chSysUnlockFromISR       0x800'3b37     0xe  Code  Lc  ad7124.o [1]
chSysUnlockFromISR       0x800'1bad     0xe  Code  Lc  chschd.o [1]
chSysUnlockFromISR       0x800'0df3     0xe  Code  Lc  chsys.o [1]
chSysUnlockFromISR       0x800'0457     0xe  Code  Lc  hal_i2c_lld.o [1]
chSysUnlockFromISR       0x800'5df3     0xe  Code  Lc  hal_serial_lld.o [1]
chSysUnlockFromISR       0x800'44eb     0xe  Code  Lc  hal_spi_lld.o [1]
chSysUnlockFromISR       0x800'1837     0xe  Code  Lc  hal_st_lld.o [1]
chSysUnlockFromISR       0x800'21b7     0xe  Code  Lc  hal_usb.o [1]
chTMChainMeasurementToX
                         0x800'19b3    0x12  Code  Gb  chtm.o [1]
chTMObjectInit           0x800'197d    0x1c  Code  Gb  chtm.o [1]
chTMStartMeasurementX    0x800'1999     0x8  Code  Gb  chtm.o [1]
chTMStopMeasurementX     0x800'19a1    0x12  Code  Gb  chtm.o [1]
chThdCreate              0x800'1059    0x2a  Code  Gb  chthreads.o [1]
chThdCreateStatic        0x800'1083    0x56  Code  Gb  chthreads.o [1]
chThdCreateSuspendedI    0x800'1029    0x30  Code  Gb  chthreads.o [1]
chThdDequeueNextI        0x800'12ad    0x1a  Code  Gb  chthreads.o [1]
chThdDoDequeueNextI      0x800'0fbd    0x10  Code  Lc  chthreads.o [1]
chThdEnqueueTimeoutS     0x800'127d    0x22  Code  Gb  chthreads.o [1]
chThdExit                0x800'1143    0x10  Code  Gb  chthreads.o [1]
chThdExitS               0x800'1153    0x48  Code  Gb  chthreads.o [1]
chThdGetSelfX            0x800'6445     0x6  Code  Lc  app_wdaq.o [1]
chThdGetSelfX            0x800'5c33     0x6  Code  Lc  bin_protocol.o [1]
chThdGetSelfX            0x800'0fa5     0x8  Code  Lc  chthreads.o [1]
chThdGetSelfX            0x800'4815     0x8  Code  Lc  task_ad.o [1]
chThdGetWorkingAreaX     0x800'0fad     0x4  Code  Lc  chthreads.o [1]
chThdQueueObjectInit     0x800'5429     0x8  Code  Lc  hal_queues.o [1]
chThdRelease             0x800'10d9    0x6a  Code  Gb  chthreads.o [1]
chThdResume              0x800'1265    0x18  Code  Gb  chthreads.o [1]
chThdResumeI             0x800'1237    0x18  Code  Gb  chthreads.o [1]
chThdResumeS             0x800'124f    0x16  Code  Gb  chthreads.o [1]
chThdShouldTerminateX    0x800'644b    0x14  Code  Lc  app_wdaq.o [1]
chThdShouldTerminateX    0x800'5c39    0x14  Code  Lc  bin_protocol.o [1]
chThdShouldTerminateX    0x800'481d    0x14  Code  Lc  task_ad.o [1]
chThdSleep               0x800'11e7    0x14  Code  Gb  chthreads.o [1]
chThdSleepS              0x800'0fb1     0xc  Code  Lc  chthreads.o [1]
chThdSuspendS            0x800'11fb    0x1a  Code  Gb  chthreads.o [1]
chThdSuspendTimeoutS     0x800'1215    0x22  Code  Gb  chthreads.o [1]
chThdTerminate           0x800'11cd    0x1a  Code  Gb  chthreads.o [1]
chThdWait                0x800'119b    0x32  Code  Gb  chthreads.o [1]
chTimeAddX               0x800'0db5     0x6  Code  Lc  chsys.o [1]
chTimeAddX               0x800'1e01     0x6  Code  Lc  chvt.o [1]
chTimeAddX               0x800'0409     0x6  Code  Lc  hal_i2c_lld.o [1]
chTimeDiffX              0x800'0dbb     0x6  Code  Lc  chsys.o [1]
chTimeDiffX              0x800'1e07     0x6  Code  Lc  chvt.o [1]
chTimeIsInRangeX         0x800'040f    0x16  Code  Lc  hal_i2c_lld.o [1]
chVTDoResetI             0x800'1f0b    0x9a  Code  Gb  chvt.o [1]
chVTDoSetI               0x800'1e4f    0xbc  Code  Gb  chvt.o [1]
chVTDoTickI              0x800'0e09    0xaa  Code  Lc  chsys.o [1]
chVTGetSystemTimeX       0x800'0e01     0x8  Code  Lc  chsys.o [1]
chVTGetSystemTimeX       0x800'1e31     0x8  Code  Lc  chvt.o [1]
chVTGetSystemTimeX       0x800'0465     0x8  Code  Lc  hal_i2c_lld.o [1]
chVTIsArmedI             0x800'1bbb    0x10  Code  Lc  chschd.o [1]
ch_debug                 0x800'6aec    0x18  Data  Gb  chregistry.o [1]
ch_factory              0x2000'2554    0x48  Data  Gb  chfactory.o [1]
ch_idle_thread_wa       0x2000'08e8   0x180  Data  Gb  chsys.o [1]
ch_memcore              0x2000'259c     0x8  Data  Gb  chmemcore.o [1]
chipSel                  0x800'3b59    0x4c  Code  Lc  ad7124.o [1]
cmd_data_flash           0x800'585f   0x11e  Code  Gb  task_binProtocolw.o [1]
cmd_dummy                0x800'585d     0x2  Code  Gb  task_binProtocolw.o [1]
cmd_exec                 0x800'5a37    0x22  Code  Gb  task_binProtocolw.o [1]
cmd_live_data            0x800'597d    0xba  Code  Gb  task_binProtocolw.o [1]
cmdexec                  0x800'5c85    0x74  Code  Lc  bin_protocol.o [1]
config                   0x800'6b1c    0x18  Data  Lc  task_ad.o [1]
crc16_ccitt              0x800'3519    0x36  Code  Gb  crc16-ccitt.o [1]
crc16_ccitt_table        0x800'6244   0x200  Data  Lc  crc16-ccitt.o [1]
crc8                     0x800'5c5f    0x26  Code  Gb  bin_protocol.o [1]
database_init            0x800'303b    0x62  Code  Gb  database.o [1]
db_enable_save_on_write
                         0x800'34e9     0x6  Code  Gb  database.o [1]
db_read_dataflash        0x800'30c7    0xc8  Code  Gb  database.o [1]
db_read_df_i32           0x800'32af    0x22  Code  Gb  database.o [1]
db_read_df_u16           0x800'32f5    0x26  Code  Gb  database.o [1]
db_read_df_u32           0x800'331b    0x24  Code  Gb  database.o [1]
db_read_df_u8            0x800'32d1    0x24  Code  Gb  database.o [1]
db_read_ld_f32           0x800'3481    0x28  Code  Gb  database.o [1]
db_read_livedata         0x800'33bd    0xc2  Code  Gb  database.o [1]
db_runtime              0x2000'2dc0   0x924  Data  Lc  database.o [1]
db_save_pendWrite        0x800'3285    0x2a  Code  Gb  database.o [1]
db_save_section          0x800'309d    0x2a  Code  Gb  database.o [1]
db_write_dataflash       0x800'318f    0xf6  Code  Gb  database.o [1]
db_write_df_f32          0x800'339d    0x20  Code  Gb  database.o [1]
db_write_df_u16          0x800'335d    0x20  Code  Gb  database.o [1]
db_write_df_u32          0x800'337d    0x20  Code  Gb  database.o [1]
db_write_df_u8           0x800'333f    0x1e  Code  Gb  database.o [1]
db_write_ld_f32          0x800'34c7    0x22  Code  Gb  database.o [1]
db_write_ld_i32          0x800'34a9    0x1e  Code  Gb  database.o [1]
default_config           0x800'6b70     0xc  Data  Lc  hal_serial_lld.o [1]
default_handler          0x800'220f   0x2bc  Code  Lc  hal_usb.o [1]
default_heap            0x2000'2da4    0x1c  Data  Lc  chmemheaps.o [1]
delay                    0x800'3ba5     0xc  Code  Lc  ad7124.o [1]
dma                     0x2000'4254    0x60  Data  Lc  stm32_dma.o [1]
dmaInit                  0x800'161f    0x3a  Code  Gb  stm32_dma.o [1]
dmaServeInterrupt        0x800'1757    0x3e  Code  Gb  stm32_dma.o [1]
dmaStreamAllocI          0x800'1659    0x9a  Code  Gb  stm32_dma.o [1]
dmaStreamFreeI           0x800'16f3    0x64  Code  Gb  stm32_dma.o [1]
dummyrx                 0x2000'4458     0x2  Data  Lc  hal_spi_lld.o [1]
dummytx                  0x800'190e     0x2  Data  Lc  hal_spi_lld.o [1]
dyn_list_init            0x800'1b03     0x4  Code  Lc  chfactory.o [1]
ep0_state               0x2000'3a3c    0x10  Data  Lc  hal_usb_lld.o [1]
ep0config                0x800'6aa8    0x24  Data  Lc  hal_usb_lld.o [1]
ep0setup_buffer         0x2000'3a4c     0x8  Data  Lc  hal_usb_lld.o [1]
exit                     0x800'69c1     0x4  Code  Gb  exit.o [2]
filters                 0x2000'0424    0x20  Data  Lc  task_ad.o [1]
flashWrite_NoCheck       0x800'375b    0x2c  Code  Lc  at32_flash.o [1]
flash_Read               0x800'3787    0x2c  Code  Gb  at32_flash.o [1]
flash_Write              0x800'37b3   0x12a  Code  Gb  at32_flash.o [1]
get_hword                0x800'21d5    0x10  Code  Lc  hal_usb.o [1]
gptInit                  0x800'66e7     0x8  Code  Gb  hal_gpt.o [1]
gptObjectInit            0x800'66ef     0xa  Code  Gb  hal_gpt.o [1]
gpt_lld_init             0x800'6791    0x18  Code  Gb  hal_gpt_lld.o [1]
gpt_lld_serve_interrupt
                         0x800'67d3    0x3e  Code  Gb  hal_gpt_lld.o [1]
gpt_lld_stop_timer       0x800'67b9    0x1a  Code  Gb  hal_gpt_lld.o [1]
halInit                  0x800'6597    0x36  Code  Gb  hal.o [1]
hal_lld_backup_domain_init
                         0x800'65d1     0xc  Code  Lc  hal_lld.o [1]
hal_lld_init             0x800'65dd    0x46  Code  Gb  hal_lld.o [1]
halted_status            0x800'41f6     0x2  Data  Lc  hal_usb.o [1]
i2cAcquireBus            0x800'1545     0xa  Code  Gb  hal_i2c.o [1]
i2cInit                  0x800'144d     0x8  Code  Gb  hal_i2c.o [1]
i2cMasterReceiveTimeout
                         0x800'14fb    0x4a  Code  Gb  hal_i2c.o [1]
i2cMasterTransmitTimeout
                         0x800'149f    0x5c  Code  Gb  hal_i2c.o [1]
i2cObjectInit            0x800'1455    0x12  Code  Gb  hal_i2c.o [1]
i2cReleaseBus            0x800'154f     0xa  Code  Gb  hal_i2c.o [1]
i2cStart                 0x800'1467    0x1c  Code  Gb  hal_i2c.o [1]
i2cStop                  0x800'1483    0x1c  Code  Gb  hal_i2c.o [1]
i2c_lld_abort_operation
                         0x800'04c5    0x56  Code  Lc  hal_i2c_lld.o [1]
i2c_lld_init             0x800'08dd    0x34  Code  Gb  hal_i2c_lld.o [1]
i2c_lld_master_receive_timeout
                         0x800'0ab9    0xd2  Code  Gb  hal_i2c_lld.o [1]
i2c_lld_master_transmit_timeout
                         0x800'0b8b   0x132  Code  Gb  hal_i2c_lld.o [1]
i2c_lld_serve_error_interrupt
                         0x800'0789    0xdc  Code  Lc  hal_i2c_lld.o [1]
i2c_lld_serve_event_interrupt
                         0x800'05dd   0x114  Code  Lc  hal_i2c_lld.o [1]
i2c_lld_serve_rx_end_irq
                         0x800'06f1    0x5e  Code  Lc  hal_i2c_lld.o [1]
i2c_lld_serve_tx_end_irq
                         0x800'074f    0x3a  Code  Lc  hal_i2c_lld.o [1]
i2c_lld_set_clock        0x800'051b    0x8c  Code  Lc  hal_i2c_lld.o [1]
i2c_lld_set_opmode       0x800'05a7    0x36  Code  Lc  hal_i2c_lld.o [1]
i2c_lld_start            0x800'0911   0x112  Code  Gb  hal_i2c_lld.o [1]
i2c_lld_stop             0x800'0a23    0x62  Code  Gb  hal_i2c_lld.o [1]
i2ccfg                   0x800'6b88     0xc  Data  Lc  task_ad.o [1]
iir_insert               0x800'4e99    0x2c  Code  Gb  iir.o [1]
init_config              0x800'483d   0x280  Code  Lc  task_ad.o [1]
init_config              0x800'578d    0x2e  Code  Lc  task_binProtocolw.o [1]
iqGetTimeout             0x800'55b3    0x56  Code  Gb  hal_queues.o [1]
iqObjectInit             0x800'553d    0x30  Code  Gb  hal_queues.o [1]
iqPutI                   0x800'556d    0x46  Code  Gb  hal_queues.o [1]
iqReadTimeout            0x800'5609    0x5c  Code  Gb  hal_queues.o [1]
iq_read                  0x800'5459    0x6e  Code  Lc  hal_queues.o [1]
irqInit                  0x800'6209    0x3c  Code  Gb  stm32_isr.o [1]
is_bounded               0x800'6503     0xc  Code  Gb  app_wdaq.o [1]
list_init                0x800'0f31     0x4  Code  Lc  chthreads.o [1]
list_insert              0x800'0f5b     0x8  Code  Lc  chthreads.o [1]
list_notempty            0x800'0f35    0x10  Code  Lc  chthreads.o [1]
list_remove              0x800'0f63     0xa  Code  Lc  chthreads.o [1]
load_dataflash_default   0x800'2e99    0x28  Code  Lc  database.o [1]
load_type_param          0x800'2f9b    0xa0  Code  Lc  database.o [1]
main                     0x800'650f    0x68  Code  Gb  app_wdaq.o [1]
memcpy                   0x800'38dd     0xc  Code  Gb  memcpy.o [4]
notify1                  0x800'5f8f     0xc  Code  Lc  hal_serial_lld.o [1]
nvicDisableVector        0x800'17ff    0x1a  Code  Gb  nvic.o [1]
nvicEnableVector         0x800'17d1    0x2e  Code  Gb  nvic.o [1]
nvmFlashReadPage         0x800'3571    0x18  Code  Gb  nvm.o [1]
nvmFlashWritePage        0x800'3589    0x28  Code  Gb  nvm.o [1]
nvm_flash_read           0x800'35b1    0x1c  Code  Gb  nvm.o [1]
nvm_flash_write          0x800'35cd    0xdc  Code  Gb  nvm.o [1]
oqGetI                   0x800'56e9    0x48  Code  Gb  hal_queues.o [1]
oqObjectInit             0x800'5665    0x2e  Code  Gb  hal_queues.o [1]
oqPutTimeout             0x800'5693    0x56  Code  Gb  hal_queues.o [1]
oqWriteTimeout           0x800'5731    0x5c  Code  Gb  hal_queues.o [1]
oq_write                 0x800'54c7    0x76  Code  Lc  hal_queues.o [1]
osalEventBroadcastFlagsI
                         0x800'5b15     0x8  Code  Lc  hal_serial.o [1]
osalEventBroadcastFlagsI
                         0x800'5e11     0x8  Code  Lc  hal_serial_lld.o [1]
osalEventObjectInit      0x800'5b0d     0x8  Code  Lc  hal_serial.o [1]
osalInit                 0x800'6595     0x2  Code  Lc  hal.o [1]
osalMutexLock            0x800'143d     0x8  Code  Lc  hal_i2c.o [1]
osalMutexLock            0x800'412d     0x8  Code  Lc  hal_spi.o [1]
osalMutexObjectInit      0x800'66b5     0x8  Code  Lc  hal_adc.o [1]
osalMutexObjectInit      0x800'1435     0x8  Code  Lc  hal_i2c.o [1]
osalMutexObjectInit      0x800'4125     0x8  Code  Lc  hal_spi.o [1]
osalMutexUnlock          0x800'1445     0x8  Code  Lc  hal_i2c.o [1]
osalMutexUnlock          0x800'4135     0x8  Code  Lc  hal_spi.o [1]
osalOsGetSystemTimeX     0x800'0495     0x8  Code  Lc  hal_i2c_lld.o [1]
osalOsTimerHandlerI      0x800'1855     0x8  Code  Lc  hal_st_lld.o [1]
osalSysHalt              0x800'046d     0x8  Code  Lc  hal_i2c_lld.o [1]
osalSysHalt              0x800'44f9     0x8  Code  Lc  hal_spi_lld.o [1]
osalSysLock              0x800'3b49     0x8  Code  Lc  ad7124.o [1]
osalSysLock              0x800'1425     0x8  Code  Lc  hal_i2c.o [1]
osalSysLock              0x800'0475     0x8  Code  Lc  hal_i2c_lld.o [1]
osalSysLock              0x800'5431     0x8  Code  Lc  hal_queues.o [1]
osalSysLock              0x800'5afd     0x8  Code  Lc  hal_serial.o [1]
osalSysLock              0x800'4109     0x8  Code  Lc  hal_spi.o [1]
osalSysLockFromISR       0x800'0485     0x8  Code  Lc  hal_i2c_lld.o [1]
osalSysLockFromISR       0x800'5e01     0x8  Code  Lc  hal_serial_lld.o [1]
osalSysLockFromISR       0x800'4501     0x8  Code  Lc  hal_spi_lld.o [1]
osalSysLockFromISR       0x800'1845     0x8  Code  Lc  hal_st_lld.o [1]
osalSysLockFromISR       0x800'21c5     0x8  Code  Lc  hal_usb.o [1]
osalSysUnlock            0x800'3b51     0x8  Code  Lc  ad7124.o [1]
osalSysUnlock            0x800'142d     0x8  Code  Lc  hal_i2c.o [1]
osalSysUnlock            0x800'047d     0x8  Code  Lc  hal_i2c_lld.o [1]
osalSysUnlock            0x800'5439     0x8  Code  Lc  hal_queues.o [1]
osalSysUnlock            0x800'5b05     0x8  Code  Lc  hal_serial.o [1]
osalSysUnlock            0x800'4111     0x8  Code  Lc  hal_spi.o [1]
osalSysUnlockFromISR     0x800'048d     0x8  Code  Lc  hal_i2c_lld.o [1]
osalSysUnlockFromISR     0x800'5e09     0x8  Code  Lc  hal_serial_lld.o [1]
osalSysUnlockFromISR     0x800'4509     0x8  Code  Lc  hal_spi_lld.o [1]
osalSysUnlockFromISR     0x800'184d     0x8  Code  Lc  hal_st_lld.o [1]
osalSysUnlockFromISR     0x800'21cd     0x8  Code  Lc  hal_usb.o [1]
osalThreadDequeueNextI   0x800'5451     0x8  Code  Lc  hal_queues.o [1]
osalThreadEnqueueTimeoutS
                         0x800'5449     0x8  Code  Lc  hal_queues.o [1]
osalThreadQueueObjectInit
                         0x800'5441     0x8  Code  Lc  hal_queues.o [1]
osalThreadResumeI        0x800'04bd     0x8  Code  Lc  hal_i2c_lld.o [1]
osalThreadResumeI        0x800'4511     0x8  Code  Lc  hal_spi_lld.o [1]
osalThreadSleep          0x800'5c57     0x8  Code  Lc  bin_protocol.o [1]
osalThreadSuspendS       0x800'4119     0xc  Code  Lc  hal_spi.o [1]
osalThreadSuspendTimeoutS
                         0x800'04b5     0x8  Code  Lc  hal_i2c_lld.o [1]
osalTimeAddX             0x800'049d     0xa  Code  Lc  hal_i2c_lld.o [1]
osalTimeIsInRangeX       0x800'04a7     0xe  Code  Lc  hal_i2c_lld.o [1]
palSetLineCallbackI      0x800'4309    0x10  Code  Gb  hal_pal.o [1]
pal_default_config       0x800'69e4    0x3c  Data  Gb  board.o [1]
pca9555                 0x2000'42b4     0x8  Data  Lc  task_ad.o [1]
pca9555_config          0x2000'0444     0xc  Data  Lc  task_ad.o [1]
pca9555_init             0x800'4de7    0x40  Code  Gb  pca9555.o [1]
pca9555_set_direction    0x800'4da3    0x22  Code  Lc  pca9555.o [1]
pca9555_set_initvalue    0x800'4dc5    0x22  Code  Lc  pca9555.o [1]
pca9555_write            0x800'4e27    0x70  Code  Gb  pca9555.o [1]
pg                      0x2000'3a54   0x800  Data  Lc  nvm.o [1]
port_init                0x800'135b    0x3a  Code  Gb  chcore_v7m.o [1]
port_timer_get_time      0x800'0dd3     0x8  Code  Lc  chsys.o [1]
port_timer_get_time      0x800'1e29     0x8  Code  Lc  chvt.o [1]
port_timer_get_time      0x800'0425     0x8  Code  Lc  hal_i2c_lld.o [1]
port_timer_set_alarm     0x800'0dc9     0xa  Code  Lc  chsys.o [1]
port_timer_set_alarm     0x800'1e1f     0xa  Code  Lc  chvt.o [1]
port_timer_start_alarm   0x800'1e0d     0xa  Code  Lc  chvt.o [1]
port_timer_stop_alarm    0x800'0dc1     0x8  Code  Lc  chsys.o [1]
port_timer_stop_alarm    0x800'1e17     0x8  Code  Lc  chvt.o [1]
procAD7124               0x800'4ac1   0x1da  Code  Lc  task_ad.o [1]
procOperation            0x800'645f    0x68  Code  Lc  app_wdaq.o [1]
queue_dequeue            0x800'203b     0xe  Code  Lc  chmtx.o [1]
queue_dequeue            0x800'1b79     0xe  Code  Lc  chschd.o [1]
queue_fifo_remove        0x800'202d     0xe  Code  Lc  chmtx.o [1]
queue_fifo_remove        0x800'1b6b     0xe  Code  Lc  chschd.o [1]
queue_fifo_remove        0x800'0f7b     0xe  Code  Lc  chthreads.o [1]
queue_init               0x800'1ff5     0x6  Code  Lc  chmtx.o [1]
queue_init               0x800'1b65     0x6  Code  Lc  chschd.o [1]
queue_init               0x800'0f45     0x6  Code  Lc  chthreads.o [1]
queue_init               0x800'5407     0x6  Code  Lc  hal_queues.o [1]
queue_insert             0x800'0f6d     0xe  Code  Lc  chthreads.o [1]
queue_notempty           0x800'1ffb    0x10  Code  Lc  chmtx.o [1]
queue_notempty           0x800'0f4b    0x10  Code  Lc  chthreads.o [1]
queue_prio_insert        0x800'200b    0x22  Code  Lc  chmtx.o [1]
read_register            0x800'4d05    0x4a  Code  Lc  pca9555.o [1]
registerRead             0x800'3be1    0x3e  Code  Gb  ad7124.o [1]
registerReadNCS          0x800'3c1f    0x2e  Code  Gb  ad7124.o [1]
registerWrite            0x800'3c4d    0x3a  Code  Gb  ad7124.o [1]
registerWriteNCS         0x800'3c87    0x32  Code  Gb  ad7124.o [1]
release_spi              0x800'3bcb    0x16  Code  Lc  ad7124.o [1]
runTime                 0x2000'2548     0x8  Data  Lc  app_wdaq.o [1]
runTime                 0x2000'42bc    0x88  Data  Lc  task_ad.o [1]
save_on_write           0x2000'04a0     0x1  Data  Lc  database.o [1]
save_type_param          0x800'2ec1    0xda  Code  Lc  database.o [1]
sdIncomingDataI          0x800'5bf5    0x30  Code  Gb  hal_serial.o [1]
sdInit                   0x800'5b91     0x8  Code  Gb  hal_serial.o [1]
sdObjectInit             0x800'5b99    0x3c  Code  Gb  hal_serial.o [1]
sdStart                  0x800'5bd9    0x1c  Code  Gb  hal_serial.o [1]
sd_lld_init              0x800'5fad    0x16  Code  Gb  hal_serial_lld.o [1]
sd_lld_start             0x800'5fc3    0x36  Code  Gb  hal_serial_lld.o [1]
sduInit                  0x800'66f9     0x2  Code  Gb  hal_serial_usb.o [1]
send_packet              0x800'5a59    0x5e  Code  Gb  task_binProtocolw.o [1]
serialCfg               0x2000'0488     0xc  Data  Lc  task_binProtocolw.o [1]
serve_interrupt          0x800'5ebf    0xd0  Code  Lc  hal_serial_lld.o [1]
set_address              0x800'21e5    0x2a  Code  Lc  hal_usb.o [1]
set_error                0x800'5e91    0x2e  Code  Lc  hal_serial_lld.o [1]
setups                  0x2000'0400    0x24  Data  Lc  task_ad.o [1]
shellGetCommand          0x800'5cf9    0x88  Code  Lc  bin_protocol.o [1]
spiAcquireBus            0x800'41e3     0xa  Code  Gb  hal_spi.o [1]
spiInit                  0x800'413d     0x8  Code  Gb  hal_spi.o [1]
spiObjectInit            0x800'4145    0x16  Code  Gb  hal_spi.o [1]
spiReceive               0x800'41bb    0x28  Code  Gb  hal_spi.o [1]
spiReleaseBus            0x800'41ed     0xa  Code  Gb  hal_spi.o [1]
spiSend                  0x800'4193    0x28  Code  Gb  hal_spi.o [1]
spiStart                 0x800'415b    0x1c  Code  Gb  hal_spi.o [1]
spiStop                  0x800'4177    0x1c  Code  Gb  hal_spi.o [1]
spi_lld_init             0x800'45ef    0x24  Code  Gb  hal_spi_lld.o [1]
spi_lld_receive          0x800'4787    0x50  Code  Gb  hal_spi_lld.o [1]
spi_lld_send             0x800'4733    0x54  Code  Gb  hal_spi_lld.o [1]
spi_lld_serve_rx_interrupt
                         0x800'4519    0xc8  Code  Lc  hal_spi_lld.o [1]
spi_lld_serve_tx_interrupt
                         0x800'45e1     0xe  Code  Lc  hal_spi_lld.o [1]
spi_lld_start            0x800'4613    0xd6  Code  Gb  hal_spi_lld.o [1]
spi_lld_stop             0x800'46e9    0x4a  Code  Gb  hal_spi_lld.o [1]
spicfg                   0x800'6b34    0x14  Data  Lc  task_ad.o [1]
stGetCounter             0x800'0d1d     0x8  Code  Gb  hal_st.o [1]
stInit                   0x800'0cf9     0x8  Code  Gb  hal_st.o [1]
stSetAlarm               0x800'0d13     0xa  Code  Gb  hal_st.o [1]
stStartAlarm             0x800'0d01     0xa  Code  Gb  hal_st.o [1]
stStopAlarm              0x800'0d0b     0x8  Code  Gb  hal_st.o [1]
st_lld_get_counter       0x800'0cbd     0x8  Code  Lc  hal_st.o [1]
st_lld_init              0x800'186d    0x58  Code  Gb  hal_st_lld.o [1]
st_lld_serve_interrupt   0x800'18e9    0x26  Code  Gb  hal_st_lld.o [1]
st_lld_set_alarm         0x800'0ce1     0x8  Code  Lc  hal_st.o [1]
st_lld_start_alarm       0x800'0cc5    0x14  Code  Lc  hal_st.o [1]
st_lld_stop_alarm        0x800'0cd9     0x8  Code  Lc  hal_st.o [1]
start_transfer           0x800'64c7    0x20  Code  Gb  app_wdaq.o [1]
stm32_clock_init         0x800'6623    0x70  Code  Gb  hal_lld.o [1]
stop_transfer            0x800'64e7    0x1c  Code  Gb  app_wdaq.o [1]
strcmp                   0x800'53f5          Code  Gb  strcmp.o [4]
task_binProtocolInitw    0x800'57bb    0xa2  Code  Gb  task_binProtocolw.o [1]
tm_stop                  0x800'1911    0x3c  Code  Lc  chtm.o [1]
usart_init               0x800'5e19    0x78  Code  Lc  hal_serial_lld.o [1]
usbDisableEndpointsI     0x800'24ff    0x2a  Code  Gb  hal_usb.o [1]
usbInit                  0x800'24cb     0x8  Code  Gb  hal_usb.o [1]
usbObjectInit            0x800'24d3    0x2c  Code  Gb  hal_usb.o [1]
usbStartReceiveI         0x800'2529    0x28  Code  Gb  hal_usb.o [1]
usbStartTransmitI        0x800'2551    0x28  Code  Gb  hal_usb.o [1]
usb_lld_clear_in         0x800'2e2f    0x32  Code  Gb  hal_usb_lld.o [1]
usb_lld_clear_out        0x800'2dff    0x30  Code  Gb  hal_usb_lld.o [1]
usb_lld_disable_endpoints
                         0x800'2c69    0x26  Code  Gb  hal_usb_lld.o [1]
usb_lld_get_status_in    0x800'2cb3    0x22  Code  Gb  hal_usb_lld.o [1]
usb_lld_get_status_out   0x800'2c8f    0x24  Code  Gb  hal_usb_lld.o [1]
usb_lld_init             0x800'2af9     0xc  Code  Gb  hal_usb_lld.o [1]
usb_lld_init_endpoint    0x800'2b5b   0x10e  Code  Gb  hal_usb_lld.o [1]
usb_lld_read_setup       0x800'2cd5    0x28  Code  Gb  hal_usb_lld.o [1]
usb_lld_reset            0x800'2b05    0x48  Code  Gb  hal_usb_lld.o [1]
usb_lld_set_address      0x800'2b4d     0xe  Code  Gb  hal_usb_lld.o [1]
usb_lld_stall_in         0x800'2ddd    0x22  Code  Gb  hal_usb_lld.o [1]
usb_lld_stall_out        0x800'2dbb    0x22  Code  Gb  hal_usb_lld.o [1]
usb_lld_start_in         0x800'2d5f    0x5c  Code  Gb  hal_usb_lld.o [1]
usb_lld_start_out        0x800'2cfd    0x62  Code  Gb  hal_usb_lld.o [1]
usb_packet_read_to_buffer
                         0x800'2889    0x44  Code  Lc  hal_usb_lld.o [1]
usb_packet_write_from_buffer
                         0x800'28cd    0x3a  Code  Lc  hal_usb_lld.o [1]
usb_pm_alloc             0x800'2871    0x18  Code  Lc  hal_usb_lld.o [1]
usb_pm_reset             0x800'2869     0x8  Code  Lc  hal_usb_lld.o [1]
usb_serve_endpoints      0x800'2907   0x15c  Code  Lc  hal_usb_lld.o [1]
vmt                      0x800'6a58    0x28  Data  Lc  hal_serial.o [1]
waAD7124                0x2000'0a68   0x970  Data  Lc  task_ad.o [1]
waOperation             0x2000'04a8   0x370  Data  Lc  app_wdaq.o [1]
waShell                 0x2000'13d8  0x1170  Data  Lc  task_binProtocolw.o [1]
wakeup                   0x800'1c65    0x50  Code  Lc  chschd.o [1]
write_register           0x800'4d4f    0x54  Code  Lc  pca9555.o [1]
zero_status              0x800'21a6     0x2  Data  Lc  hal_usb.o [1]


[1] = D:\SourceRespo\IAR_SRC_WS\RemoteIO\WDAQ\Obj
[2] = dl7M_tln.a
[3] = m7M_tls.a
[4] = rt7M_tl.a
[5] = shb_l.a

  25 820 bytes of readonly  code memory
   1 217 bytes of readonly  data memory (+ 8 absolute)
  21 594 bytes of readwrite data memory

Errors: none
Warnings: none
